[0.016s] Invoking command in '/home/sonvu/ur_ws/build/ur_calibration': AMENT_PREFIX_PATH=/home/sonvu/ur_ws/install/ur_robot_driver:/home/sonvu/ur_ws/install/ur_controllers:/home/sonvu/ur_ws/install/ur_dashboard_msgs:${AMENT_PREFIX_PATH} CMAKE_PREFIX_PATH=/home/sonvu/ur_ws/install/ur_robot_driver:/home/sonvu/ur_ws/install/ur_controllers:/home/sonvu/ur_ws/install/ur_dashboard_msgs:/home/sonvu/rtablc_base/install/rtablc_experiment:/opt/ros/humble LD_LIBRARY_PATH=/home/sonvu/ur_ws/install/ur_robot_driver/lib:/home/sonvu/ur_ws/install/ur_controllers/lib:/home/sonvu/ur_ws/install/ur_dashboard_msgs/lib:${LD_LIBRARY_PATH} PATH=/home/sonvu/ur_ws/install/ur_robot_driver/bin:${PATH} PYTHONPATH=/home/sonvu/ur_ws/install/ur_robot_driver/local/lib/python3.10/dist-packages:/home/sonvu/ur_ws/install/ur_dashboard_msgs/local/lib/python3.10/dist-packages:${PYTHONPATH} /usr/bin/cmake /home/sonvu/ur_ws/src/Universal_Robots_ROS2_Driver/ur_calibration -DAMENT_CMAKE_SYMLINK_INSTALL=1 -DCMAKE_INSTALL_PREFIX=/home/sonvu/ur_ws/install/ur_calibration
[0.166s] -- The C compiler identification is GNU 11.4.0
[0.216s] -- The CXX compiler identification is GNU 11.4.0
[0.222s] -- Detecting C compiler ABI info
[0.314s] -- Detecting C compiler ABI info - done
[0.319s] -- Check for working C compiler: /usr/bin/cc - skipped
[0.319s] -- Detecting C compile features
[0.319s] -- Detecting C compile features - done
[0.321s] -- Detecting CXX compiler ABI info
[0.415s] -- Detecting CXX compiler ABI info - done
[0.433s] -- Check for working CXX compiler: /usr/bin/c++ - skipped
[0.434s] -- Detecting CXX compile features
[0.435s] -- Detecting CXX compile features - done
[0.436s] [0mur_calibration: You did not request a specific build type: selecting 'RelWithDebInfo'.[0m
[0.439s] -- Found ament_cmake: 1.3.14 (/opt/ros/humble/share/ament_cmake/cmake)
[0.558s] -- Found Python3: /usr/bin/python3 (found version "3.10.12") found components: Interpreter 
[0.608s] -- Override CMake install command with custom implementation using symlinks instead of copying resources
[0.633s] -- Found rclcpp: 16.0.19 (/opt/ros/humble/share/rclcpp/cmake)
[0.665s] -- Found rosidl_generator_c: 3.1.8 (/opt/ros/humble/share/rosidl_generator_c/cmake)
[0.669s] -- Found rosidl_adapter: 3.1.8 (/opt/ros/humble/share/rosidl_adapter/cmake)
[0.675s] -- Found rosidl_generator_cpp: 3.1.8 (/opt/ros/humble/share/rosidl_generator_cpp/cmake)
[0.684s] -- Using all available rosidl_typesupport_c: rosidl_typesupport_fastrtps_c;rosidl_typesupport_introspection_c
[0.696s] -- Using all available rosidl_typesupport_cpp: rosidl_typesupport_fastrtps_cpp;rosidl_typesupport_introspection_cpp
[0.729s] -- Found rmw_implementation_cmake: 6.1.2 (/opt/ros/humble/share/rmw_implementation_cmake/cmake)
[0.731s] -- Found rmw_fastrtps_cpp: 6.2.10 (/opt/ros/humble/share/rmw_fastrtps_cpp/cmake)
[0.858s] -- Found OpenSSL: /usr/lib/x86_64-linux-gnu/libcrypto.so (found version "3.0.2")  
[0.889s] -- Found FastRTPS: /opt/ros/humble/include  
[0.918s] -- Using RMW implementation 'rmw_fastrtps_cpp' as default
[0.925s] -- Looking for pthread.h
[1.004s] -- Looking for pthread.h - found
[1.006s] -- Performing Test CMAKE_HAVE_LIBC_PTHREAD
[1.183s] -- Performing Test CMAKE_HAVE_LIBC_PTHREAD - Success
[1.184s] -- Found Threads: TRUE  
[1.229s] -- Found ur_robot_driver: 2.15.0 (/home/sonvu/ur_ws/install/ur_robot_driver/share/ur_robot_driver/cmake)
[1.388s] -- Found eigen3_cmake_module: 0.1.1 (/opt/ros/humble/share/eigen3_cmake_module/cmake)
[1.389s] -- Found Eigen3: TRUE (found version "3.4.0") 
[1.389s] -- Ensuring Eigen3 include directory is part of orocos-kdl CMake target
[1.476s] -- Found yaml_cpp_vendor: 8.0.2 (/opt/ros/humble/share/yaml_cpp_vendor/cmake)
[1.506s] -- Found ament_cmake_gmock: 1.3.14 (/opt/ros/humble/share/ament_cmake_gmock/cmake)
[1.508s] -- Found gmock sources under '/opt/ros/humble/src/gmock_vendor': C++ tests using 'Google Mock' will be built
[1.512s] -- Found ament_cmake_gtest: 1.3.14 (/opt/ros/humble/share/ament_cmake_gtest/cmake)
[1.512s] -- Found gtest sources under '/opt/ros/humble/src/gtest_vendor': C++ tests using 'Google Test' will be built
[1.559s] -- Configuring done
[1.628s] -- Generating done
[1.636s] -- Build files have been written to: /home/sonvu/ur_ws/build/ur_calibration
[1.645s] Invoked command in '/home/sonvu/ur_ws/build/ur_calibration' returned '0': AMENT_PREFIX_PATH=/home/sonvu/ur_ws/install/ur_robot_driver:/home/sonvu/ur_ws/install/ur_controllers:/home/sonvu/ur_ws/install/ur_dashboard_msgs:${AMENT_PREFIX_PATH} CMAKE_PREFIX_PATH=/home/sonvu/ur_ws/install/ur_robot_driver:/home/sonvu/ur_ws/install/ur_controllers:/home/sonvu/ur_ws/install/ur_dashboard_msgs:/home/sonvu/rtablc_base/install/rtablc_experiment:/opt/ros/humble LD_LIBRARY_PATH=/home/sonvu/ur_ws/install/ur_robot_driver/lib:/home/sonvu/ur_ws/install/ur_controllers/lib:/home/sonvu/ur_ws/install/ur_dashboard_msgs/lib:${LD_LIBRARY_PATH} PATH=/home/sonvu/ur_ws/install/ur_robot_driver/bin:${PATH} PYTHONPATH=/home/sonvu/ur_ws/install/ur_robot_driver/local/lib/python3.10/dist-packages:/home/sonvu/ur_ws/install/ur_dashboard_msgs/local/lib/python3.10/dist-packages:${PYTHONPATH} /usr/bin/cmake /home/sonvu/ur_ws/src/Universal_Robots_ROS2_Driver/ur_calibration -DAMENT_CMAKE_SYMLINK_INSTALL=1 -DCMAKE_INSTALL_PREFIX=/home/sonvu/ur_ws/install/ur_calibration
[1.646s] Invoking command in '/home/sonvu/ur_ws/build/ur_calibration': AMENT_PREFIX_PATH=/home/sonvu/ur_ws/install/ur_robot_driver:/home/sonvu/ur_ws/install/ur_controllers:/home/sonvu/ur_ws/install/ur_dashboard_msgs:${AMENT_PREFIX_PATH} CMAKE_PREFIX_PATH=/home/sonvu/ur_ws/install/ur_robot_driver:/home/sonvu/ur_ws/install/ur_controllers:/home/sonvu/ur_ws/install/ur_dashboard_msgs:/home/sonvu/rtablc_base/install/rtablc_experiment:/opt/ros/humble LD_LIBRARY_PATH=/home/sonvu/ur_ws/install/ur_robot_driver/lib:/home/sonvu/ur_ws/install/ur_controllers/lib:/home/sonvu/ur_ws/install/ur_dashboard_msgs/lib:${LD_LIBRARY_PATH} PATH=/home/sonvu/ur_ws/install/ur_robot_driver/bin:${PATH} PYTHONPATH=/home/sonvu/ur_ws/install/ur_robot_driver/local/lib/python3.10/dist-packages:/home/sonvu/ur_ws/install/ur_dashboard_msgs/local/lib/python3.10/dist-packages:${PYTHONPATH} /usr/bin/cmake --build /home/sonvu/ur_ws/build/ur_calibration -- -j16 -l16
[1.696s] [  8%] [32mBuilding CXX object gmock/CMakeFiles/gmock.dir/opt/ros/humble/src/gtest_vendor/src/gtest-all.cc.o[0m
[1.697s] [ 16%] [32mBuilding CXX object gmock/CMakeFiles/gmock.dir/src/gmock-all.cc.o[0m
[1.711s] [ 25%] [32mBuilding CXX object CMakeFiles/calibration.dir/src/calibration_consumer.cpp.o[0m
[1.713s] [ 33%] [32mBuilding CXX object gmock/CMakeFiles/gmock_main.dir/src/gmock_main.cc.o[0m
[1.720s] [ 41%] [32mBuilding CXX object CMakeFiles/calibration.dir/src/calibration.cpp.o[0m
[2.568s] [ 50%] [32m[1mLinking CXX static library libgmock_main.a[0m
[2.609s] [ 50%] Built target gmock_main
[7.345s] [ 58%] [32m[1mLinking CXX static library libcalibration.a[0m
[7.425s] [ 58%] Built target calibration
[7.442s] [ 66%] [32mBuilding CXX object CMakeFiles/calibration_correction.dir/src/calibration_correction.cpp.o[0m
[7.801s] [ 75%] [32m[1mLinking CXX static library libgmock.a[0m
[7.886s] [ 75%] Built target gmock
[7.906s] [ 83%] [32mBuilding CXX object CMakeFiles/calibration_test.dir/test/calibration_test.cpp.o[0m
[11.697s] [ 91%] [32m[1mLinking CXX executable calibration_correction[0m
[11.974s] [ 91%] Built target calibration_correction
[13.248s] [100%] [32m[1mLinking CXX executable calibration_test[0m
[13.501s] [100%] Built target calibration_test
[13.520s] Invoked command in '/home/sonvu/ur_ws/build/ur_calibration' returned '0': AMENT_PREFIX_PATH=/home/sonvu/ur_ws/install/ur_robot_driver:/home/sonvu/ur_ws/install/ur_controllers:/home/sonvu/ur_ws/install/ur_dashboard_msgs:${AMENT_PREFIX_PATH} CMAKE_PREFIX_PATH=/home/sonvu/ur_ws/install/ur_robot_driver:/home/sonvu/ur_ws/install/ur_controllers:/home/sonvu/ur_ws/install/ur_dashboard_msgs:/home/sonvu/rtablc_base/install/rtablc_experiment:/opt/ros/humble LD_LIBRARY_PATH=/home/sonvu/ur_ws/install/ur_robot_driver/lib:/home/sonvu/ur_ws/install/ur_controllers/lib:/home/sonvu/ur_ws/install/ur_dashboard_msgs/lib:${LD_LIBRARY_PATH} PATH=/home/sonvu/ur_ws/install/ur_robot_driver/bin:${PATH} PYTHONPATH=/home/sonvu/ur_ws/install/ur_robot_driver/local/lib/python3.10/dist-packages:/home/sonvu/ur_ws/install/ur_dashboard_msgs/local/lib/python3.10/dist-packages:${PYTHONPATH} /usr/bin/cmake --build /home/sonvu/ur_ws/build/ur_calibration -- -j16 -l16
[13.524s] Invoking command in '/home/sonvu/ur_ws/build/ur_calibration': AMENT_PREFIX_PATH=/home/sonvu/ur_ws/install/ur_robot_driver:/home/sonvu/ur_ws/install/ur_controllers:/home/sonvu/ur_ws/install/ur_dashboard_msgs:${AMENT_PREFIX_PATH} CMAKE_PREFIX_PATH=/home/sonvu/ur_ws/install/ur_robot_driver:/home/sonvu/ur_ws/install/ur_controllers:/home/sonvu/ur_ws/install/ur_dashboard_msgs:/home/sonvu/rtablc_base/install/rtablc_experiment:/opt/ros/humble LD_LIBRARY_PATH=/home/sonvu/ur_ws/install/ur_robot_driver/lib:/home/sonvu/ur_ws/install/ur_controllers/lib:/home/sonvu/ur_ws/install/ur_dashboard_msgs/lib:${LD_LIBRARY_PATH} PATH=/home/sonvu/ur_ws/install/ur_robot_driver/bin:${PATH} PYTHONPATH=/home/sonvu/ur_ws/install/ur_robot_driver/local/lib/python3.10/dist-packages:/home/sonvu/ur_ws/install/ur_dashboard_msgs/local/lib/python3.10/dist-packages:${PYTHONPATH} /usr/bin/cmake --install /home/sonvu/ur_ws/build/ur_calibration
[13.550s] -- Install configuration: "RelWithDebInfo"
[13.551s] -- Execute custom install script
[13.551s] -- Symlinking: /home/sonvu/ur_ws/install/ur_calibration/lib/ur_calibration/calibration_correction
[13.564s] -- Symlinking: /home/sonvu/ur_ws/install/ur_calibration/include/ur_calibration/calibration.hpp
[13.575s] -- Symlinking: /home/sonvu/ur_ws/install/ur_calibration/include/ur_calibration/calibration_consumer.hpp
[13.605s] -- Symlinking: /home/sonvu/ur_ws/install/ur_calibration/share/ur_calibration/launch/calibration_correction.launch.py
[13.639s] -- Symlinking: /home/sonvu/ur_ws/install/ur_calibration/share/ament_index/resource_index/package_run_dependencies/ur_calibration
[13.671s] -- Symlinking: /home/sonvu/ur_ws/install/ur_calibration/share/ament_index/resource_index/parent_prefix_path/ur_calibration
[13.690s] -- Symlinking: /home/sonvu/ur_ws/install/ur_calibration/share/ur_calibration/environment/ament_prefix_path.sh
[13.711s] -- Symlinking: /home/sonvu/ur_ws/install/ur_calibration/share/ur_calibration/environment/ament_prefix_path.dsv
[13.727s] -- Symlinking: /home/sonvu/ur_ws/install/ur_calibration/share/ur_calibration/environment/path.sh
[13.742s] -- Symlinking: /home/sonvu/ur_ws/install/ur_calibration/share/ur_calibration/environment/path.dsv
[13.765s] -- Symlinking: /home/sonvu/ur_ws/install/ur_calibration/share/ur_calibration/local_setup.bash
[13.775s] -- Symlinking: /home/sonvu/ur_ws/install/ur_calibration/share/ur_calibration/local_setup.sh
[13.785s] -- Symlinking: /home/sonvu/ur_ws/install/ur_calibration/share/ur_calibration/local_setup.zsh
[13.801s] -- Symlinking: /home/sonvu/ur_ws/install/ur_calibration/share/ur_calibration/local_setup.dsv
[13.828s] -- Symlinking: /home/sonvu/ur_ws/install/ur_calibration/share/ur_calibration/package.dsv
[13.849s] -- Symlinking: /home/sonvu/ur_ws/install/ur_calibration/share/ament_index/resource_index/packages/ur_calibration
[13.871s] -- Symlinking: /home/sonvu/ur_ws/install/ur_calibration/share/ur_calibration/cmake/ament_cmake_export_include_directories-extras.cmake
[13.888s] -- Symlinking: /home/sonvu/ur_ws/install/ur_calibration/share/ur_calibration/cmake/ament_cmake_export_dependencies-extras.cmake
[13.907s] -- Symlinking: /home/sonvu/ur_ws/install/ur_calibration/share/ur_calibration/cmake/ur_calibrationConfig.cmake
[13.922s] -- Symlinking: /home/sonvu/ur_ws/install/ur_calibration/share/ur_calibration/cmake/ur_calibrationConfig-version.cmake
[13.932s] -- Symlinking: /home/sonvu/ur_ws/install/ur_calibration/share/ur_calibration/package.xml
[13.947s] Invoked command in '/home/sonvu/ur_ws/build/ur_calibration' returned '0': AMENT_PREFIX_PATH=/home/sonvu/ur_ws/install/ur_robot_driver:/home/sonvu/ur_ws/install/ur_controllers:/home/sonvu/ur_ws/install/ur_dashboard_msgs:${AMENT_PREFIX_PATH} CMAKE_PREFIX_PATH=/home/sonvu/ur_ws/install/ur_robot_driver:/home/sonvu/ur_ws/install/ur_controllers:/home/sonvu/ur_ws/install/ur_dashboard_msgs:/home/sonvu/rtablc_base/install/rtablc_experiment:/opt/ros/humble LD_LIBRARY_PATH=/home/sonvu/ur_ws/install/ur_robot_driver/lib:/home/sonvu/ur_ws/install/ur_controllers/lib:/home/sonvu/ur_ws/install/ur_dashboard_msgs/lib:${LD_LIBRARY_PATH} PATH=/home/sonvu/ur_ws/install/ur_robot_driver/bin:${PATH} PYTHONPATH=/home/sonvu/ur_ws/install/ur_robot_driver/local/lib/python3.10/dist-packages:/home/sonvu/ur_ws/install/ur_dashboard_msgs/local/lib/python3.10/dist-packages:${PYTHONPATH} /usr/bin/cmake --install /home/sonvu/ur_ws/build/ur_calibration
