[0.022s] Invoking command in '/home/sonvu/ur_ws/build/ur': AMENT_PREFIX_PATH=/home/sonvu/ur_ws/install/ur_calibration:/home/sonvu/ur_ws/install/ur_robot_driver:/home/sonvu/ur_ws/install/ur_controllers:/home/sonvu/ur_ws/install/ur_moveit_config:/home/sonvu/ur_ws/install/ur_dashboard_msgs:${AMENT_PREFIX_PATH} CMAKE_PREFIX_PATH=/home/sonvu/ur_ws/install/ur_calibration:/home/sonvu/ur_ws/install/ur_robot_driver:/home/sonvu/ur_ws/install/ur_controllers:/home/sonvu/ur_ws/install/ur_moveit_config:/home/sonvu/ur_ws/install/ur_dashboard_msgs:/home/sonvu/rtablc_base/install/rtablc_experiment:/opt/ros/humble LD_LIBRARY_PATH=/home/sonvu/ur_ws/install/ur_robot_driver/lib:/home/sonvu/ur_ws/install/ur_controllers/lib:/home/sonvu/ur_ws/install/ur_dashboard_msgs/lib:${LD_LIBRARY_PATH} PATH=/home/sonvu/ur_ws/install/ur_robot_driver/bin:${PATH} PYTHONPATH=/home/sonvu/ur_ws/install/ur_robot_driver/local/lib/python3.10/dist-packages:/home/sonvu/ur_ws/install/ur_moveit_config/local/lib/python3.10/dist-packages:/home/sonvu/ur_ws/install/ur_dashboard_msgs/local/lib/python3.10/dist-packages:${PYTHONPATH} /usr/bin/cmake /home/sonvu/ur_ws/src/Universal_Robots_ROS2_Driver/ur -DAMENT_CMAKE_SYMLINK_INSTALL=1 -DCMAKE_INSTALL_PREFIX=/home/sonvu/ur_ws/install/ur
[0.182s] -- The C compiler identification is GNU 11.4.0
[0.282s] -- The CXX compiler identification is GNU 11.4.0
[0.287s] -- Detecting C compiler ABI info
[0.442s] -- Detecting C compiler ABI info - done
[0.456s] -- Check for working C compiler: /usr/bin/cc - skipped
[0.456s] -- Detecting C compile features
[0.457s] -- Detecting C compile features - done
[0.462s] -- Detecting CXX compiler ABI info
[0.613s] -- Detecting CXX compiler ABI info - done
[0.621s] -- Check for working CXX compiler: /usr/bin/c++ - skipped
[0.621s] -- Detecting CXX compile features
[0.621s] -- Detecting CXX compile features - done
[0.625s] -- Found ament_cmake: 1.3.14 (/opt/ros/humble/share/ament_cmake/cmake)
[0.774s] -- Found Python3: /usr/bin/python3 (found version "3.10.12") found components: Interpreter 
[0.827s] -- Override CMake install command with custom implementation using symlinks instead of copying resources
[0.867s] -- Found ament_lint_auto: 0.12.15 (/opt/ros/humble/share/ament_lint_auto/cmake)
[0.940s] -- Added test 'lint_cmake' to check CMake code style
[0.941s] -- Added test 'xmllint' to check XML markup files
[0.942s] -- Configuring done
[0.943s] -- Generating done
[0.944s] -- Build files have been written to: /home/sonvu/ur_ws/build/ur
[0.947s] Invoked command in '/home/sonvu/ur_ws/build/ur' returned '0': AMENT_PREFIX_PATH=/home/sonvu/ur_ws/install/ur_calibration:/home/sonvu/ur_ws/install/ur_robot_driver:/home/sonvu/ur_ws/install/ur_controllers:/home/sonvu/ur_ws/install/ur_moveit_config:/home/sonvu/ur_ws/install/ur_dashboard_msgs:${AMENT_PREFIX_PATH} CMAKE_PREFIX_PATH=/home/sonvu/ur_ws/install/ur_calibration:/home/sonvu/ur_ws/install/ur_robot_driver:/home/sonvu/ur_ws/install/ur_controllers:/home/sonvu/ur_ws/install/ur_moveit_config:/home/sonvu/ur_ws/install/ur_dashboard_msgs:/home/sonvu/rtablc_base/install/rtablc_experiment:/opt/ros/humble LD_LIBRARY_PATH=/home/sonvu/ur_ws/install/ur_robot_driver/lib:/home/sonvu/ur_ws/install/ur_controllers/lib:/home/sonvu/ur_ws/install/ur_dashboard_msgs/lib:${LD_LIBRARY_PATH} PATH=/home/sonvu/ur_ws/install/ur_robot_driver/bin:${PATH} PYTHONPATH=/home/sonvu/ur_ws/install/ur_robot_driver/local/lib/python3.10/dist-packages:/home/sonvu/ur_ws/install/ur_moveit_config/local/lib/python3.10/dist-packages:/home/sonvu/ur_ws/install/ur_dashboard_msgs/local/lib/python3.10/dist-packages:${PYTHONPATH} /usr/bin/cmake /home/sonvu/ur_ws/src/Universal_Robots_ROS2_Driver/ur -DAMENT_CMAKE_SYMLINK_INSTALL=1 -DCMAKE_INSTALL_PREFIX=/home/sonvu/ur_ws/install/ur
[0.947s] Invoking command in '/home/sonvu/ur_ws/build/ur': AMENT_PREFIX_PATH=/home/sonvu/ur_ws/install/ur_calibration:/home/sonvu/ur_ws/install/ur_robot_driver:/home/sonvu/ur_ws/install/ur_controllers:/home/sonvu/ur_ws/install/ur_moveit_config:/home/sonvu/ur_ws/install/ur_dashboard_msgs:${AMENT_PREFIX_PATH} CMAKE_PREFIX_PATH=/home/sonvu/ur_ws/install/ur_calibration:/home/sonvu/ur_ws/install/ur_robot_driver:/home/sonvu/ur_ws/install/ur_controllers:/home/sonvu/ur_ws/install/ur_moveit_config:/home/sonvu/ur_ws/install/ur_dashboard_msgs:/home/sonvu/rtablc_base/install/rtablc_experiment:/opt/ros/humble LD_LIBRARY_PATH=/home/sonvu/ur_ws/install/ur_robot_driver/lib:/home/sonvu/ur_ws/install/ur_controllers/lib:/home/sonvu/ur_ws/install/ur_dashboard_msgs/lib:${LD_LIBRARY_PATH} PATH=/home/sonvu/ur_ws/install/ur_robot_driver/bin:${PATH} PYTHONPATH=/home/sonvu/ur_ws/install/ur_robot_driver/local/lib/python3.10/dist-packages:/home/sonvu/ur_ws/install/ur_moveit_config/local/lib/python3.10/dist-packages:/home/sonvu/ur_ws/install/ur_dashboard_msgs/local/lib/python3.10/dist-packages:${PYTHONPATH} /usr/bin/cmake --build /home/sonvu/ur_ws/build/ur -- -j16 -l16
[0.998s] Invoked command in '/home/sonvu/ur_ws/build/ur' returned '0': AMENT_PREFIX_PATH=/home/sonvu/ur_ws/install/ur_calibration:/home/sonvu/ur_ws/install/ur_robot_driver:/home/sonvu/ur_ws/install/ur_controllers:/home/sonvu/ur_ws/install/ur_moveit_config:/home/sonvu/ur_ws/install/ur_dashboard_msgs:${AMENT_PREFIX_PATH} CMAKE_PREFIX_PATH=/home/sonvu/ur_ws/install/ur_calibration:/home/sonvu/ur_ws/install/ur_robot_driver:/home/sonvu/ur_ws/install/ur_controllers:/home/sonvu/ur_ws/install/ur_moveit_config:/home/sonvu/ur_ws/install/ur_dashboard_msgs:/home/sonvu/rtablc_base/install/rtablc_experiment:/opt/ros/humble LD_LIBRARY_PATH=/home/sonvu/ur_ws/install/ur_robot_driver/lib:/home/sonvu/ur_ws/install/ur_controllers/lib:/home/sonvu/ur_ws/install/ur_dashboard_msgs/lib:${LD_LIBRARY_PATH} PATH=/home/sonvu/ur_ws/install/ur_robot_driver/bin:${PATH} PYTHONPATH=/home/sonvu/ur_ws/install/ur_robot_driver/local/lib/python3.10/dist-packages:/home/sonvu/ur_ws/install/ur_moveit_config/local/lib/python3.10/dist-packages:/home/sonvu/ur_ws/install/ur_dashboard_msgs/local/lib/python3.10/dist-packages:${PYTHONPATH} /usr/bin/cmake --build /home/sonvu/ur_ws/build/ur -- -j16 -l16
[1.000s] Invoking command in '/home/sonvu/ur_ws/build/ur': AMENT_PREFIX_PATH=/home/sonvu/ur_ws/install/ur_calibration:/home/sonvu/ur_ws/install/ur_robot_driver:/home/sonvu/ur_ws/install/ur_controllers:/home/sonvu/ur_ws/install/ur_moveit_config:/home/sonvu/ur_ws/install/ur_dashboard_msgs:${AMENT_PREFIX_PATH} CMAKE_PREFIX_PATH=/home/sonvu/ur_ws/install/ur_calibration:/home/sonvu/ur_ws/install/ur_robot_driver:/home/sonvu/ur_ws/install/ur_controllers:/home/sonvu/ur_ws/install/ur_moveit_config:/home/sonvu/ur_ws/install/ur_dashboard_msgs:/home/sonvu/rtablc_base/install/rtablc_experiment:/opt/ros/humble LD_LIBRARY_PATH=/home/sonvu/ur_ws/install/ur_robot_driver/lib:/home/sonvu/ur_ws/install/ur_controllers/lib:/home/sonvu/ur_ws/install/ur_dashboard_msgs/lib:${LD_LIBRARY_PATH} PATH=/home/sonvu/ur_ws/install/ur_robot_driver/bin:${PATH} PYTHONPATH=/home/sonvu/ur_ws/install/ur_robot_driver/local/lib/python3.10/dist-packages:/home/sonvu/ur_ws/install/ur_moveit_config/local/lib/python3.10/dist-packages:/home/sonvu/ur_ws/install/ur_dashboard_msgs/local/lib/python3.10/dist-packages:${PYTHONPATH} /usr/bin/cmake --install /home/sonvu/ur_ws/build/ur
[1.012s] -- Install configuration: ""
[1.013s] -- Execute custom install script
[1.013s] -- Symlinking: /home/sonvu/ur_ws/install/ur/share/ament_index/resource_index/package_run_dependencies/ur
[1.027s] -- Symlinking: /home/sonvu/ur_ws/install/ur/share/ament_index/resource_index/parent_prefix_path/ur
[1.043s] -- Symlinking: /home/sonvu/ur_ws/install/ur/share/ur/environment/ament_prefix_path.sh
[1.056s] -- Symlinking: /home/sonvu/ur_ws/install/ur/share/ur/environment/ament_prefix_path.dsv
[1.068s] -- Symlinking: /home/sonvu/ur_ws/install/ur/share/ur/environment/path.sh
[1.078s] -- Symlinking: /home/sonvu/ur_ws/install/ur/share/ur/environment/path.dsv
[1.090s] -- Symlinking: /home/sonvu/ur_ws/install/ur/share/ur/local_setup.bash
[1.102s] -- Symlinking: /home/sonvu/ur_ws/install/ur/share/ur/local_setup.sh
[1.116s] -- Symlinking: /home/sonvu/ur_ws/install/ur/share/ur/local_setup.zsh
[1.131s] -- Symlinking: /home/sonvu/ur_ws/install/ur/share/ur/local_setup.dsv
[1.147s] -- Symlinking: /home/sonvu/ur_ws/install/ur/share/ur/package.dsv
[1.167s] -- Symlinking: /home/sonvu/ur_ws/install/ur/share/ament_index/resource_index/packages/ur
[1.181s] -- Symlinking: /home/sonvu/ur_ws/install/ur/share/ur/cmake/urConfig.cmake
[1.190s] -- Symlinking: /home/sonvu/ur_ws/install/ur/share/ur/cmake/urConfig-version.cmake
[1.203s] -- Symlinking: /home/sonvu/ur_ws/install/ur/share/ur/package.xml
[1.220s] Invoked command in '/home/sonvu/ur_ws/build/ur' returned '0': AMENT_PREFIX_PATH=/home/sonvu/ur_ws/install/ur_calibration:/home/sonvu/ur_ws/install/ur_robot_driver:/home/sonvu/ur_ws/install/ur_controllers:/home/sonvu/ur_ws/install/ur_moveit_config:/home/sonvu/ur_ws/install/ur_dashboard_msgs:${AMENT_PREFIX_PATH} CMAKE_PREFIX_PATH=/home/sonvu/ur_ws/install/ur_calibration:/home/sonvu/ur_ws/install/ur_robot_driver:/home/sonvu/ur_ws/install/ur_controllers:/home/sonvu/ur_ws/install/ur_moveit_config:/home/sonvu/ur_ws/install/ur_dashboard_msgs:/home/sonvu/rtablc_base/install/rtablc_experiment:/opt/ros/humble LD_LIBRARY_PATH=/home/sonvu/ur_ws/install/ur_robot_driver/lib:/home/sonvu/ur_ws/install/ur_controllers/lib:/home/sonvu/ur_ws/install/ur_dashboard_msgs/lib:${LD_LIBRARY_PATH} PATH=/home/sonvu/ur_ws/install/ur_robot_driver/bin:${PATH} PYTHONPATH=/home/sonvu/ur_ws/install/ur_robot_driver/local/lib/python3.10/dist-packages:/home/sonvu/ur_ws/install/ur_moveit_config/local/lib/python3.10/dist-packages:/home/sonvu/ur_ws/install/ur_dashboard_msgs/local/lib/python3.10/dist-packages:${PYTHONPATH} /usr/bin/cmake --install /home/sonvu/ur_ws/build/ur
