[0.065s] DEBUG:colcon:Command line arguments: ['/usr/bin/colcon', 'build', '--packages-select', 'ur_llm_planner']
[0.065s] DEBUG:colcon:Parsed command line arguments: Namespace(log_base=None, log_level=None, verb_name='build', build_base='build', install_base='install', merge_install=False, symlink_install=False, test_result_base=None, continue_on_error=False, executor='parallel', parallel_workers=16, event_handlers=None, ignore_user_meta=False, metas=['./colcon.meta'], base_paths=['.'], packages_ignore=None, packages_ignore_regex=None, paths=None, packages_up_to=None, packages_up_to_regex=None, packages_above=None, packages_above_and_dependencies=None, packages_above_depth=None, packages_select_by_dep=None, packages_skip_by_dep=None, packages_skip_up_to=None, packages_select_build_failed=False, packages_skip_build_finished=False, packages_select_test_failures=False, packages_skip_test_passed=False, packages_select=['ur_llm_planner'], packages_skip=None, packages_select_regex=None, packages_skip_regex=None, packages_start=None, packages_end=None, allow_overriding=[], cmake_args=None, cmake_target=None, cmake_target_skip_unavailable=False, cmake_clean_cache=False, cmake_clean_first=False, cmake_force_configure=False, ament_cmake_args=None, catkin_cmake_args=None, catkin_skip_building_tests=False, verb_parser=<colcon_defaults.argument_parser.defaults.DefaultArgumentsDecorator object at 0x71877ee6e260>, verb_extension=<colcon_core.verb.build.BuildVerb object at 0x71877ef7b670>, main=<bound method BuildVerb.main of <colcon_core.verb.build.BuildVerb object at 0x71877ef7b670>>)
[0.172s] Level 1:colcon.colcon_core.package_discovery:discover_packages(colcon_meta) check parameters
[0.172s] Level 1:colcon.colcon_core.package_discovery:discover_packages(recursive) check parameters
[0.172s] Level 1:colcon.colcon_core.package_discovery:discover_packages(ignore) check parameters
[0.172s] Level 1:colcon.colcon_core.package_discovery:discover_packages(path) check parameters
[0.172s] Level 1:colcon.colcon_core.package_discovery:discover_packages(colcon_meta) discover
[0.172s] Level 1:colcon.colcon_core.package_discovery:discover_packages(recursive) discover
[0.172s] INFO:colcon.colcon_core.package_discovery:Crawling recursively for packages in '/home/sonvu/ur_ws'
[0.172s] Level 1:colcon.colcon_core.package_identification:_identify(.) by extensions ['ignore', 'ignore_ament_install']
[0.172s] Level 1:colcon.colcon_core.package_identification:_identify(.) by extension 'ignore'
[0.172s] Level 1:colcon.colcon_core.package_identification:_identify(.) by extension 'ignore_ament_install'
[0.172s] Level 1:colcon.colcon_core.package_identification:_identify(.) by extensions ['colcon_pkg']
[0.172s] Level 1:colcon.colcon_core.package_identification:_identify(.) by extension 'colcon_pkg'
[0.172s] Level 1:colcon.colcon_core.package_identification:_identify(.) by extensions ['colcon_meta']
[0.172s] Level 1:colcon.colcon_core.package_identification:_identify(.) by extension 'colcon_meta'
[0.172s] Level 1:colcon.colcon_core.package_identification:_identify(.) by extensions ['ros']
[0.172s] Level 1:colcon.colcon_core.package_identification:_identify(.) by extension 'ros'
[0.180s] Level 1:colcon.colcon_core.package_identification:_identify(.) by extensions ['cmake', 'python']
[0.180s] Level 1:colcon.colcon_core.package_identification:_identify(.) by extension 'cmake'
[0.180s] Level 1:colcon.colcon_core.package_identification:_identify(.) by extension 'python'
[0.180s] Level 1:colcon.colcon_core.package_identification:_identify(.) by extensions ['python_setup_py']
[0.180s] Level 1:colcon.colcon_core.package_identification:_identify(.) by extension 'python_setup_py'
[0.180s] Level 1:colcon.colcon_core.package_identification:_identify(build) by extensions ['ignore', 'ignore_ament_install']
[0.180s] Level 1:colcon.colcon_core.package_identification:_identify(build) by extension 'ignore'
[0.180s] Level 1:colcon.colcon_core.package_identification:_identify(build) ignored
[0.180s] Level 1:colcon.colcon_core.package_identification:_identify(install) by extensions ['ignore', 'ignore_ament_install']
[0.180s] Level 1:colcon.colcon_core.package_identification:_identify(install) by extension 'ignore'
[0.180s] Level 1:colcon.colcon_core.package_identification:_identify(install) ignored
[0.180s] Level 1:colcon.colcon_core.package_identification:_identify(log) by extensions ['ignore', 'ignore_ament_install']
[0.180s] Level 1:colcon.colcon_core.package_identification:_identify(log) by extension 'ignore'
[0.180s] Level 1:colcon.colcon_core.package_identification:_identify(log) ignored
[0.180s] Level 1:colcon.colcon_core.package_identification:_identify(src) by extensions ['ignore', 'ignore_ament_install']
[0.180s] Level 1:colcon.colcon_core.package_identification:_identify(src) by extension 'ignore'
[0.180s] Level 1:colcon.colcon_core.package_identification:_identify(src) by extension 'ignore_ament_install'
[0.180s] Level 1:colcon.colcon_core.package_identification:_identify(src) by extensions ['colcon_pkg']
[0.180s] Level 1:colcon.colcon_core.package_identification:_identify(src) by extension 'colcon_pkg'
[0.180s] Level 1:colcon.colcon_core.package_identification:_identify(src) by extensions ['colcon_meta']
[0.180s] Level 1:colcon.colcon_core.package_identification:_identify(src) by extension 'colcon_meta'
[0.180s] Level 1:colcon.colcon_core.package_identification:_identify(src) by extensions ['ros']
[0.181s] Level 1:colcon.colcon_core.package_identification:_identify(src) by extension 'ros'
[0.181s] Level 1:colcon.colcon_core.package_identification:_identify(src) by extensions ['cmake', 'python']
[0.181s] Level 1:colcon.colcon_core.package_identification:_identify(src) by extension 'cmake'
[0.181s] Level 1:colcon.colcon_core.package_identification:_identify(src) by extension 'python'
[0.181s] Level 1:colcon.colcon_core.package_identification:_identify(src) by extensions ['python_setup_py']
[0.181s] Level 1:colcon.colcon_core.package_identification:_identify(src) by extension 'python_setup_py'
[0.181s] Level 1:colcon.colcon_core.package_identification:_identify(src/Universal_Robots_ROS2_Driver) by extensions ['ignore', 'ignore_ament_install']
[0.181s] Level 1:colcon.colcon_core.package_identification:_identify(src/Universal_Robots_ROS2_Driver) by extension 'ignore'
[0.181s] Level 1:colcon.colcon_core.package_identification:_identify(src/Universal_Robots_ROS2_Driver) by extension 'ignore_ament_install'
[0.181s] Level 1:colcon.colcon_core.package_identification:_identify(src/Universal_Robots_ROS2_Driver) by extensions ['colcon_pkg']
[0.181s] Level 1:colcon.colcon_core.package_identification:_identify(src/Universal_Robots_ROS2_Driver) by extension 'colcon_pkg'
[0.181s] Level 1:colcon.colcon_core.package_identification:_identify(src/Universal_Robots_ROS2_Driver) by extensions ['colcon_meta']
[0.181s] Level 1:colcon.colcon_core.package_identification:_identify(src/Universal_Robots_ROS2_Driver) by extension 'colcon_meta'
[0.181s] Level 1:colcon.colcon_core.package_identification:_identify(src/Universal_Robots_ROS2_Driver) by extensions ['ros']
[0.181s] Level 1:colcon.colcon_core.package_identification:_identify(src/Universal_Robots_ROS2_Driver) by extension 'ros'
[0.181s] Level 1:colcon.colcon_core.package_identification:_identify(src/Universal_Robots_ROS2_Driver) by extensions ['cmake', 'python']
[0.181s] Level 1:colcon.colcon_core.package_identification:_identify(src/Universal_Robots_ROS2_Driver) by extension 'cmake'
[0.181s] Level 1:colcon.colcon_core.package_identification:_identify(src/Universal_Robots_ROS2_Driver) by extension 'python'
[0.181s] Level 1:colcon.colcon_core.package_identification:_identify(src/Universal_Robots_ROS2_Driver) by extensions ['python_setup_py']
[0.181s] Level 1:colcon.colcon_core.package_identification:_identify(src/Universal_Robots_ROS2_Driver) by extension 'python_setup_py'
[0.181s] Level 1:colcon.colcon_core.package_identification:_identify(src/Universal_Robots_ROS2_Driver/ur) by extensions ['ignore', 'ignore_ament_install']
[0.181s] Level 1:colcon.colcon_core.package_identification:_identify(src/Universal_Robots_ROS2_Driver/ur) by extension 'ignore'
[0.181s] Level 1:colcon.colcon_core.package_identification:_identify(src/Universal_Robots_ROS2_Driver/ur) by extension 'ignore_ament_install'
[0.181s] Level 1:colcon.colcon_core.package_identification:_identify(src/Universal_Robots_ROS2_Driver/ur) by extensions ['colcon_pkg']
[0.181s] Level 1:colcon.colcon_core.package_identification:_identify(src/Universal_Robots_ROS2_Driver/ur) by extension 'colcon_pkg'
[0.181s] Level 1:colcon.colcon_core.package_identification:_identify(src/Universal_Robots_ROS2_Driver/ur) by extensions ['colcon_meta']
[0.181s] Level 1:colcon.colcon_core.package_identification:_identify(src/Universal_Robots_ROS2_Driver/ur) by extension 'colcon_meta'
[0.181s] Level 1:colcon.colcon_core.package_identification:_identify(src/Universal_Robots_ROS2_Driver/ur) by extensions ['ros']
[0.181s] Level 1:colcon.colcon_core.package_identification:_identify(src/Universal_Robots_ROS2_Driver/ur) by extension 'ros'
[0.183s] DEBUG:colcon.colcon_core.package_identification:Package 'src/Universal_Robots_ROS2_Driver/ur' with type 'ros.ament_cmake' and name 'ur'
[0.183s] Level 1:colcon.colcon_core.package_identification:_identify(src/Universal_Robots_ROS2_Driver/ur_bringup) by extensions ['ignore', 'ignore_ament_install']
[0.183s] Level 1:colcon.colcon_core.package_identification:_identify(src/Universal_Robots_ROS2_Driver/ur_bringup) by extension 'ignore'
[0.183s] Level 1:colcon.colcon_core.package_identification:_identify(src/Universal_Robots_ROS2_Driver/ur_bringup) by extension 'ignore_ament_install'
[0.183s] Level 1:colcon.colcon_core.package_identification:_identify(src/Universal_Robots_ROS2_Driver/ur_bringup) by extensions ['colcon_pkg']
[0.183s] Level 1:colcon.colcon_core.package_identification:_identify(src/Universal_Robots_ROS2_Driver/ur_bringup) by extension 'colcon_pkg'
[0.183s] Level 1:colcon.colcon_core.package_identification:_identify(src/Universal_Robots_ROS2_Driver/ur_bringup) by extensions ['colcon_meta']
[0.183s] Level 1:colcon.colcon_core.package_identification:_identify(src/Universal_Robots_ROS2_Driver/ur_bringup) by extension 'colcon_meta'
[0.183s] Level 1:colcon.colcon_core.package_identification:_identify(src/Universal_Robots_ROS2_Driver/ur_bringup) by extensions ['ros']
[0.183s] Level 1:colcon.colcon_core.package_identification:_identify(src/Universal_Robots_ROS2_Driver/ur_bringup) by extension 'ros'
[0.184s] DEBUG:colcon.colcon_core.package_identification:Package 'src/Universal_Robots_ROS2_Driver/ur_bringup' with type 'ros.ament_cmake' and name 'ur_bringup'
[0.184s] Level 1:colcon.colcon_core.package_identification:_identify(src/Universal_Robots_ROS2_Driver/ur_calibration) by extensions ['ignore', 'ignore_ament_install']
[0.184s] Level 1:colcon.colcon_core.package_identification:_identify(src/Universal_Robots_ROS2_Driver/ur_calibration) by extension 'ignore'
[0.184s] Level 1:colcon.colcon_core.package_identification:_identify(src/Universal_Robots_ROS2_Driver/ur_calibration) by extension 'ignore_ament_install'
[0.184s] Level 1:colcon.colcon_core.package_identification:_identify(src/Universal_Robots_ROS2_Driver/ur_calibration) by extensions ['colcon_pkg']
[0.184s] Level 1:colcon.colcon_core.package_identification:_identify(src/Universal_Robots_ROS2_Driver/ur_calibration) by extension 'colcon_pkg'
[0.184s] Level 1:colcon.colcon_core.package_identification:_identify(src/Universal_Robots_ROS2_Driver/ur_calibration) by extensions ['colcon_meta']
[0.184s] Level 1:colcon.colcon_core.package_identification:_identify(src/Universal_Robots_ROS2_Driver/ur_calibration) by extension 'colcon_meta'
[0.184s] Level 1:colcon.colcon_core.package_identification:_identify(src/Universal_Robots_ROS2_Driver/ur_calibration) by extensions ['ros']
[0.184s] Level 1:colcon.colcon_core.package_identification:_identify(src/Universal_Robots_ROS2_Driver/ur_calibration) by extension 'ros'
[0.185s] DEBUG:colcon.colcon_core.package_identification:Package 'src/Universal_Robots_ROS2_Driver/ur_calibration' with type 'ros.ament_cmake' and name 'ur_calibration'
[0.185s] Level 1:colcon.colcon_core.package_identification:_identify(src/Universal_Robots_ROS2_Driver/ur_controllers) by extensions ['ignore', 'ignore_ament_install']
[0.185s] Level 1:colcon.colcon_core.package_identification:_identify(src/Universal_Robots_ROS2_Driver/ur_controllers) by extension 'ignore'
[0.185s] Level 1:colcon.colcon_core.package_identification:_identify(src/Universal_Robots_ROS2_Driver/ur_controllers) by extension 'ignore_ament_install'
[0.185s] Level 1:colcon.colcon_core.package_identification:_identify(src/Universal_Robots_ROS2_Driver/ur_controllers) by extensions ['colcon_pkg']
[0.185s] Level 1:colcon.colcon_core.package_identification:_identify(src/Universal_Robots_ROS2_Driver/ur_controllers) by extension 'colcon_pkg'
[0.185s] Level 1:colcon.colcon_core.package_identification:_identify(src/Universal_Robots_ROS2_Driver/ur_controllers) by extensions ['colcon_meta']
[0.185s] Level 1:colcon.colcon_core.package_identification:_identify(src/Universal_Robots_ROS2_Driver/ur_controllers) by extension 'colcon_meta'
[0.185s] Level 1:colcon.colcon_core.package_identification:_identify(src/Universal_Robots_ROS2_Driver/ur_controllers) by extensions ['ros']
[0.185s] Level 1:colcon.colcon_core.package_identification:_identify(src/Universal_Robots_ROS2_Driver/ur_controllers) by extension 'ros'
[0.187s] DEBUG:colcon.colcon_core.package_identification:Package 'src/Universal_Robots_ROS2_Driver/ur_controllers' with type 'ros.ament_cmake' and name 'ur_controllers'
[0.187s] Level 1:colcon.colcon_core.package_identification:_identify(src/Universal_Robots_ROS2_Driver/ur_dashboard_msgs) by extensions ['ignore', 'ignore_ament_install']
[0.187s] Level 1:colcon.colcon_core.package_identification:_identify(src/Universal_Robots_ROS2_Driver/ur_dashboard_msgs) by extension 'ignore'
[0.187s] Level 1:colcon.colcon_core.package_identification:_identify(src/Universal_Robots_ROS2_Driver/ur_dashboard_msgs) by extension 'ignore_ament_install'
[0.187s] Level 1:colcon.colcon_core.package_identification:_identify(src/Universal_Robots_ROS2_Driver/ur_dashboard_msgs) by extensions ['colcon_pkg']
[0.187s] Level 1:colcon.colcon_core.package_identification:_identify(src/Universal_Robots_ROS2_Driver/ur_dashboard_msgs) by extension 'colcon_pkg'
[0.187s] Level 1:colcon.colcon_core.package_identification:_identify(src/Universal_Robots_ROS2_Driver/ur_dashboard_msgs) by extensions ['colcon_meta']
[0.187s] Level 1:colcon.colcon_core.package_identification:_identify(src/Universal_Robots_ROS2_Driver/ur_dashboard_msgs) by extension 'colcon_meta'
[0.187s] Level 1:colcon.colcon_core.package_identification:_identify(src/Universal_Robots_ROS2_Driver/ur_dashboard_msgs) by extensions ['ros']
[0.187s] Level 1:colcon.colcon_core.package_identification:_identify(src/Universal_Robots_ROS2_Driver/ur_dashboard_msgs) by extension 'ros'
[0.188s] DEBUG:colcon.colcon_core.package_identification:Package 'src/Universal_Robots_ROS2_Driver/ur_dashboard_msgs' with type 'ros.ament_cmake' and name 'ur_dashboard_msgs'
[0.188s] Level 1:colcon.colcon_core.package_identification:_identify(src/Universal_Robots_ROS2_Driver/ur_moveit_config) by extensions ['ignore', 'ignore_ament_install']
[0.188s] Level 1:colcon.colcon_core.package_identification:_identify(src/Universal_Robots_ROS2_Driver/ur_moveit_config) by extension 'ignore'
[0.188s] Level 1:colcon.colcon_core.package_identification:_identify(src/Universal_Robots_ROS2_Driver/ur_moveit_config) by extension 'ignore_ament_install'
[0.188s] Level 1:colcon.colcon_core.package_identification:_identify(src/Universal_Robots_ROS2_Driver/ur_moveit_config) by extensions ['colcon_pkg']
[0.188s] Level 1:colcon.colcon_core.package_identification:_identify(src/Universal_Robots_ROS2_Driver/ur_moveit_config) by extension 'colcon_pkg'
[0.188s] Level 1:colcon.colcon_core.package_identification:_identify(src/Universal_Robots_ROS2_Driver/ur_moveit_config) by extensions ['colcon_meta']
[0.188s] Level 1:colcon.colcon_core.package_identification:_identify(src/Universal_Robots_ROS2_Driver/ur_moveit_config) by extension 'colcon_meta'
[0.188s] Level 1:colcon.colcon_core.package_identification:_identify(src/Universal_Robots_ROS2_Driver/ur_moveit_config) by extensions ['ros']
[0.188s] Level 1:colcon.colcon_core.package_identification:_identify(src/Universal_Robots_ROS2_Driver/ur_moveit_config) by extension 'ros'
[0.189s] DEBUG:colcon.colcon_core.package_identification:Package 'src/Universal_Robots_ROS2_Driver/ur_moveit_config' with type 'ros.ament_cmake' and name 'ur_moveit_config'
[0.189s] Level 1:colcon.colcon_core.package_identification:_identify(src/Universal_Robots_ROS2_Driver/ur_robot_driver) by extensions ['ignore', 'ignore_ament_install']
[0.189s] Level 1:colcon.colcon_core.package_identification:_identify(src/Universal_Robots_ROS2_Driver/ur_robot_driver) by extension 'ignore'
[0.189s] Level 1:colcon.colcon_core.package_identification:_identify(src/Universal_Robots_ROS2_Driver/ur_robot_driver) by extension 'ignore_ament_install'
[0.189s] Level 1:colcon.colcon_core.package_identification:_identify(src/Universal_Robots_ROS2_Driver/ur_robot_driver) by extensions ['colcon_pkg']
[0.189s] Level 1:colcon.colcon_core.package_identification:_identify(src/Universal_Robots_ROS2_Driver/ur_robot_driver) by extension 'colcon_pkg'
[0.189s] Level 1:colcon.colcon_core.package_identification:_identify(src/Universal_Robots_ROS2_Driver/ur_robot_driver) by extensions ['colcon_meta']
[0.189s] Level 1:colcon.colcon_core.package_identification:_identify(src/Universal_Robots_ROS2_Driver/ur_robot_driver) by extension 'colcon_meta'
[0.189s] Level 1:colcon.colcon_core.package_identification:_identify(src/Universal_Robots_ROS2_Driver/ur_robot_driver) by extensions ['ros']
[0.189s] Level 1:colcon.colcon_core.package_identification:_identify(src/Universal_Robots_ROS2_Driver/ur_robot_driver) by extension 'ros'
[0.196s] DEBUG:colcon.colcon_core.package_identification:Package 'src/Universal_Robots_ROS2_Driver/ur_robot_driver' with type 'ros.ament_cmake' and name 'ur_robot_driver'
[0.196s] Level 1:colcon.colcon_core.package_identification:_identify(src/ur_letter_writer) by extensions ['ignore', 'ignore_ament_install']
[0.196s] Level 1:colcon.colcon_core.package_identification:_identify(src/ur_letter_writer) by extension 'ignore'
[0.196s] Level 1:colcon.colcon_core.package_identification:_identify(src/ur_letter_writer) by extension 'ignore_ament_install'
[0.196s] Level 1:colcon.colcon_core.package_identification:_identify(src/ur_letter_writer) by extensions ['colcon_pkg']
[0.196s] Level 1:colcon.colcon_core.package_identification:_identify(src/ur_letter_writer) by extension 'colcon_pkg'
[0.196s] Level 1:colcon.colcon_core.package_identification:_identify(src/ur_letter_writer) by extensions ['colcon_meta']
[0.196s] Level 1:colcon.colcon_core.package_identification:_identify(src/ur_letter_writer) by extension 'colcon_meta'
[0.196s] Level 1:colcon.colcon_core.package_identification:_identify(src/ur_letter_writer) by extensions ['ros']
[0.196s] Level 1:colcon.colcon_core.package_identification:_identify(src/ur_letter_writer) by extension 'ros'
[0.197s] DEBUG:colcon.colcon_core.package_identification:Package 'src/ur_letter_writer' with type 'ros.ament_cmake' and name 'ur_letter_writer'
[0.197s] Level 1:colcon.colcon_core.package_identification:_identify(src/ur_llm_planner) by extensions ['ignore', 'ignore_ament_install']
[0.197s] Level 1:colcon.colcon_core.package_identification:_identify(src/ur_llm_planner) by extension 'ignore'
[0.197s] Level 1:colcon.colcon_core.package_identification:_identify(src/ur_llm_planner) by extension 'ignore_ament_install'
[0.197s] Level 1:colcon.colcon_core.package_identification:_identify(src/ur_llm_planner) by extensions ['colcon_pkg']
[0.197s] Level 1:colcon.colcon_core.package_identification:_identify(src/ur_llm_planner) by extension 'colcon_pkg'
[0.197s] Level 1:colcon.colcon_core.package_identification:_identify(src/ur_llm_planner) by extensions ['colcon_meta']
[0.197s] Level 1:colcon.colcon_core.package_identification:_identify(src/ur_llm_planner) by extension 'colcon_meta'
[0.197s] Level 1:colcon.colcon_core.package_identification:_identify(src/ur_llm_planner) by extensions ['ros']
[0.197s] Level 1:colcon.colcon_core.package_identification:_identify(src/ur_llm_planner) by extension 'ros'
[0.198s] DEBUG:colcon.colcon_core.package_identification:Package 'src/ur_llm_planner' with type 'ros.ament_cmake' and name 'ur_llm_planner'
[0.198s] Level 1:colcon.colcon_core.package_identification:_identify(src/ur_simulation_gz) by extensions ['ignore', 'ignore_ament_install']
[0.198s] Level 1:colcon.colcon_core.package_identification:_identify(src/ur_simulation_gz) by extension 'ignore'
[0.198s] Level 1:colcon.colcon_core.package_identification:_identify(src/ur_simulation_gz) by extension 'ignore_ament_install'
[0.198s] Level 1:colcon.colcon_core.package_identification:_identify(src/ur_simulation_gz) by extensions ['colcon_pkg']
[0.198s] Level 1:colcon.colcon_core.package_identification:_identify(src/ur_simulation_gz) by extension 'colcon_pkg'
[0.198s] Level 1:colcon.colcon_core.package_identification:_identify(src/ur_simulation_gz) by extensions ['colcon_meta']
[0.198s] Level 1:colcon.colcon_core.package_identification:_identify(src/ur_simulation_gz) by extension 'colcon_meta'
[0.198s] Level 1:colcon.colcon_core.package_identification:_identify(src/ur_simulation_gz) by extensions ['ros']
[0.198s] Level 1:colcon.colcon_core.package_identification:_identify(src/ur_simulation_gz) by extension 'ros'
[0.198s] Level 1:colcon.colcon_core.package_identification:_identify(src/ur_simulation_gz) by extensions ['cmake', 'python']
[0.198s] Level 1:colcon.colcon_core.package_identification:_identify(src/ur_simulation_gz) by extension 'cmake'
[0.198s] Level 1:colcon.colcon_core.package_identification:_identify(src/ur_simulation_gz) by extension 'python'
[0.198s] Level 1:colcon.colcon_core.package_identification:_identify(src/ur_simulation_gz) by extensions ['python_setup_py']
[0.198s] Level 1:colcon.colcon_core.package_identification:_identify(src/ur_simulation_gz) by extension 'python_setup_py'
[0.198s] Level 1:colcon.colcon_core.package_identification:_identify(src/ur_simulation_gz/ur_simulation_gz) by extensions ['ignore', 'ignore_ament_install']
[0.198s] Level 1:colcon.colcon_core.package_identification:_identify(src/ur_simulation_gz/ur_simulation_gz) by extension 'ignore'
[0.198s] Level 1:colcon.colcon_core.package_identification:_identify(src/ur_simulation_gz/ur_simulation_gz) by extension 'ignore_ament_install'
[0.198s] Level 1:colcon.colcon_core.package_identification:_identify(src/ur_simulation_gz/ur_simulation_gz) by extensions ['colcon_pkg']
[0.198s] Level 1:colcon.colcon_core.package_identification:_identify(src/ur_simulation_gz/ur_simulation_gz) by extension 'colcon_pkg'
[0.198s] Level 1:colcon.colcon_core.package_identification:_identify(src/ur_simulation_gz/ur_simulation_gz) by extensions ['colcon_meta']
[0.198s] Level 1:colcon.colcon_core.package_identification:_identify(src/ur_simulation_gz/ur_simulation_gz) by extension 'colcon_meta'
[0.199s] Level 1:colcon.colcon_core.package_identification:_identify(src/ur_simulation_gz/ur_simulation_gz) by extensions ['ros']
[0.199s] Level 1:colcon.colcon_core.package_identification:_identify(src/ur_simulation_gz/ur_simulation_gz) by extension 'ros'
[0.199s] DEBUG:colcon.colcon_core.package_identification:Package 'src/ur_simulation_gz/ur_simulation_gz' with type 'ros.ament_cmake' and name 'ur_simulation_gz'
[0.199s] Level 1:colcon.colcon_core.package_discovery:discover_packages(recursive) using defaults
[0.199s] Level 1:colcon.colcon_core.package_discovery:discover_packages(ignore) discover
[0.199s] Level 1:colcon.colcon_core.package_discovery:discover_packages(ignore) using defaults
[0.199s] Level 1:colcon.colcon_core.package_discovery:discover_packages(path) discover
[0.199s] Level 1:colcon.colcon_core.package_discovery:discover_packages(path) using defaults
[0.215s] INFO:colcon.colcon_core.package_selection:Skipping not selected package 'ur_dashboard_msgs' in 'src/Universal_Robots_ROS2_Driver/ur_dashboard_msgs'
[0.215s] INFO:colcon.colcon_core.package_selection:Skipping not selected package 'ur_moveit_config' in 'src/Universal_Robots_ROS2_Driver/ur_moveit_config'
[0.215s] INFO:colcon.colcon_core.package_selection:Skipping not selected package 'ur_controllers' in 'src/Universal_Robots_ROS2_Driver/ur_controllers'
[0.215s] INFO:colcon.colcon_core.package_selection:Skipping not selected package 'ur_bringup' in 'src/Universal_Robots_ROS2_Driver/ur_bringup'
[0.215s] INFO:colcon.colcon_core.package_selection:Skipping not selected package 'ur_robot_driver' in 'src/Universal_Robots_ROS2_Driver/ur_robot_driver'
[0.215s] INFO:colcon.colcon_core.package_selection:Skipping not selected package 'ur_simulation_gz' in 'src/ur_simulation_gz/ur_simulation_gz'
[0.215s] INFO:colcon.colcon_core.package_selection:Skipping not selected package 'ur_calibration' in 'src/Universal_Robots_ROS2_Driver/ur_calibration'
[0.215s] INFO:colcon.colcon_core.package_selection:Skipping not selected package 'ur_letter_writer' in 'src/ur_letter_writer'
[0.215s] INFO:colcon.colcon_core.package_selection:Skipping not selected package 'ur' in 'src/Universal_Robots_ROS2_Driver/ur'
[0.215s] Level 1:colcon.colcon_core.package_discovery:discover_packages(prefix_path) check parameters
[0.215s] Level 1:colcon.colcon_core.package_discovery:discover_packages(prefix_path) discover
[0.217s] DEBUG:colcon.colcon_installed_package_information.package_discovery:Found 10 installed packages in /home/sonvu/ur_ws/install
[0.217s] DEBUG:colcon.colcon_installed_package_information.package_discovery:Found 1 installed packages in /home/sonvu/rtablc_base/install
[0.218s] DEBUG:colcon.colcon_installed_package_information.package_discovery:Found 493 installed packages in /opt/ros/humble
[0.220s] Level 1:colcon.colcon_core.package_discovery:discover_packages(prefix_path) using defaults
[0.256s] Level 5:colcon.colcon_core.verb:set package 'ur_llm_planner' build argument 'cmake_args' from command line to 'None'
[0.256s] Level 5:colcon.colcon_core.verb:set package 'ur_llm_planner' build argument 'cmake_target' from command line to 'None'
[0.256s] Level 5:colcon.colcon_core.verb:set package 'ur_llm_planner' build argument 'cmake_target_skip_unavailable' from command line to 'False'
[0.256s] Level 5:colcon.colcon_core.verb:set package 'ur_llm_planner' build argument 'cmake_clean_cache' from command line to 'False'
[0.256s] Level 5:colcon.colcon_core.verb:set package 'ur_llm_planner' build argument 'cmake_clean_first' from command line to 'False'
[0.256s] Level 5:colcon.colcon_core.verb:set package 'ur_llm_planner' build argument 'cmake_force_configure' from command line to 'False'
[0.256s] Level 5:colcon.colcon_core.verb:set package 'ur_llm_planner' build argument 'ament_cmake_args' from command line to 'None'
[0.256s] Level 5:colcon.colcon_core.verb:set package 'ur_llm_planner' build argument 'catkin_cmake_args' from command line to 'None'
[0.256s] Level 5:colcon.colcon_core.verb:set package 'ur_llm_planner' build argument 'catkin_skip_building_tests' from command line to 'False'
[0.256s] DEBUG:colcon.colcon_core.verb:Building package 'ur_llm_planner' with the following arguments: {'ament_cmake_args': None, 'build_base': '/home/sonvu/ur_ws/build/ur_llm_planner', 'catkin_cmake_args': None, 'catkin_skip_building_tests': False, 'cmake_args': None, 'cmake_clean_cache': False, 'cmake_clean_first': False, 'cmake_force_configure': False, 'cmake_target': None, 'cmake_target_skip_unavailable': False, 'install_base': '/home/sonvu/ur_ws/install/ur_llm_planner', 'merge_install': False, 'path': '/home/sonvu/ur_ws/src/ur_llm_planner', 'symlink_install': False, 'test_result_base': None}
[0.256s] INFO:colcon.colcon_core.executor:Executing jobs using 'parallel' executor
[0.257s] DEBUG:colcon.colcon_parallel_executor.executor.parallel:run_until_complete
[0.257s] INFO:colcon.colcon_ros.task.ament_cmake.build:Building ROS package in '/home/sonvu/ur_ws/src/ur_llm_planner' with build type 'ament_cmake'
[0.257s] INFO:colcon.colcon_cmake.task.cmake.build:Building CMake package in '/home/sonvu/ur_ws/src/ur_llm_planner'
[0.258s] INFO:colcon.colcon_core.plugin_system:Skipping extension 'colcon_core.shell.bat': Not used on non-Windows systems
[0.259s] INFO:colcon.colcon_core.shell:Skip shell extension 'powershell' for command environment: Not usable outside of PowerShell
[0.259s] DEBUG:colcon.colcon_core.shell:Skip shell extension 'dsv' for command environment
[0.273s] DEBUG:colcon.colcon_core.event_handler.log_command:Invoking command in '/home/sonvu/ur_ws/build/ur_llm_planner': CMAKE_PREFIX_PATH=/home/sonvu/ur_ws/install/ur_simulation_gz:/home/sonvu/ur_ws/install/ur_controllers:/home/sonvu/ur_ws/install/ur_moveit_config:/home/sonvu/ur_ws/install/ur_dashboard_msgs:/home/sonvu/ur_ws/install/ur_llm_planner:/home/sonvu/ur_ws/install/ur_letter_writer:/home/sonvu/ur_ws/install/ur:/home/sonvu/ur_ws/install/ur_calibration:/home/sonvu/ur_ws/install/ur_robot_driver:/home/sonvu/ur_ws/install/ur_bringup:/home/sonvu/rtablc_base/install/rtablc_experiment:/opt/ros/humble LD_LIBRARY_PATH=/home/sonvu/ur_ws/install/ur_controllers/lib:/home/sonvu/ur_ws/install/ur_dashboard_msgs/lib:/home/sonvu/ur_ws/install/ur_llm_planner/lib:/home/sonvu/ur_ws/install/ur_robot_driver/lib:/usr/lib/x86_64-linux-gnu/gazebo-11/plugins:/opt/ros/humble/opt/rviz_ogre_vendor/lib:/opt/ros/humble/lib/x86_64-linux-gnu:/opt/ros/humble/lib /usr/bin/cmake --build /home/sonvu/ur_ws/build/ur_llm_planner -- -j16 -l16
[9.061s] DEBUG:colcon.colcon_core.event_handler.log_command:Invoked command in '/home/sonvu/ur_ws/build/ur_llm_planner' returned '0': CMAKE_PREFIX_PATH=/home/sonvu/ur_ws/install/ur_simulation_gz:/home/sonvu/ur_ws/install/ur_controllers:/home/sonvu/ur_ws/install/ur_moveit_config:/home/sonvu/ur_ws/install/ur_dashboard_msgs:/home/sonvu/ur_ws/install/ur_llm_planner:/home/sonvu/ur_ws/install/ur_letter_writer:/home/sonvu/ur_ws/install/ur:/home/sonvu/ur_ws/install/ur_calibration:/home/sonvu/ur_ws/install/ur_robot_driver:/home/sonvu/ur_ws/install/ur_bringup:/home/sonvu/rtablc_base/install/rtablc_experiment:/opt/ros/humble LD_LIBRARY_PATH=/home/sonvu/ur_ws/install/ur_controllers/lib:/home/sonvu/ur_ws/install/ur_dashboard_msgs/lib:/home/sonvu/ur_ws/install/ur_llm_planner/lib:/home/sonvu/ur_ws/install/ur_robot_driver/lib:/usr/lib/x86_64-linux-gnu/gazebo-11/plugins:/opt/ros/humble/opt/rviz_ogre_vendor/lib:/opt/ros/humble/lib/x86_64-linux-gnu:/opt/ros/humble/lib /usr/bin/cmake --build /home/sonvu/ur_ws/build/ur_llm_planner -- -j16 -l16
[9.071s] DEBUG:colcon.colcon_core.event_handler.log_command:Invoking command in '/home/sonvu/ur_ws/build/ur_llm_planner': CMAKE_PREFIX_PATH=/home/sonvu/ur_ws/install/ur_simulation_gz:/home/sonvu/ur_ws/install/ur_controllers:/home/sonvu/ur_ws/install/ur_moveit_config:/home/sonvu/ur_ws/install/ur_dashboard_msgs:/home/sonvu/ur_ws/install/ur_llm_planner:/home/sonvu/ur_ws/install/ur_letter_writer:/home/sonvu/ur_ws/install/ur:/home/sonvu/ur_ws/install/ur_calibration:/home/sonvu/ur_ws/install/ur_robot_driver:/home/sonvu/ur_ws/install/ur_bringup:/home/sonvu/rtablc_base/install/rtablc_experiment:/opt/ros/humble LD_LIBRARY_PATH=/home/sonvu/ur_ws/install/ur_controllers/lib:/home/sonvu/ur_ws/install/ur_dashboard_msgs/lib:/home/sonvu/ur_ws/install/ur_llm_planner/lib:/home/sonvu/ur_ws/install/ur_robot_driver/lib:/usr/lib/x86_64-linux-gnu/gazebo-11/plugins:/opt/ros/humble/opt/rviz_ogre_vendor/lib:/opt/ros/humble/lib/x86_64-linux-gnu:/opt/ros/humble/lib /usr/bin/cmake --install /home/sonvu/ur_ws/build/ur_llm_planner
[9.147s] Level 1:colcon.colcon_core.environment:create_environment_scripts_only(ur_llm_planner)
[9.147s] DEBUG:colcon.colcon_core.event_handler.log_command:Invoked command in '/home/sonvu/ur_ws/build/ur_llm_planner' returned '0': CMAKE_PREFIX_PATH=/home/sonvu/ur_ws/install/ur_simulation_gz:/home/sonvu/ur_ws/install/ur_controllers:/home/sonvu/ur_ws/install/ur_moveit_config:/home/sonvu/ur_ws/install/ur_dashboard_msgs:/home/sonvu/ur_ws/install/ur_llm_planner:/home/sonvu/ur_ws/install/ur_letter_writer:/home/sonvu/ur_ws/install/ur:/home/sonvu/ur_ws/install/ur_calibration:/home/sonvu/ur_ws/install/ur_robot_driver:/home/sonvu/ur_ws/install/ur_bringup:/home/sonvu/rtablc_base/install/rtablc_experiment:/opt/ros/humble LD_LIBRARY_PATH=/home/sonvu/ur_ws/install/ur_controllers/lib:/home/sonvu/ur_ws/install/ur_dashboard_msgs/lib:/home/sonvu/ur_ws/install/ur_llm_planner/lib:/home/sonvu/ur_ws/install/ur_robot_driver/lib:/usr/lib/x86_64-linux-gnu/gazebo-11/plugins:/opt/ros/humble/opt/rviz_ogre_vendor/lib:/opt/ros/humble/lib/x86_64-linux-gnu:/opt/ros/humble/lib /usr/bin/cmake --install /home/sonvu/ur_ws/build/ur_llm_planner
[9.151s] Level 1:colcon.colcon_core.environment:checking '/home/sonvu/ur_ws/install/ur_llm_planner' for CMake module files
[9.152s] Level 1:colcon.colcon_core.environment:checking '/home/sonvu/ur_ws/install/ur_llm_planner' for CMake config files
[9.152s] Level 1:colcon.colcon_core.shell:create_environment_hook('ur_llm_planner', 'cmake_prefix_path')
[9.153s] INFO:colcon.colcon_core.shell:Creating environment hook '/home/sonvu/ur_ws/install/ur_llm_planner/share/ur_llm_planner/hook/cmake_prefix_path.ps1'
[9.153s] INFO:colcon.colcon_core.shell:Creating environment descriptor '/home/sonvu/ur_ws/install/ur_llm_planner/share/ur_llm_planner/hook/cmake_prefix_path.dsv'
[9.154s] INFO:colcon.colcon_core.shell:Creating environment hook '/home/sonvu/ur_ws/install/ur_llm_planner/share/ur_llm_planner/hook/cmake_prefix_path.sh'
[9.155s] Level 1:colcon.colcon_core.environment:checking '/home/sonvu/ur_ws/install/ur_llm_planner/lib'
[9.155s] Level 1:colcon.colcon_core.shell:create_environment_hook('ur_llm_planner', 'ld_library_path_lib')
[9.156s] INFO:colcon.colcon_core.shell:Creating environment hook '/home/sonvu/ur_ws/install/ur_llm_planner/share/ur_llm_planner/hook/ld_library_path_lib.ps1'
[9.156s] INFO:colcon.colcon_core.shell:Creating environment descriptor '/home/sonvu/ur_ws/install/ur_llm_planner/share/ur_llm_planner/hook/ld_library_path_lib.dsv'
[9.156s] INFO:colcon.colcon_core.shell:Creating environment hook '/home/sonvu/ur_ws/install/ur_llm_planner/share/ur_llm_planner/hook/ld_library_path_lib.sh'
[9.156s] Level 1:colcon.colcon_core.environment:checking '/home/sonvu/ur_ws/install/ur_llm_planner/bin'
[9.157s] Level 1:colcon.colcon_core.environment:checking '/home/sonvu/ur_ws/install/ur_llm_planner/lib/pkgconfig/ur_llm_planner.pc'
[9.157s] Level 1:colcon.colcon_core.environment:checking '/home/sonvu/ur_ws/install/ur_llm_planner/lib/python3.10/site-packages'
[9.157s] Level 1:colcon.colcon_core.environment:checking '/home/sonvu/ur_ws/install/ur_llm_planner/bin'
[9.157s] INFO:colcon.colcon_core.shell:Creating package script '/home/sonvu/ur_ws/install/ur_llm_planner/share/ur_llm_planner/package.ps1'
[9.158s] INFO:colcon.colcon_core.shell:Creating package descriptor '/home/sonvu/ur_ws/install/ur_llm_planner/share/ur_llm_planner/package.dsv'
[9.158s] INFO:colcon.colcon_core.shell:Creating package script '/home/sonvu/ur_ws/install/ur_llm_planner/share/ur_llm_planner/package.sh'
[9.159s] INFO:colcon.colcon_core.shell:Creating package script '/home/sonvu/ur_ws/install/ur_llm_planner/share/ur_llm_planner/package.bash'
[9.159s] INFO:colcon.colcon_core.shell:Creating package script '/home/sonvu/ur_ws/install/ur_llm_planner/share/ur_llm_planner/package.zsh'
[9.160s] Level 1:colcon.colcon_core.environment:create_file_with_runtime_dependencies(/home/sonvu/ur_ws/install/ur_llm_planner/share/colcon-core/packages/ur_llm_planner)
[9.160s] Level 1:colcon.colcon_core.environment:create_environment_scripts_only(ur_llm_planner)
[9.160s] Level 1:colcon.colcon_core.environment:checking '/home/sonvu/ur_ws/install/ur_llm_planner' for CMake module files
[9.161s] Level 1:colcon.colcon_core.environment:checking '/home/sonvu/ur_ws/install/ur_llm_planner' for CMake config files
[9.161s] Level 1:colcon.colcon_core.shell:create_environment_hook('ur_llm_planner', 'cmake_prefix_path')
[9.161s] INFO:colcon.colcon_core.shell:Creating environment hook '/home/sonvu/ur_ws/install/ur_llm_planner/share/ur_llm_planner/hook/cmake_prefix_path.ps1'
[9.161s] INFO:colcon.colcon_core.shell:Creating environment descriptor '/home/sonvu/ur_ws/install/ur_llm_planner/share/ur_llm_planner/hook/cmake_prefix_path.dsv'
[9.161s] INFO:colcon.colcon_core.shell:Creating environment hook '/home/sonvu/ur_ws/install/ur_llm_planner/share/ur_llm_planner/hook/cmake_prefix_path.sh'
[9.162s] Level 1:colcon.colcon_core.environment:checking '/home/sonvu/ur_ws/install/ur_llm_planner/lib'
[9.162s] Level 1:colcon.colcon_core.shell:create_environment_hook('ur_llm_planner', 'ld_library_path_lib')
[9.162s] INFO:colcon.colcon_core.shell:Creating environment hook '/home/sonvu/ur_ws/install/ur_llm_planner/share/ur_llm_planner/hook/ld_library_path_lib.ps1'
[9.162s] INFO:colcon.colcon_core.shell:Creating environment descriptor '/home/sonvu/ur_ws/install/ur_llm_planner/share/ur_llm_planner/hook/ld_library_path_lib.dsv'
[9.162s] INFO:colcon.colcon_core.shell:Creating environment hook '/home/sonvu/ur_ws/install/ur_llm_planner/share/ur_llm_planner/hook/ld_library_path_lib.sh'
[9.163s] Level 1:colcon.colcon_core.environment:checking '/home/sonvu/ur_ws/install/ur_llm_planner/bin'
[9.163s] Level 1:colcon.colcon_core.environment:checking '/home/sonvu/ur_ws/install/ur_llm_planner/lib/pkgconfig/ur_llm_planner.pc'
[9.163s] Level 1:colcon.colcon_core.environment:checking '/home/sonvu/ur_ws/install/ur_llm_planner/lib/python3.10/site-packages'
[9.163s] Level 1:colcon.colcon_core.environment:checking '/home/sonvu/ur_ws/install/ur_llm_planner/bin'
[9.163s] INFO:colcon.colcon_core.shell:Creating package script '/home/sonvu/ur_ws/install/ur_llm_planner/share/ur_llm_planner/package.ps1'
[9.164s] INFO:colcon.colcon_core.shell:Creating package descriptor '/home/sonvu/ur_ws/install/ur_llm_planner/share/ur_llm_planner/package.dsv'
[9.164s] INFO:colcon.colcon_core.shell:Creating package script '/home/sonvu/ur_ws/install/ur_llm_planner/share/ur_llm_planner/package.sh'
[9.164s] INFO:colcon.colcon_core.shell:Creating package script '/home/sonvu/ur_ws/install/ur_llm_planner/share/ur_llm_planner/package.bash'
[9.165s] INFO:colcon.colcon_core.shell:Creating package script '/home/sonvu/ur_ws/install/ur_llm_planner/share/ur_llm_planner/package.zsh'
[9.165s] Level 1:colcon.colcon_core.environment:create_file_with_runtime_dependencies(/home/sonvu/ur_ws/install/ur_llm_planner/share/colcon-core/packages/ur_llm_planner)
[9.165s] DEBUG:colcon.colcon_parallel_executor.executor.parallel:closing loop
[9.165s] DEBUG:colcon.colcon_parallel_executor.executor.parallel:loop closed
[9.165s] DEBUG:colcon.colcon_parallel_executor.executor.parallel:run_until_complete finished with '0'
[9.165s] DEBUG:colcon.colcon_core.event_reactor:joining thread
[9.169s] INFO:colcon.colcon_core.plugin_system:Skipping extension 'colcon_notification.desktop_notification.terminal_notifier': Not used on non-Darwin systems
[9.169s] INFO:colcon.colcon_core.plugin_system:Skipping extension 'colcon_notification.desktop_notification.win32': Not used on non-Windows systems
[9.169s] INFO:colcon.colcon_notification.desktop_notification:Sending desktop notification using 'notify2'
[9.179s] DEBUG:colcon.colcon_core.event_reactor:joined thread
[9.180s] INFO:colcon.colcon_core.shell:Creating prefix script '/home/sonvu/ur_ws/install/local_setup.ps1'
[9.180s] INFO:colcon.colcon_core.shell:Creating prefix util module '/home/sonvu/ur_ws/install/_local_setup_util_ps1.py'
[9.181s] INFO:colcon.colcon_core.shell:Creating prefix chain script '/home/sonvu/ur_ws/install/setup.ps1'
[9.183s] INFO:colcon.colcon_core.shell:Creating prefix script '/home/sonvu/ur_ws/install/local_setup.sh'
[9.183s] INFO:colcon.colcon_core.shell:Creating prefix util module '/home/sonvu/ur_ws/install/_local_setup_util_sh.py'
[9.184s] INFO:colcon.colcon_core.shell:Creating prefix chain script '/home/sonvu/ur_ws/install/setup.sh'
[9.185s] INFO:colcon.colcon_core.shell:Creating prefix script '/home/sonvu/ur_ws/install/local_setup.bash'
[9.185s] INFO:colcon.colcon_core.shell:Creating prefix chain script '/home/sonvu/ur_ws/install/setup.bash'
[9.186s] INFO:colcon.colcon_core.shell:Creating prefix script '/home/sonvu/ur_ws/install/local_setup.zsh'
[9.186s] INFO:colcon.colcon_core.shell:Creating prefix chain script '/home/sonvu/ur_ws/install/setup.zsh'
