[0.009s] Invoking command in '/home/sonvu/ur_ws/build/ur_robot_driver': AMENT_PREFIX_PATH=/home/sonvu/ur_ws/install/ur_controllers:/home/sonvu/ur_ws/install/ur_dashboard_msgs:${AMENT_PREFIX_PATH} CMAKE_PREFIX_PATH=/home/sonvu/ur_ws/install/ur_controllers:/home/sonvu/ur_ws/install/ur_dashboard_msgs:/home/sonvu/rtablc_base/install/rtablc_experiment:/opt/ros/humble LD_LIBRARY_PATH=/home/sonvu/ur_ws/install/ur_controllers/lib:/home/sonvu/ur_ws/install/ur_dashboard_msgs/lib:${LD_LIBRARY_PATH} PYTHONPATH=/home/sonvu/ur_ws/install/ur_dashboard_msgs/local/lib/python3.10/dist-packages:${PYTHONPATH} /usr/bin/cmake /home/sonvu/ur_ws/src/Universal_Robots_ROS2_Driver/ur_robot_driver -DAMENT_CMAKE_SYMLINK_INSTALL=1 -DCMAKE_INSTALL_PREFIX=/home/sonvu/ur_ws/install/ur_robot_driver
[0.065s] -- The C compiler identification is GNU 11.4.0
[0.104s] -- The CXX compiler identification is GNU 11.4.0
[0.108s] -- Detecting C compiler ABI info
[0.163s] -- Detecting C compiler ABI info - done
[0.169s] -- Check for working C compiler: /usr/bin/cc - skipped
[0.169s] -- Detecting C compile features
[0.169s] -- Detecting C compile features - done
[0.172s] -- Detecting CXX compiler ABI info
[0.234s] -- Detecting CXX compiler ABI info - done
[0.239s] -- Check for working CXX compiler: /usr/bin/c++ - skipped
[0.240s] -- Detecting CXX compile features
[0.240s] -- Detecting CXX compile features - done
[0.240s] [0mur_robot_driver: You did not request a specific build type: selecting 'RelWithDebInfo'.[0m
[0.242s] -- Found ament_cmake: 1.3.14 (/opt/ros/humble/share/ament_cmake/cmake)
[0.357s] -- Found Python3: /usr/bin/python3 (found version "3.10.12") found components: Interpreter 
[0.400s] -- Override CMake install command with custom implementation using symlinks instead of copying resources
[0.427s] -- Found controller_manager: 2.54.0 (/opt/ros/humble/share/controller_manager/cmake)
[0.463s] -- Found rosidl_generator_c: 3.1.8 (/opt/ros/humble/share/rosidl_generator_c/cmake)
[0.468s] -- Found rosidl_adapter: 3.1.8 (/opt/ros/humble/share/rosidl_adapter/cmake)
[0.474s] -- Found rosidl_generator_cpp: 3.1.8 (/opt/ros/humble/share/rosidl_generator_cpp/cmake)
[0.483s] -- Using all available rosidl_typesupport_c: rosidl_typesupport_fastrtps_c;rosidl_typesupport_introspection_c
[0.496s] -- Using all available rosidl_typesupport_cpp: rosidl_typesupport_fastrtps_cpp;rosidl_typesupport_introspection_cpp
[0.638s] -- Found rmw_implementation_cmake: 6.1.2 (/opt/ros/humble/share/rmw_implementation_cmake/cmake)
[0.640s] -- Found rmw_fastrtps_cpp: 6.2.10 (/opt/ros/humble/share/rmw_fastrtps_cpp/cmake)
[0.659s] -- Found TinyXML2 via Config file: TinyXML2_DIR-NOTFOUND
[0.706s] -- Found OpenSSL: /usr/lib/x86_64-linux-gnu/libcrypto.so (found version "3.0.2")  
[0.708s] -- Found TinyXML2 via Config file: TinyXML2_DIR-NOTFOUND
[0.720s] -- Found FastRTPS: /opt/ros/humble/include  
[0.722s] -- Found TinyXML2 via Config file: TinyXML2_DIR-NOTFOUND
[0.731s] -- Found TinyXML2 via Config file: TinyXML2_DIR-NOTFOUND
[0.744s] -- Using RMW implementation 'rmw_fastrtps_cpp' as default
[0.752s] -- Looking for pthread.h
[0.853s] -- Looking for pthread.h - found
[0.853s] -- Performing Test CMAKE_HAVE_LIBC_PTHREAD
[0.968s] -- Performing Test CMAKE_HAVE_LIBC_PTHREAD - Success
[0.969s] -- Found Threads: TRUE  
[1.038s] -- Found rclpy: 3.3.21 (/opt/ros/humble/share/rclpy/cmake)
[1.040s] -- Found std_srvs: 4.9.1 (/opt/ros/humble/share/std_srvs/cmake)
[1.047s] -- Found tf2_geometry_msgs: 0.25.20 (/opt/ros/humble/share/tf2_geometry_msgs/cmake)
[1.058s] -- Found eigen3_cmake_module: 0.1.1 (/opt/ros/humble/share/eigen3_cmake_module/cmake)
[1.059s] -- Found Eigen3: TRUE (found version "3.4.0") 
[1.059s] -- Ensuring Eigen3 include directory is part of orocos-kdl CMake target
[1.100s] -- Found ur_dashboard_msgs: 2.15.0 (/home/sonvu/ur_ws/install/ur_dashboard_msgs/share/ur_dashboard_msgs/cmake)
[1.111s] -- Found ur_msgs: 2.6.0 (/opt/ros/humble/share/ur_msgs/cmake)
[1.261s] -- Found ament_cmake_gmock: 1.3.14 (/opt/ros/humble/share/ament_cmake_gmock/cmake)
[1.262s] -- Found ur_controllers: 2.15.0 (/home/sonvu/ur_ws/install/ur_controllers/share/ur_controllers/cmake)
[1.336s] -- Found ur_description: 2.13.0 (/opt/ros/humble/share/ur_description/cmake)
[1.338s] -- Found launch_testing_ament_cmake: 1.0.14 (/opt/ros/humble/share/launch_testing_ament_cmake/cmake)
[1.339s] -- Found python_cmake_module: 0.10.0 (/opt/ros/humble/share/python_cmake_module/cmake)
[1.354s] -- Found PythonInterp: /usr/bin/python3 (found suitable version "3.10.12", minimum required is "3.6") 
[1.358s] -- Found PythonLibs: /usr/lib/x86_64-linux-gnu/libpython3.10.so (found suitable version "3.10.12", minimum required is "3.5") 
[1.358s] -- Using PYTHON_EXECUTABLE: /usr/bin/python3
[1.358s] -- Using PYTHON_INCLUDE_DIRS: /usr/include/python3.10
[1.358s] -- Using PYTHON_LIBRARIES: /usr/lib/x86_64-linux-gnu/libpython3.10.so
[1.383s] -- Found PythonExtra: .so  
[1.386s] -- Found gmock sources under '/opt/ros/humble/src/gmock_vendor': C++ tests using 'Google Mock' will be built
[1.392s] -- Found ament_cmake_gtest: 1.3.14 (/opt/ros/humble/share/ament_cmake_gtest/cmake)
[1.392s] -- Found gtest sources under '/opt/ros/humble/src/gtest_vendor': C++ tests using 'Google Test' will be built
[1.397s] -- Configuring done
[1.441s] -- Generating done
[1.458s] -- Build files have been written to: /home/sonvu/ur_ws/build/ur_robot_driver
[1.468s] Invoked command in '/home/sonvu/ur_ws/build/ur_robot_driver' returned '0': AMENT_PREFIX_PATH=/home/sonvu/ur_ws/install/ur_controllers:/home/sonvu/ur_ws/install/ur_dashboard_msgs:${AMENT_PREFIX_PATH} CMAKE_PREFIX_PATH=/home/sonvu/ur_ws/install/ur_controllers:/home/sonvu/ur_ws/install/ur_dashboard_msgs:/home/sonvu/rtablc_base/install/rtablc_experiment:/opt/ros/humble LD_LIBRARY_PATH=/home/sonvu/ur_ws/install/ur_controllers/lib:/home/sonvu/ur_ws/install/ur_dashboard_msgs/lib:${LD_LIBRARY_PATH} PYTHONPATH=/home/sonvu/ur_ws/install/ur_dashboard_msgs/local/lib/python3.10/dist-packages:${PYTHONPATH} /usr/bin/cmake /home/sonvu/ur_ws/src/Universal_Robots_ROS2_Driver/ur_robot_driver -DAMENT_CMAKE_SYMLINK_INSTALL=1 -DCMAKE_INSTALL_PREFIX=/home/sonvu/ur_ws/install/ur_robot_driver
[1.469s] Invoking command in '/home/sonvu/ur_ws/build/ur_robot_driver': AMENT_PREFIX_PATH=/home/sonvu/ur_ws/install/ur_controllers:/home/sonvu/ur_ws/install/ur_dashboard_msgs:${AMENT_PREFIX_PATH} CMAKE_PREFIX_PATH=/home/sonvu/ur_ws/install/ur_controllers:/home/sonvu/ur_ws/install/ur_dashboard_msgs:/home/sonvu/rtablc_base/install/rtablc_experiment:/opt/ros/humble LD_LIBRARY_PATH=/home/sonvu/ur_ws/install/ur_controllers/lib:/home/sonvu/ur_ws/install/ur_dashboard_msgs/lib:${LD_LIBRARY_PATH} PYTHONPATH=/home/sonvu/ur_ws/install/ur_dashboard_msgs/local/lib/python3.10/dist-packages:${PYTHONPATH} /usr/bin/cmake --build /home/sonvu/ur_ws/build/ur_robot_driver -- -j16 -l16
[1.513s] [  3%] [32mBuilding CXX object CMakeFiles/robot_state_helper_lib.dir/src/urcl_log_handler.cpp.o[0m
[1.513s] [  6%] [32mBuilding CXX object CMakeFiles/trajectory_until_node.dir/src/trajectory_until_node.cpp.o[0m
[1.513s] [ 13%] [32mBuilding CXX object CMakeFiles/urscript_interface.dir/src/urscript_interface.cpp.o[0m
[1.513s] [ 13%] [32mBuilding CXX object CMakeFiles/ur_ros2_control_node.dir/src/ur_ros2_control_node.cpp.o[0m
[1.513s] [ 17%] [32mBuilding CXX object CMakeFiles/ur_robot_driver_plugin.dir/src/dashboard_client_ros.cpp.o[0m
[1.513s] [ 20%] [32mBuilding CXX object CMakeFiles/robot_state_helper_lib.dir/src/robot_state_helper.cpp.o[0m
[1.513s] [ 27%] [32mBuilding CXX object CMakeFiles/ur_robot_driver_plugin.dir/src/urcl_log_handler.cpp.o[0m
[1.513s] [ 27%] [32mBuilding CXX object CMakeFiles/ur_robot_driver_plugin.dir/src/hardware_interface.cpp.o[0m
[1.520s] [ 31%] [32mBuilding CXX object gmock/CMakeFiles/gmock.dir/opt/ros/humble/src/gtest_vendor/src/gtest-all.cc.o[0m
[1.520s] [ 37%] [32mBuilding CXX object CMakeFiles/controller_stopper_node.dir/src/controller_stopper_node.cpp.o[0m
[1.520s] [ 37%] [32mBuilding CXX object CMakeFiles/controller_stopper_node.dir/src/controller_stopper.cpp.o[0m
[1.520s] [ 41%] [32mBuilding CXX object gmock/CMakeFiles/gmock_main.dir/src/gmock_main.cc.o[0m
[1.520s] [ 48%] [32mBuilding CXX object CMakeFiles/dashboard_client.dir/src/dashboard_client_node.cpp.o[0m
[1.520s] [ 48%] [32mBuilding CXX object CMakeFiles/dashboard_client.dir/src/dashboard_client_ros.cpp.o[0m
[1.520s] [ 51%] [32mBuilding CXX object gmock/CMakeFiles/gmock.dir/src/gmock-all.cc.o[0m
[1.520s] [ 51%] Built target ament_cmake_python_symlink_ur_robot_driver
[1.529s] [ 55%] [32mBuilding CXX object CMakeFiles/dashboard_client.dir/src/urcl_log_handler.cpp.o[0m
[2.699s] running egg_info
[2.699s] creating ur_robot_driver.egg-info
[2.700s] writing ur_robot_driver.egg-info/PKG-INFO
[2.700s] writing dependency_links to ur_robot_driver.egg-info/dependency_links.txt
[2.700s] writing top-level names to ur_robot_driver.egg-info/top_level.txt
[2.700s] writing manifest file 'ur_robot_driver.egg-info/SOURCES.txt'
[2.703s] reading manifest file 'ur_robot_driver.egg-info/SOURCES.txt'
[2.704s] writing manifest file 'ur_robot_driver.egg-info/SOURCES.txt'
[2.744s] [ 55%] Built target ament_cmake_python_build_ur_robot_driver_egg
[2.905s] [ 58%] [32m[1mLinking CXX static library libgmock_main.a[0m
[2.929s] [ 58%] Built target gmock_main
[6.132s] [ 62%] [32m[1mLinking CXX executable ur_ros2_control_node[0m
[6.251s] [ 62%] Built target ur_ros2_control_node
[8.949s] [ 65%] [32m[1mLinking CXX static library libgmock.a[0m
[9.004s] [ 65%] Built target gmock
[11.394s] [ 68%] [32m[1mLinking CXX executable trajectory_until_node[0m
[11.635s] [ 68%] Built target trajectory_until_node
[15.441s] [ 72%] [32m[1mLinking CXX executable controller_stopper_node[0m
[15.688s] [ 72%] Built target controller_stopper_node
[15.999s] [ 75%] [32m[1mLinking CXX executable urscript_interface[0m
[16.250s] [ 75%] Built target urscript_interface
[23.269s] [ 79%] [32m[1mLinking CXX shared library librobot_state_helper_lib.so[0m
[23.616s] [ 79%] Built target robot_state_helper_lib
[23.637s] [ 82%] [32mBuilding CXX object CMakeFiles/robot_state_helper.dir/src/robot_state_helper_node.cpp.o[0m
[23.638s] [ 86%] [32mBuilding CXX object CMakeFiles/test_robot_state_helper.dir/test/test_robot_state_helper.cpp.o[0m
[25.676s] [ 89%] [32m[1mLinking CXX executable robot_state_helper[0m
[25.813s] [ 89%] Built target robot_state_helper
[32.404s] [ 93%] [32m[1mLinking CXX executable test_robot_state_helper[0m
[32.655s] [ 93%] Built target test_robot_state_helper
[33.298s] [ 96%] [32m[1mLinking CXX shared library libur_robot_driver_plugin.so[0m
[33.746s] [ 96%] Built target ur_robot_driver_plugin
[35.386s] [100%] [32m[1mLinking CXX executable dashboard_client[0m
[35.810s] [100%] Built target dashboard_client
[35.827s] Invoked command in '/home/sonvu/ur_ws/build/ur_robot_driver' returned '0': AMENT_PREFIX_PATH=/home/sonvu/ur_ws/install/ur_controllers:/home/sonvu/ur_ws/install/ur_dashboard_msgs:${AMENT_PREFIX_PATH} CMAKE_PREFIX_PATH=/home/sonvu/ur_ws/install/ur_controllers:/home/sonvu/ur_ws/install/ur_dashboard_msgs:/home/sonvu/rtablc_base/install/rtablc_experiment:/opt/ros/humble LD_LIBRARY_PATH=/home/sonvu/ur_ws/install/ur_controllers/lib:/home/sonvu/ur_ws/install/ur_dashboard_msgs/lib:${LD_LIBRARY_PATH} PYTHONPATH=/home/sonvu/ur_ws/install/ur_dashboard_msgs/local/lib/python3.10/dist-packages:${PYTHONPATH} /usr/bin/cmake --build /home/sonvu/ur_ws/build/ur_robot_driver -- -j16 -l16
[35.833s] Invoking command in '/home/sonvu/ur_ws/build/ur_robot_driver': AMENT_PREFIX_PATH=/home/sonvu/ur_ws/install/ur_controllers:/home/sonvu/ur_ws/install/ur_dashboard_msgs:${AMENT_PREFIX_PATH} CMAKE_PREFIX_PATH=/home/sonvu/ur_ws/install/ur_controllers:/home/sonvu/ur_ws/install/ur_dashboard_msgs:/home/sonvu/rtablc_base/install/rtablc_experiment:/opt/ros/humble LD_LIBRARY_PATH=/home/sonvu/ur_ws/install/ur_controllers/lib:/home/sonvu/ur_ws/install/ur_dashboard_msgs/lib:${LD_LIBRARY_PATH} PYTHONPATH=/home/sonvu/ur_ws/install/ur_dashboard_msgs/local/lib/python3.10/dist-packages:${PYTHONPATH} /usr/bin/cmake --install /home/sonvu/ur_ws/build/ur_robot_driver
[35.847s] -- Install configuration: "RelWithDebInfo"
[35.847s] -- Execute custom install script
[35.847s] -- Symlinking: /home/sonvu/ur_ws/install/ur_robot_driver/share/ur_robot_driver//hardware_interface_plugin.xml
[35.855s] -- Symlinking: /home/sonvu/ur_ws/install/ur_robot_driver/lib/ur_robot_driver/controller_stopper_node
[35.867s] -- Symlinking: /home/sonvu/ur_ws/install/ur_robot_driver/lib/ur_robot_driver/dashboard_client
[35.890s] -- Symlinking: /home/sonvu/ur_ws/install/ur_robot_driver/lib/ur_robot_driver/robot_state_helper
[35.909s] -- Symlinking: /home/sonvu/ur_ws/install/ur_robot_driver/lib/ur_robot_driver/trajectory_until_node
[35.920s] -- Symlinking: /home/sonvu/ur_ws/install/ur_robot_driver/lib/ur_robot_driver/ur_ros2_control_node
[35.934s] -- Symlinking: /home/sonvu/ur_ws/install/ur_robot_driver/lib/ur_robot_driver/urscript_interface
[35.953s] -- Symlinking: /home/sonvu/ur_ws/install/ur_robot_driver/lib/libur_robot_driver_plugin.so
[35.971s] -- Symlinking: /home/sonvu/ur_ws/install/ur_robot_driver/include/ur_robot_driver/controller_stopper.hpp
[35.985s] -- Symlinking: /home/sonvu/ur_ws/install/ur_robot_driver/include/ur_robot_driver/dashboard_client_ros.hpp
[36.000s] -- Symlinking: /home/sonvu/ur_ws/install/ur_robot_driver/include/ur_robot_driver/hardware_interface.hpp
[36.015s] -- Symlinking: /home/sonvu/ur_ws/install/ur_robot_driver/include/ur_robot_driver/robot_state_helper.hpp
[36.033s] -- Symlinking: /home/sonvu/ur_ws/install/ur_robot_driver/include/ur_robot_driver/trajectory_until_node.hpp
[36.053s] -- Symlinking: /home/sonvu/ur_ws/install/ur_robot_driver/include/ur_robot_driver/urcl_log_handler.hpp
[36.060s] -- Symlinking: /home/sonvu/ur_ws/install/ur_robot_driver/share/ur_robot_driver/environment/library_path.sh
[36.071s] -- Symlinking: /home/sonvu/ur_ws/install/ur_robot_driver/share/ur_robot_driver/environment/library_path.dsv
[36.088s] -- Up-to-date symlink: /home/sonvu/ur_ws/install/ur_robot_driver/include/ur_robot_driver/controller_stopper.hpp
[36.088s] -- Up-to-date symlink: /home/sonvu/ur_ws/install/ur_robot_driver/include/ur_robot_driver/dashboard_client_ros.hpp
[36.089s] -- Up-to-date symlink: /home/sonvu/ur_ws/install/ur_robot_driver/include/ur_robot_driver/hardware_interface.hpp
[36.089s] -- Up-to-date symlink: /home/sonvu/ur_ws/install/ur_robot_driver/include/ur_robot_driver/robot_state_helper.hpp
[36.089s] -- Up-to-date symlink: /home/sonvu/ur_ws/install/ur_robot_driver/include/ur_robot_driver/trajectory_until_node.hpp
[36.089s] -- Up-to-date symlink: /home/sonvu/ur_ws/install/ur_robot_driver/include/ur_robot_driver/urcl_log_handler.hpp
[36.089s] -- Symlinking: /home/sonvu/ur_ws/install/ur_robot_driver/share/ur_robot_driver/environment/pythonpath.sh
[36.101s] -- Symlinking: /home/sonvu/ur_ws/install/ur_robot_driver/share/ur_robot_driver/environment/pythonpath.dsv
[36.128s] -- Symlinking: /home/sonvu/ur_ws/install/ur_robot_driver/local/lib/python3.10/dist-packages/ur_robot_driver-2.15.0-py3.10.egg-info/PKG-INFO
[36.140s] -- Symlinking: /home/sonvu/ur_ws/install/ur_robot_driver/local/lib/python3.10/dist-packages/ur_robot_driver-2.15.0-py3.10.egg-info/SOURCES.txt
[36.150s] -- Symlinking: /home/sonvu/ur_ws/install/ur_robot_driver/local/lib/python3.10/dist-packages/ur_robot_driver-2.15.0-py3.10.egg-info/dependency_links.txt
[36.158s] -- Symlinking: /home/sonvu/ur_ws/install/ur_robot_driver/local/lib/python3.10/dist-packages/ur_robot_driver-2.15.0-py3.10.egg-info/top_level.txt
[36.167s] -- Symlinking: /home/sonvu/ur_ws/install/ur_robot_driver/local/lib/python3.10/dist-packages/ur_robot_driver/__init__.py
[36.189s] -- Symlinking: /home/sonvu/ur_ws/install/ur_robot_driver/lib/ur_robot_driver/tool_communication.py
[36.217s] -- Symlinking: /home/sonvu/ur_ws/install/ur_robot_driver/lib/ur_robot_driver/example_move.py
[36.241s] -- Symlinking: /home/sonvu/ur_ws/install/ur_robot_driver/lib/ur_robot_driver/start_ursim.sh
[36.253s] -- Symlinking: /home/sonvu/ur_ws/install/ur_robot_driver/lib/ur_robot_driver/wait_robot_booted.py
[36.277s] -- Symlinking: /home/sonvu/ur_ws/install/ur_robot_driver/lib/ur_robot_driver/examples.py
[36.312s] -- Symlinking: /home/sonvu/ur_ws/install/ur_robot_driver/lib/ur_robot_driver/force_mode.py
[36.328s] -- Symlinking: /home/sonvu/ur_ws/install/ur_robot_driver/lib/ur_robot_driver/move_until_example.py
[36.335s] -- Symlinking: /home/sonvu/ur_ws/install/ur_robot_driver/bin/wait_dashboard_server.sh
[36.345s] -- Up-to-date symlink: /home/sonvu/ur_ws/install/ur_robot_driver/lib/ur_robot_driver/start_ursim.sh
[36.354s] -- Symlinking: /home/sonvu/ur_ws/install/ur_robot_driver/share/ur_robot_driver/config/test_goal_publishers_config.yaml
[36.374s] -- Symlinking: /home/sonvu/ur_ws/install/ur_robot_driver/share/ur_robot_driver/config/test_velocity_goal_publishers_config.yaml
[36.386s] -- Symlinking: /home/sonvu/ur_ws/install/ur_robot_driver/share/ur_robot_driver/config/ur10_update_rate.yaml
[36.398s] -- Symlinking: /home/sonvu/ur_ws/install/ur_robot_driver/share/ur_robot_driver/config/ur10e_update_rate.yaml
[36.410s] -- Symlinking: /home/sonvu/ur_ws/install/ur_robot_driver/share/ur_robot_driver/config/ur12e_update_rate.yaml
[36.416s] -- Symlinking: /home/sonvu/ur_ws/install/ur_robot_driver/share/ur_robot_driver/config/ur15_update_rate.yaml
[36.425s] -- Symlinking: /home/sonvu/ur_ws/install/ur_robot_driver/share/ur_robot_driver/config/ur16e_update_rate.yaml
[36.433s] -- Symlinking: /home/sonvu/ur_ws/install/ur_robot_driver/share/ur_robot_driver/config/ur18_update_rate.yaml
[36.444s] -- Symlinking: /home/sonvu/ur_ws/install/ur_robot_driver/share/ur_robot_driver/config/ur20_update_rate.yaml
[36.455s] -- Symlinking: /home/sonvu/ur_ws/install/ur_robot_driver/share/ur_robot_driver/config/ur30_update_rate.yaml
[36.464s] -- Symlinking: /home/sonvu/ur_ws/install/ur_robot_driver/share/ur_robot_driver/config/ur3_update_rate.yaml
[36.477s] -- Symlinking: /home/sonvu/ur_ws/install/ur_robot_driver/share/ur_robot_driver/config/ur3e_update_rate.yaml
[36.490s] -- Symlinking: /home/sonvu/ur_ws/install/ur_robot_driver/share/ur_robot_driver/config/ur5_update_rate.yaml
[36.504s] -- Symlinking: /home/sonvu/ur_ws/install/ur_robot_driver/share/ur_robot_driver/config/ur5e_update_rate.yaml
[36.520s] -- Symlinking: /home/sonvu/ur_ws/install/ur_robot_driver/share/ur_robot_driver/config/ur7e_update_rate.yaml
[36.539s] -- Symlinking: /home/sonvu/ur_ws/install/ur_robot_driver/share/ur_robot_driver/config/ur8long_update_rate.yaml
[36.550s] -- Symlinking: /home/sonvu/ur_ws/install/ur_robot_driver/share/ur_robot_driver/config/ur_controllers.yaml
[36.583s] -- Symlinking: /home/sonvu/ur_ws/install/ur_robot_driver/share/ur_robot_driver/launch/test_forward_velocity_controller.launch.py
[36.597s] -- Symlinking: /home/sonvu/ur_ws/install/ur_robot_driver/share/ur_robot_driver/launch/test_joint_trajectory_controller.launch.py
[36.619s] -- Symlinking: /home/sonvu/ur_ws/install/ur_robot_driver/share/ur_robot_driver/launch/test_scaled_joint_trajectory_controller.launch.py
[36.634s] -- Symlinking: /home/sonvu/ur_ws/install/ur_robot_driver/share/ur_robot_driver/launch/ur10.launch.py
[36.649s] -- Symlinking: /home/sonvu/ur_ws/install/ur_robot_driver/share/ur_robot_driver/launch/ur10e.launch.py
[36.666s] -- Symlinking: /home/sonvu/ur_ws/install/ur_robot_driver/share/ur_robot_driver/launch/ur12e.launch.py
[36.679s] -- Symlinking: /home/sonvu/ur_ws/install/ur_robot_driver/share/ur_robot_driver/launch/ur15.launch.py
[36.694s] -- Symlinking: /home/sonvu/ur_ws/install/ur_robot_driver/share/ur_robot_driver/launch/ur16e.launch.py
[36.707s] -- Symlinking: /home/sonvu/ur_ws/install/ur_robot_driver/share/ur_robot_driver/launch/ur18.launch.py
[36.721s] -- Symlinking: /home/sonvu/ur_ws/install/ur_robot_driver/share/ur_robot_driver/launch/ur20.launch.py
[36.733s] -- Symlinking: /home/sonvu/ur_ws/install/ur_robot_driver/share/ur_robot_driver/launch/ur3.launch.py
[36.754s] -- Symlinking: /home/sonvu/ur_ws/install/ur_robot_driver/share/ur_robot_driver/launch/ur30.launch.py
[36.776s] -- Symlinking: /home/sonvu/ur_ws/install/ur_robot_driver/share/ur_robot_driver/launch/ur3e.launch.py
[36.802s] -- Symlinking: /home/sonvu/ur_ws/install/ur_robot_driver/share/ur_robot_driver/launch/ur5.launch.py
[36.829s] -- Symlinking: /home/sonvu/ur_ws/install/ur_robot_driver/share/ur_robot_driver/launch/ur5e.launch.py
[36.850s] -- Symlinking: /home/sonvu/ur_ws/install/ur_robot_driver/share/ur_robot_driver/launch/ur7e.launch.py
[36.878s] -- Symlinking: /home/sonvu/ur_ws/install/ur_robot_driver/share/ur_robot_driver/launch/ur8long.launch.py
[36.893s] -- Symlinking: /home/sonvu/ur_ws/install/ur_robot_driver/share/ur_robot_driver/launch/ur_control.launch.py
[36.903s] -- Symlinking: /home/sonvu/ur_ws/install/ur_robot_driver/share/ur_robot_driver/launch/ur_dashboard_client.launch.py
[36.915s] -- Symlinking: /home/sonvu/ur_ws/install/ur_robot_driver/share/ament_index/resource_index/package_run_dependencies/ur_robot_driver
[36.931s] -- Symlinking: /home/sonvu/ur_ws/install/ur_robot_driver/share/ament_index/resource_index/parent_prefix_path/ur_robot_driver
[36.942s] -- Symlinking: /home/sonvu/ur_ws/install/ur_robot_driver/share/ur_robot_driver/environment/ament_prefix_path.sh
[36.950s] -- Symlinking: /home/sonvu/ur_ws/install/ur_robot_driver/share/ur_robot_driver/environment/ament_prefix_path.dsv
[36.959s] -- Symlinking: /home/sonvu/ur_ws/install/ur_robot_driver/share/ur_robot_driver/environment/path.sh
[36.977s] -- Symlinking: /home/sonvu/ur_ws/install/ur_robot_driver/share/ur_robot_driver/environment/path.dsv
[36.996s] -- Symlinking: /home/sonvu/ur_ws/install/ur_robot_driver/share/ur_robot_driver/local_setup.bash
[37.027s] -- Symlinking: /home/sonvu/ur_ws/install/ur_robot_driver/share/ur_robot_driver/local_setup.sh
[37.050s] -- Symlinking: /home/sonvu/ur_ws/install/ur_robot_driver/share/ur_robot_driver/local_setup.zsh
[37.069s] -- Symlinking: /home/sonvu/ur_ws/install/ur_robot_driver/share/ur_robot_driver/local_setup.dsv
[37.089s] -- Symlinking: /home/sonvu/ur_ws/install/ur_robot_driver/share/ur_robot_driver/package.dsv
[37.107s] -- Symlinking: /home/sonvu/ur_ws/install/ur_robot_driver/share/ament_index/resource_index/packages/ur_robot_driver
[37.126s] -- Symlinking: /home/sonvu/ur_ws/install/ur_robot_driver/share/ament_index/resource_index/hardware_interface__pluginlib__plugin/ur_robot_driver
[37.137s] -- Symlinking: /home/sonvu/ur_ws/install/ur_robot_driver/share/ur_robot_driver/cmake/ament_cmake_export_include_directories-extras.cmake
[37.151s] -- Symlinking: /home/sonvu/ur_ws/install/ur_robot_driver/share/ur_robot_driver/cmake/ament_cmake_export_libraries-extras.cmake
[37.160s] -- Symlinking: /home/sonvu/ur_ws/install/ur_robot_driver/share/ur_robot_driver/cmake/ament_cmake_export_dependencies-extras.cmake
[37.171s] -- Symlinking: /home/sonvu/ur_ws/install/ur_robot_driver/share/ur_robot_driver/cmake/ur_robot_driverConfig.cmake
[37.185s] -- Symlinking: /home/sonvu/ur_ws/install/ur_robot_driver/share/ur_robot_driver/cmake/ur_robot_driverConfig-version.cmake
[37.192s] -- Symlinking: /home/sonvu/ur_ws/install/ur_robot_driver/share/ur_robot_driver/package.xml
[37.202s] -- Installing: /home/sonvu/ur_ws/install/ur_robot_driver/lib/librobot_state_helper_lib.so
[37.226s] -- Set runtime path of "/home/sonvu/ur_ws/install/ur_robot_driver/lib/librobot_state_helper_lib.so" to ""
[37.226s] -- Installing: /home/sonvu/ur_ws/install/ur_robot_driver/share/ur_robot_driver/resources
[37.240s] -- Installing: /home/sonvu/ur_ws/install/ur_robot_driver/share/ur_robot_driver/resources/rtde_output_recipe.txt
[37.240s] -- Installing: /home/sonvu/ur_ws/install/ur_robot_driver/share/ur_robot_driver/resources/externalcontrol-1.0.5.urcap
[37.241s] -- Installing: /home/sonvu/ur_ws/install/ur_robot_driver/share/ur_robot_driver/resources/rtde_input_recipe.txt
[37.242s] -- Installing: /home/sonvu/ur_ws/install/ur_robot_driver/share/ur_robot_driver/resources/ros_control.urscript
[37.242s] -- Installing: /home/sonvu/ur_ws/install/ur_robot_driver/share/ur_robot_driver/resources/rs485-1.0.urcap
[37.285s] Listing '/home/sonvu/ur_ws/install/ur_robot_driver/local/lib/python3.10/dist-packages/ur_robot_driver'...
[37.285s] Compiling '/home/sonvu/ur_ws/install/ur_robot_driver/local/lib/python3.10/dist-packages/ur_robot_driver/__init__.py'...
[37.291s] Invoked command in '/home/sonvu/ur_ws/build/ur_robot_driver' returned '0': AMENT_PREFIX_PATH=/home/sonvu/ur_ws/install/ur_controllers:/home/sonvu/ur_ws/install/ur_dashboard_msgs:${AMENT_PREFIX_PATH} CMAKE_PREFIX_PATH=/home/sonvu/ur_ws/install/ur_controllers:/home/sonvu/ur_ws/install/ur_dashboard_msgs:/home/sonvu/rtablc_base/install/rtablc_experiment:/opt/ros/humble LD_LIBRARY_PATH=/home/sonvu/ur_ws/install/ur_controllers/lib:/home/sonvu/ur_ws/install/ur_dashboard_msgs/lib:${LD_LIBRARY_PATH} PYTHONPATH=/home/sonvu/ur_ws/install/ur_dashboard_msgs/local/lib/python3.10/dist-packages:${PYTHONPATH} /usr/bin/cmake --install /home/sonvu/ur_ws/build/ur_robot_driver
