[0.014s] Invoking command in '/home/sonvu/ur_ws/build/ur_llm_planner': AMENT_PREFIX_PATH=/home/sonvu/ur_ws/install/ur_simulation_gz:/home/sonvu/ur_ws/install/ur_controllers:/home/sonvu/ur_ws/install/ur_moveit_config:/home/sonvu/ur_ws/install/ur_dashboard_msgs:${AMENT_PREFIX_PATH} CMAKE_PREFIX_PATH=/home/sonvu/ur_ws/install/ur_simulation_gz:/home/sonvu/ur_ws/install/ur_controllers:/home/sonvu/ur_ws/install/ur_moveit_config:/home/sonvu/ur_ws/install/ur_dashboard_msgs:/home/sonvu/rtablc_base/install/rtablc_experiment:/opt/ros/humble LD_LIBRARY_PATH=/home/sonvu/ur_ws/install/ur_controllers/lib:/home/sonvu/ur_ws/install/ur_dashboard_msgs/lib:${LD_LIBRARY_PATH} PYTHONPATH=/home/sonvu/ur_ws/install/ur_moveit_config/local/lib/python3.10/dist-packages:/home/sonvu/ur_ws/install/ur_dashboard_msgs/local/lib/python3.10/dist-packages:${PYTHONPATH} /usr/bin/cmake /home/sonvu/ur_ws/src/ur_llm_planner -DAMENT_CMAKE_SYMLINK_INSTALL=1 -DCMAKE_INSTALL_PREFIX=/home/sonvu/ur_ws/install/ur_llm_planner
[0.023s] -- Found ament_cmake: 1.3.14 (/opt/ros/humble/share/ament_cmake/cmake)
[0.110s] -- Override CMake install command with custom implementation using symlinks instead of copying resources
[0.117s] -- Found rosidl_default_generators: 1.2.1 (/opt/ros/humble/share/rosidl_default_generators/cmake)
[0.118s] -- Using all available rosidl_typesupport_c: rosidl_typesupport_fastrtps_c;rosidl_typesupport_introspection_c
[0.120s] -- Found rosidl_adapter: 3.1.8 (/opt/ros/humble/share/rosidl_adapter/cmake)
[0.141s] -- Using all available rosidl_typesupport_cpp: rosidl_typesupport_fastrtps_cpp;rosidl_typesupport_introspection_cpp
[0.160s] -- Found rclcpp: 16.0.19 (/opt/ros/humble/share/rclcpp/cmake)
[0.185s] -- Found rmw_implementation_cmake: 6.1.2 (/opt/ros/humble/share/rmw_implementation_cmake/cmake)
[0.186s] -- Found rmw_fastrtps_cpp: 6.2.10 (/opt/ros/humble/share/rmw_fastrtps_cpp/cmake)
[0.271s] -- Using RMW implementation 'rmw_fastrtps_cpp' as default
[0.304s] -- Found rclcpp_action: 16.0.19 (/opt/ros/humble/share/rclcpp_action/cmake)
[0.324s] -- Found control_msgs: 4.9.0 (/opt/ros/humble/share/control_msgs/cmake)
[0.371s] -- Found moveit_msgs: 2.2.3 (/opt/ros/humble/share/moveit_msgs/cmake)
[0.424s] -- Found moveit_ros_planning_interface: 2.5.10 (/opt/ros/humble/share/moveit_ros_planning_interface/cmake)
[0.432s] -- Found Boost: /usr/lib/x86_64-linux-gnu/cmake/Boost-1.74.0/BoostConfig.cmake (found version "1.74.0") found components: date_time filesystem program_options system thread 
[0.442s] -- Found Boost: /usr/lib/x86_64-linux-gnu/cmake/Boost-1.74.0/BoostConfig.cmake (found version "1.74.0") found components: chrono date_time filesystem iostreams program_options regex serialization system thread 
[0.458s] -- Found parameter_traits: 0.7.1 (/opt/ros/humble/share/parameter_traits/cmake)
[0.462s] -- Found rclcpp_lifecycle: 16.0.19 (/opt/ros/humble/share/rclcpp_lifecycle/cmake)
[0.503s] -- library: /usr/lib/x86_64-linux-gnu/libcurl.so
[0.523s] -- Ensuring Eigen3 include directory is part of orocos-kdl CMake target
[0.594s] -- Found Boost: /usr/lib/x86_64-linux-gnu/cmake/Boost-1.74.0/BoostConfig.cmake (found version "1.74.0") found components: system filesystem date_time program_options thread chrono 
[0.614s] -- Found Boost: /usr/lib/x86_64-linux-gnu/cmake/Boost-1.74.0/BoostConfig.cmake (found version "1.74.0") found components: thread system filesystem regex date_time program_options 
[0.628s] -- Found Boost: /usr/lib/x86_64-linux-gnu/cmake/Boost-1.74.0/BoostConfig.cmake (found version "1.74.0") found components: system filesystem date_time program_options thread 
[0.647s] -- Found ros_gz_interfaces: 0.244.24 (/opt/ros/humble/share/ros_gz_interfaces/cmake)
[0.851s] -- Found ament_cmake_ros: 0.10.0 (/opt/ros/humble/share/ament_cmake_ros/cmake)
[0.999s] -- Using all available rosidl_typesupport_c: rosidl_typesupport_fastrtps_c;rosidl_typesupport_introspection_c
[1.186s] -- Using all available rosidl_typesupport_cpp: rosidl_typesupport_fastrtps_cpp;rosidl_typesupport_introspection_cpp
[1.205s] -- Found python_cmake_module: 0.10.0 (/opt/ros/humble/share/python_cmake_module/cmake)
[1.223s] -- Using PYTHON_EXECUTABLE: /usr/bin/python3
[1.223s] -- Using PYTHON_INCLUDE_DIRS: /usr/include/python3.10
[1.223s] -- Using PYTHON_LIBRARIES: /usr/lib/x86_64-linux-gnu/libpython3.10.so
[1.716s] -- Configuring done
[1.753s] -- Generating done
[1.765s] -- Build files have been written to: /home/sonvu/ur_ws/build/ur_llm_planner
[1.777s] Invoked command in '/home/sonvu/ur_ws/build/ur_llm_planner' returned '0': AMENT_PREFIX_PATH=/home/sonvu/ur_ws/install/ur_simulation_gz:/home/sonvu/ur_ws/install/ur_controllers:/home/sonvu/ur_ws/install/ur_moveit_config:/home/sonvu/ur_ws/install/ur_dashboard_msgs:${AMENT_PREFIX_PATH} CMAKE_PREFIX_PATH=/home/sonvu/ur_ws/install/ur_simulation_gz:/home/sonvu/ur_ws/install/ur_controllers:/home/sonvu/ur_ws/install/ur_moveit_config:/home/sonvu/ur_ws/install/ur_dashboard_msgs:/home/sonvu/rtablc_base/install/rtablc_experiment:/opt/ros/humble LD_LIBRARY_PATH=/home/sonvu/ur_ws/install/ur_controllers/lib:/home/sonvu/ur_ws/install/ur_dashboard_msgs/lib:${LD_LIBRARY_PATH} PYTHONPATH=/home/sonvu/ur_ws/install/ur_moveit_config/local/lib/python3.10/dist-packages:/home/sonvu/ur_ws/install/ur_dashboard_msgs/local/lib/python3.10/dist-packages:${PYTHONPATH} /usr/bin/cmake /home/sonvu/ur_ws/src/ur_llm_planner -DAMENT_CMAKE_SYMLINK_INSTALL=1 -DCMAKE_INSTALL_PREFIX=/home/sonvu/ur_ws/install/ur_llm_planner
[1.778s] Invoking command in '/home/sonvu/ur_ws/build/ur_llm_planner': AMENT_PREFIX_PATH=/home/sonvu/ur_ws/install/ur_simulation_gz:/home/sonvu/ur_ws/install/ur_controllers:/home/sonvu/ur_ws/install/ur_moveit_config:/home/sonvu/ur_ws/install/ur_dashboard_msgs:${AMENT_PREFIX_PATH} CMAKE_PREFIX_PATH=/home/sonvu/ur_ws/install/ur_simulation_gz:/home/sonvu/ur_ws/install/ur_controllers:/home/sonvu/ur_ws/install/ur_moveit_config:/home/sonvu/ur_ws/install/ur_dashboard_msgs:/home/sonvu/rtablc_base/install/rtablc_experiment:/opt/ros/humble LD_LIBRARY_PATH=/home/sonvu/ur_ws/install/ur_controllers/lib:/home/sonvu/ur_ws/install/ur_dashboard_msgs/lib:${LD_LIBRARY_PATH} PYTHONPATH=/home/sonvu/ur_ws/install/ur_moveit_config/local/lib/python3.10/dist-packages:/home/sonvu/ur_ws/install/ur_dashboard_msgs/local/lib/python3.10/dist-packages:${PYTHONPATH} /usr/bin/cmake --build /home/sonvu/ur_ws/build/ur_llm_planner -- -j16 -l16
[1.834s] Consolidate compiler generated dependencies of target ur_llm_planner__rosidl_generator_c
[1.839s] [  2%] Built target ur_llm_planner__cpp
[1.839s] failed to create symbolic link '/home/sonvu/ur_ws/build/ur_llm_planner/ament_cmake_python/llm_planner/llm_planner' because existing path cannot be removed: Is a directory
[1.839s] [  5%] Built target ur_llm_planner__rs
[1.840s] gmake[2]: *** [CMakeFiles/ament_cmake_python_symlink_llm_planner.dir/build.make:70: CMakeFiles/ament_cmake_python_symlink_llm_planner] Error 1
[1.840s] gmake[1]: *** [CMakeFiles/Makefile2:641: CMakeFiles/ament_cmake_python_symlink_llm_planner.dir/all] Error 2
[1.840s] gmake[1]: *** Waiting for unfinished jobs....
[1.845s] failed to create symbolic link '/home/sonvu/ur_ws/build/ur_llm_planner/ament_cmake_python/ur_llm_planner/ur_llm_planner' because existing path cannot be removed: Is a directory
[1.846s] gmake[2]: *** [CMakeFiles/ament_cmake_python_symlink_ur_llm_planner.dir/build.make:70: CMakeFiles/ament_cmake_python_symlink_ur_llm_planner] Error 1
[1.846s] gmake[1]: *** [CMakeFiles/Makefile2:445: CMakeFiles/ament_cmake_python_symlink_ur_llm_planner.dir/all] Error 2
[1.850s] [ 14%] Built target ur_llm_planner__rosidl_generator_c
[1.853s] Consolidate compiler generated dependencies of target ur_llm_planner__rosidl_typesupport_fastrtps_cpp
[1.864s] [ 23%] Built target ur_llm_planner__rosidl_typesupport_fastrtps_cpp
[1.865s] gmake: *** [Makefile:146: all] Error 2
[1.867s] Invoked command in '/home/sonvu/ur_ws/build/ur_llm_planner' returned '2': AMENT_PREFIX_PATH=/home/sonvu/ur_ws/install/ur_simulation_gz:/home/sonvu/ur_ws/install/ur_controllers:/home/sonvu/ur_ws/install/ur_moveit_config:/home/sonvu/ur_ws/install/ur_dashboard_msgs:${AMENT_PREFIX_PATH} CMAKE_PREFIX_PATH=/home/sonvu/ur_ws/install/ur_simulation_gz:/home/sonvu/ur_ws/install/ur_controllers:/home/sonvu/ur_ws/install/ur_moveit_config:/home/sonvu/ur_ws/install/ur_dashboard_msgs:/home/sonvu/rtablc_base/install/rtablc_experiment:/opt/ros/humble LD_LIBRARY_PATH=/home/sonvu/ur_ws/install/ur_controllers/lib:/home/sonvu/ur_ws/install/ur_dashboard_msgs/lib:${LD_LIBRARY_PATH} PYTHONPATH=/home/sonvu/ur_ws/install/ur_moveit_config/local/lib/python3.10/dist-packages:/home/sonvu/ur_ws/install/ur_dashboard_msgs/local/lib/python3.10/dist-packages:${PYTHONPATH} /usr/bin/cmake --build /home/sonvu/ur_ws/build/ur_llm_planner -- -j16 -l16
