[0.015s] Invoking command in '/home/sonvu/ur_ws/build/ur_letter_writer': CMAKE_PREFIX_PATH=/home/sonvu/ur_ws/install/ur_simulation_gz:/home/sonvu/ur_ws/install/ur_controllers:/home/sonvu/ur_ws/install/ur_moveit_config:/home/sonvu/ur_ws/install/ur_dashboard_msgs:/home/sonvu/ur_ws/install/ur_letter_writer:/home/sonvu/ur_ws/install/ur:/home/sonvu/ur_ws/install/ur_calibration:/home/sonvu/ur_ws/install/ur_robot_driver:/home/sonvu/ur_ws/install/ur_bringup:/home/sonvu/rtablc_base/install/rtablc_experiment:/opt/ros/humble LD_LIBRARY_PATH=/home/sonvu/ur_ws/install/ur_controllers/lib:/home/sonvu/ur_ws/install/ur_dashboard_msgs/lib:/home/sonvu/ur_ws/install/ur_robot_driver/lib:/usr/lib/x86_64-linux-gnu/gazebo-11/plugins:/opt/ros/humble/opt/rviz_ogre_vendor/lib:/opt/ros/humble/lib/x86_64-linux-gnu:/opt/ros/humble/lib /usr/bin/cmake --build /home/sonvu/ur_ws/build/ur_letter_writer -- -j16 -l16
[0.050s] [35m[1mConsolidate compiler generated dependencies of target letter_writer_node[0m
[0.067s] [ 50%] [32mBuilding CXX object CMakeFiles/letter_writer_node.dir/src/letter_writer_node.cpp.o[0m
[5.878s] [100%] [32m[1mLinking CXX executable letter_writer_node[0m
[6.163s] [100%] Built target letter_writer_node
[6.174s] Invoked command in '/home/sonvu/ur_ws/build/ur_letter_writer' returned '0': CMAKE_PREFIX_PATH=/home/sonvu/ur_ws/install/ur_simulation_gz:/home/sonvu/ur_ws/install/ur_controllers:/home/sonvu/ur_ws/install/ur_moveit_config:/home/sonvu/ur_ws/install/ur_dashboard_msgs:/home/sonvu/ur_ws/install/ur_letter_writer:/home/sonvu/ur_ws/install/ur:/home/sonvu/ur_ws/install/ur_calibration:/home/sonvu/ur_ws/install/ur_robot_driver:/home/sonvu/ur_ws/install/ur_bringup:/home/sonvu/rtablc_base/install/rtablc_experiment:/opt/ros/humble LD_LIBRARY_PATH=/home/sonvu/ur_ws/install/ur_controllers/lib:/home/sonvu/ur_ws/install/ur_dashboard_msgs/lib:/home/sonvu/ur_ws/install/ur_robot_driver/lib:/usr/lib/x86_64-linux-gnu/gazebo-11/plugins:/opt/ros/humble/opt/rviz_ogre_vendor/lib:/opt/ros/humble/lib/x86_64-linux-gnu:/opt/ros/humble/lib /usr/bin/cmake --build /home/sonvu/ur_ws/build/ur_letter_writer -- -j16 -l16
[6.182s] Invoking command in '/home/sonvu/ur_ws/build/ur_letter_writer': CMAKE_PREFIX_PATH=/home/sonvu/ur_ws/install/ur_simulation_gz:/home/sonvu/ur_ws/install/ur_controllers:/home/sonvu/ur_ws/install/ur_moveit_config:/home/sonvu/ur_ws/install/ur_dashboard_msgs:/home/sonvu/ur_ws/install/ur_letter_writer:/home/sonvu/ur_ws/install/ur:/home/sonvu/ur_ws/install/ur_calibration:/home/sonvu/ur_ws/install/ur_robot_driver:/home/sonvu/ur_ws/install/ur_bringup:/home/sonvu/rtablc_base/install/rtablc_experiment:/opt/ros/humble LD_LIBRARY_PATH=/home/sonvu/ur_ws/install/ur_controllers/lib:/home/sonvu/ur_ws/install/ur_dashboard_msgs/lib:/home/sonvu/ur_ws/install/ur_robot_driver/lib:/usr/lib/x86_64-linux-gnu/gazebo-11/plugins:/opt/ros/humble/opt/rviz_ogre_vendor/lib:/opt/ros/humble/lib/x86_64-linux-gnu:/opt/ros/humble/lib /usr/bin/cmake --install /home/sonvu/ur_ws/build/ur_letter_writer
[6.189s] -- Install configuration: ""
[6.190s] -- Execute custom install script
[6.190s] -- Up-to-date symlink: /home/sonvu/ur_ws/install/ur_letter_writer/lib/ur_letter_writer/letter_writer_node
[6.190s] -- Up-to-date symlink: /home/sonvu/ur_ws/install/ur_letter_writer/share/ur_letter_writer/launch/ur3_letter_writer.launch.py
[6.190s] -- Up-to-date symlink: /home/sonvu/ur_ws/install/ur_letter_writer/share/ament_index/resource_index/package_run_dependencies/ur_letter_writer
[6.190s] -- Up-to-date symlink: /home/sonvu/ur_ws/install/ur_letter_writer/share/ament_index/resource_index/parent_prefix_path/ur_letter_writer
[6.190s] -- Up-to-date symlink: /home/sonvu/ur_ws/install/ur_letter_writer/share/ur_letter_writer/environment/ament_prefix_path.sh
[6.191s] -- Up-to-date symlink: /home/sonvu/ur_ws/install/ur_letter_writer/share/ur_letter_writer/environment/ament_prefix_path.dsv
[6.191s] -- Up-to-date symlink: /home/sonvu/ur_ws/install/ur_letter_writer/share/ur_letter_writer/environment/path.sh
[6.191s] -- Up-to-date symlink: /home/sonvu/ur_ws/install/ur_letter_writer/share/ur_letter_writer/environment/path.dsv
[6.191s] -- Up-to-date symlink: /home/sonvu/ur_ws/install/ur_letter_writer/share/ur_letter_writer/local_setup.bash
[6.191s] -- Up-to-date symlink: /home/sonvu/ur_ws/install/ur_letter_writer/share/ur_letter_writer/local_setup.sh
[6.191s] -- Up-to-date symlink: /home/sonvu/ur_ws/install/ur_letter_writer/share/ur_letter_writer/local_setup.zsh
[6.191s] -- Up-to-date symlink: /home/sonvu/ur_ws/install/ur_letter_writer/share/ur_letter_writer/local_setup.dsv
[6.191s] -- Symlinking: /home/sonvu/ur_ws/install/ur_letter_writer/share/ur_letter_writer/package.dsv
[6.200s] -- Up-to-date symlink: /home/sonvu/ur_ws/install/ur_letter_writer/share/ament_index/resource_index/packages/ur_letter_writer
[6.200s] -- Up-to-date symlink: /home/sonvu/ur_ws/install/ur_letter_writer/share/ur_letter_writer/cmake/ur_letter_writerConfig.cmake
[6.200s] -- Up-to-date symlink: /home/sonvu/ur_ws/install/ur_letter_writer/share/ur_letter_writer/cmake/ur_letter_writerConfig-version.cmake
[6.200s] -- Up-to-date symlink: /home/sonvu/ur_ws/install/ur_letter_writer/share/ur_letter_writer/package.xml
[6.202s] Invoked command in '/home/sonvu/ur_ws/build/ur_letter_writer' returned '0': CMAKE_PREFIX_PATH=/home/sonvu/ur_ws/install/ur_simulation_gz:/home/sonvu/ur_ws/install/ur_controllers:/home/sonvu/ur_ws/install/ur_moveit_config:/home/sonvu/ur_ws/install/ur_dashboard_msgs:/home/sonvu/ur_ws/install/ur_letter_writer:/home/sonvu/ur_ws/install/ur:/home/sonvu/ur_ws/install/ur_calibration:/home/sonvu/ur_ws/install/ur_robot_driver:/home/sonvu/ur_ws/install/ur_bringup:/home/sonvu/rtablc_base/install/rtablc_experiment:/opt/ros/humble LD_LIBRARY_PATH=/home/sonvu/ur_ws/install/ur_controllers/lib:/home/sonvu/ur_ws/install/ur_dashboard_msgs/lib:/home/sonvu/ur_ws/install/ur_robot_driver/lib:/usr/lib/x86_64-linux-gnu/gazebo-11/plugins:/opt/ros/humble/opt/rviz_ogre_vendor/lib:/opt/ros/humble/lib/x86_64-linux-gnu:/opt/ros/humble/lib /usr/bin/cmake --install /home/sonvu/ur_ws/build/ur_letter_writer
