[0.018s] Invoking command in '/home/sonvu/ur_ws/build/ur_letter_writer': CMAKE_PREFIX_PATH=/home/sonvu/ur_ws/install/ur_simulation_gz:/home/sonvu/ur_ws/install/ur_controllers:/home/sonvu/ur_ws/install/ur_moveit_config:/home/sonvu/ur_ws/install/ur_dashboard_msgs:/home/sonvu/ur_ws/install/ur_llm_planner:/home/sonvu/ur_ws/install/ur_letter_writer:/home/sonvu/ur_ws/install/ur:/home/sonvu/ur_ws/install/ur_calibration:/home/sonvu/ur_ws/install/ur_robot_driver:/home/sonvu/ur_ws/install/ur_bringup:/home/sonvu/rtablc_base/install/rtablc_experiment:/opt/ros/humble LD_LIBRARY_PATH=/home/sonvu/ur_ws/install/ur_controllers/lib:/home/sonvu/ur_ws/install/ur_dashboard_msgs/lib:/home/sonvu/ur_ws/install/ur_llm_planner/lib:/home/sonvu/ur_ws/install/ur_robot_driver/lib:/usr/lib/x86_64-linux-gnu/gazebo-11/plugins:/opt/ros/humble/opt/rviz_ogre_vendor/lib:/opt/ros/humble/lib/x86_64-linux-gnu:/opt/ros/humble/lib /usr/bin/cmake /home/sonvu/ur_ws/src/ur_letter_writer -DCMAKE_INSTALL_PREFIX=/home/sonvu/ur_ws/install/ur_letter_writer
[0.028s] -- Found ament_cmake: 1.3.14 (/opt/ros/humble/share/ament_cmake/cmake)
[0.166s] -- Override CMake install command with custom implementation using symlinks instead of copying resources
[0.172s] -- Found rclcpp: 16.0.19 (/opt/ros/humble/share/rclcpp/cmake)
[0.193s] -- Found rosidl_generator_c: 3.1.8 (/opt/ros/humble/share/rosidl_generator_c/cmake)
[0.194s] -- Found rosidl_adapter: 3.1.8 (/opt/ros/humble/share/rosidl_adapter/cmake)
[0.198s] -- Found rosidl_generator_cpp: 3.1.8 (/opt/ros/humble/share/rosidl_generator_cpp/cmake)
[0.205s] -- Using all available rosidl_typesupport_c: rosidl_typesupport_fastrtps_c;rosidl_typesupport_introspection_c
[0.213s] -- Using all available rosidl_typesupport_cpp: rosidl_typesupport_fastrtps_cpp;rosidl_typesupport_introspection_cpp
[0.234s] -- Found rmw_implementation_cmake: 6.1.2 (/opt/ros/humble/share/rmw_implementation_cmake/cmake)
[0.235s] -- Found rmw_fastrtps_cpp: 6.2.10 (/opt/ros/humble/share/rmw_fastrtps_cpp/cmake)
[0.327s] -- Using RMW implementation 'rmw_fastrtps_cpp' as default
[0.359s] -- Found geometry_msgs: 4.9.1 (/opt/ros/humble/share/geometry_msgs/cmake)
[0.366s] -- Found moveit_msgs: 2.2.3 (/opt/ros/humble/share/moveit_msgs/cmake)
[0.455s] -- Found moveit_ros_planning_interface: 2.5.10 (/opt/ros/humble/share/moveit_ros_planning_interface/cmake)
[0.462s] -- Found Boost: /usr/lib/x86_64-linux-gnu/cmake/Boost-1.74.0/BoostConfig.cmake (found version "1.74.0") found components: date_time filesystem program_options system thread 
[0.471s] -- Found Boost: /usr/lib/x86_64-linux-gnu/cmake/Boost-1.74.0/BoostConfig.cmake (found version "1.74.0") found components: chrono date_time filesystem iostreams program_options regex serialization system thread 
[0.486s] -- Found parameter_traits: 0.7.1 (/opt/ros/humble/share/parameter_traits/cmake)
[0.491s] -- Found rclcpp_lifecycle: 16.0.19 (/opt/ros/humble/share/rclcpp_lifecycle/cmake)
[0.527s] -- library: /usr/lib/x86_64-linux-gnu/libcurl.so
[0.546s] -- Ensuring Eigen3 include directory is part of orocos-kdl CMake target
[0.618s] -- Found Boost: /usr/lib/x86_64-linux-gnu/cmake/Boost-1.74.0/BoostConfig.cmake (found version "1.74.0") found components: system filesystem date_time program_options thread chrono 
[0.638s] -- Found Boost: /usr/lib/x86_64-linux-gnu/cmake/Boost-1.74.0/BoostConfig.cmake (found version "1.74.0") found components: thread system filesystem regex date_time program_options 
[0.651s] -- Found Boost: /usr/lib/x86_64-linux-gnu/cmake/Boost-1.74.0/BoostConfig.cmake (found version "1.74.0") found components: system filesystem date_time program_options thread 
[0.676s] -- Found ament_lint_auto: 0.12.15 (/opt/ros/humble/share/ament_lint_auto/cmake)
[0.735s] -- Added test 'copyright' to check source files copyright and LICENSE
[0.736s] -- Added test 'cppcheck' to perform static code analysis on C / C++ code
[0.736s] -- Configured cppcheck include dirs: 
[0.736s] -- Configured cppcheck exclude dirs and/or files: 
[0.737s] -- Added test 'cpplint' to check C / C++ code against the Google style
[0.737s] -- Configured cpplint exclude dirs and/or files: 
[0.737s] -- Added test 'flake8' to check Python code syntax and style conventions
[0.737s] -- Added test 'lint_cmake' to check CMake code style
[0.737s] -- Added test 'pep257' to check Python code against some of the docstring style conventions in PEP 257
[0.738s] -- Added test 'uncrustify' to check C / C++ code style
[0.738s] -- Configured uncrustify additional arguments: 
[0.738s] -- Added test 'xmllint' to check XML markup files
[0.739s] -- Configuring done
[0.759s] -- Generating done
[0.763s] -- Build files have been written to: /home/sonvu/ur_ws/build/ur_letter_writer
[0.772s] Invoked command in '/home/sonvu/ur_ws/build/ur_letter_writer' returned '0': CMAKE_PREFIX_PATH=/home/sonvu/ur_ws/install/ur_simulation_gz:/home/sonvu/ur_ws/install/ur_controllers:/home/sonvu/ur_ws/install/ur_moveit_config:/home/sonvu/ur_ws/install/ur_dashboard_msgs:/home/sonvu/ur_ws/install/ur_llm_planner:/home/sonvu/ur_ws/install/ur_letter_writer:/home/sonvu/ur_ws/install/ur:/home/sonvu/ur_ws/install/ur_calibration:/home/sonvu/ur_ws/install/ur_robot_driver:/home/sonvu/ur_ws/install/ur_bringup:/home/sonvu/rtablc_base/install/rtablc_experiment:/opt/ros/humble LD_LIBRARY_PATH=/home/sonvu/ur_ws/install/ur_controllers/lib:/home/sonvu/ur_ws/install/ur_dashboard_msgs/lib:/home/sonvu/ur_ws/install/ur_llm_planner/lib:/home/sonvu/ur_ws/install/ur_robot_driver/lib:/usr/lib/x86_64-linux-gnu/gazebo-11/plugins:/opt/ros/humble/opt/rviz_ogre_vendor/lib:/opt/ros/humble/lib/x86_64-linux-gnu:/opt/ros/humble/lib /usr/bin/cmake /home/sonvu/ur_ws/src/ur_letter_writer -DCMAKE_INSTALL_PREFIX=/home/sonvu/ur_ws/install/ur_letter_writer
[0.773s] Invoking command in '/home/sonvu/ur_ws/build/ur_letter_writer': CMAKE_PREFIX_PATH=/home/sonvu/ur_ws/install/ur_simulation_gz:/home/sonvu/ur_ws/install/ur_controllers:/home/sonvu/ur_ws/install/ur_moveit_config:/home/sonvu/ur_ws/install/ur_dashboard_msgs:/home/sonvu/ur_ws/install/ur_llm_planner:/home/sonvu/ur_ws/install/ur_letter_writer:/home/sonvu/ur_ws/install/ur:/home/sonvu/ur_ws/install/ur_calibration:/home/sonvu/ur_ws/install/ur_robot_driver:/home/sonvu/ur_ws/install/ur_bringup:/home/sonvu/rtablc_base/install/rtablc_experiment:/opt/ros/humble LD_LIBRARY_PATH=/home/sonvu/ur_ws/install/ur_controllers/lib:/home/sonvu/ur_ws/install/ur_dashboard_msgs/lib:/home/sonvu/ur_ws/install/ur_llm_planner/lib:/home/sonvu/ur_ws/install/ur_robot_driver/lib:/usr/lib/x86_64-linux-gnu/gazebo-11/plugins:/opt/ros/humble/opt/rviz_ogre_vendor/lib:/opt/ros/humble/lib/x86_64-linux-gnu:/opt/ros/humble/lib /usr/bin/cmake --build /home/sonvu/ur_ws/build/ur_letter_writer -- -j16 -l16
[0.809s] [35m[1mConsolidate compiler generated dependencies of target letter_writer_node[0m
[0.828s] [100%] Built target letter_writer_node
[0.839s] Invoked command in '/home/sonvu/ur_ws/build/ur_letter_writer' returned '0': CMAKE_PREFIX_PATH=/home/sonvu/ur_ws/install/ur_simulation_gz:/home/sonvu/ur_ws/install/ur_controllers:/home/sonvu/ur_ws/install/ur_moveit_config:/home/sonvu/ur_ws/install/ur_dashboard_msgs:/home/sonvu/ur_ws/install/ur_llm_planner:/home/sonvu/ur_ws/install/ur_letter_writer:/home/sonvu/ur_ws/install/ur:/home/sonvu/ur_ws/install/ur_calibration:/home/sonvu/ur_ws/install/ur_robot_driver:/home/sonvu/ur_ws/install/ur_bringup:/home/sonvu/rtablc_base/install/rtablc_experiment:/opt/ros/humble LD_LIBRARY_PATH=/home/sonvu/ur_ws/install/ur_controllers/lib:/home/sonvu/ur_ws/install/ur_dashboard_msgs/lib:/home/sonvu/ur_ws/install/ur_llm_planner/lib:/home/sonvu/ur_ws/install/ur_robot_driver/lib:/usr/lib/x86_64-linux-gnu/gazebo-11/plugins:/opt/ros/humble/opt/rviz_ogre_vendor/lib:/opt/ros/humble/lib/x86_64-linux-gnu:/opt/ros/humble/lib /usr/bin/cmake --build /home/sonvu/ur_ws/build/ur_letter_writer -- -j16 -l16
[0.841s] Invoking command in '/home/sonvu/ur_ws/build/ur_letter_writer': CMAKE_PREFIX_PATH=/home/sonvu/ur_ws/install/ur_simulation_gz:/home/sonvu/ur_ws/install/ur_controllers:/home/sonvu/ur_ws/install/ur_moveit_config:/home/sonvu/ur_ws/install/ur_dashboard_msgs:/home/sonvu/ur_ws/install/ur_llm_planner:/home/sonvu/ur_ws/install/ur_letter_writer:/home/sonvu/ur_ws/install/ur:/home/sonvu/ur_ws/install/ur_calibration:/home/sonvu/ur_ws/install/ur_robot_driver:/home/sonvu/ur_ws/install/ur_bringup:/home/sonvu/rtablc_base/install/rtablc_experiment:/opt/ros/humble LD_LIBRARY_PATH=/home/sonvu/ur_ws/install/ur_controllers/lib:/home/sonvu/ur_ws/install/ur_dashboard_msgs/lib:/home/sonvu/ur_ws/install/ur_llm_planner/lib:/home/sonvu/ur_ws/install/ur_robot_driver/lib:/usr/lib/x86_64-linux-gnu/gazebo-11/plugins:/opt/ros/humble/opt/rviz_ogre_vendor/lib:/opt/ros/humble/lib/x86_64-linux-gnu:/opt/ros/humble/lib /usr/bin/cmake --install /home/sonvu/ur_ws/build/ur_letter_writer
[0.847s] -- Install configuration: ""
[0.847s] -- Execute custom install script
[0.847s] -- Up-to-date symlink: /home/sonvu/ur_ws/install/ur_letter_writer/lib/ur_letter_writer/letter_writer_node
[0.847s] -- Up-to-date symlink: /home/sonvu/ur_ws/install/ur_letter_writer/share/ur_letter_writer/launch/ur3_letter_writer.launch.py
[0.847s] -- Up-to-date symlink: /home/sonvu/ur_ws/install/ur_letter_writer/share/ament_index/resource_index/package_run_dependencies/ur_letter_writer
[0.848s] -- Up-to-date symlink: /home/sonvu/ur_ws/install/ur_letter_writer/share/ament_index/resource_index/parent_prefix_path/ur_letter_writer
[0.848s] -- Up-to-date symlink: /home/sonvu/ur_ws/install/ur_letter_writer/share/ur_letter_writer/environment/ament_prefix_path.sh
[0.848s] -- Up-to-date symlink: /home/sonvu/ur_ws/install/ur_letter_writer/share/ur_letter_writer/environment/ament_prefix_path.dsv
[0.848s] -- Up-to-date symlink: /home/sonvu/ur_ws/install/ur_letter_writer/share/ur_letter_writer/environment/path.sh
[0.848s] -- Up-to-date symlink: /home/sonvu/ur_ws/install/ur_letter_writer/share/ur_letter_writer/environment/path.dsv
[0.848s] -- Up-to-date symlink: /home/sonvu/ur_ws/install/ur_letter_writer/share/ur_letter_writer/local_setup.bash
[0.848s] -- Up-to-date symlink: /home/sonvu/ur_ws/install/ur_letter_writer/share/ur_letter_writer/local_setup.sh
[0.848s] -- Up-to-date symlink: /home/sonvu/ur_ws/install/ur_letter_writer/share/ur_letter_writer/local_setup.zsh
[0.848s] -- Up-to-date symlink: /home/sonvu/ur_ws/install/ur_letter_writer/share/ur_letter_writer/local_setup.dsv
[0.848s] -- Symlinking: /home/sonvu/ur_ws/install/ur_letter_writer/share/ur_letter_writer/package.dsv
[0.855s] -- Up-to-date symlink: /home/sonvu/ur_ws/install/ur_letter_writer/share/ament_index/resource_index/packages/ur_letter_writer
[0.855s] -- Up-to-date symlink: /home/sonvu/ur_ws/install/ur_letter_writer/share/ur_letter_writer/cmake/ur_letter_writerConfig.cmake
[0.855s] -- Up-to-date symlink: /home/sonvu/ur_ws/install/ur_letter_writer/share/ur_letter_writer/cmake/ur_letter_writerConfig-version.cmake
[0.855s] -- Up-to-date symlink: /home/sonvu/ur_ws/install/ur_letter_writer/share/ur_letter_writer/package.xml
[0.857s] Invoked command in '/home/sonvu/ur_ws/build/ur_letter_writer' returned '0': CMAKE_PREFIX_PATH=/home/sonvu/ur_ws/install/ur_simulation_gz:/home/sonvu/ur_ws/install/ur_controllers:/home/sonvu/ur_ws/install/ur_moveit_config:/home/sonvu/ur_ws/install/ur_dashboard_msgs:/home/sonvu/ur_ws/install/ur_llm_planner:/home/sonvu/ur_ws/install/ur_letter_writer:/home/sonvu/ur_ws/install/ur:/home/sonvu/ur_ws/install/ur_calibration:/home/sonvu/ur_ws/install/ur_robot_driver:/home/sonvu/ur_ws/install/ur_bringup:/home/sonvu/rtablc_base/install/rtablc_experiment:/opt/ros/humble LD_LIBRARY_PATH=/home/sonvu/ur_ws/install/ur_controllers/lib:/home/sonvu/ur_ws/install/ur_dashboard_msgs/lib:/home/sonvu/ur_ws/install/ur_llm_planner/lib:/home/sonvu/ur_ws/install/ur_robot_driver/lib:/usr/lib/x86_64-linux-gnu/gazebo-11/plugins:/opt/ros/humble/opt/rviz_ogre_vendor/lib:/opt/ros/humble/lib/x86_64-linux-gnu:/opt/ros/humble/lib /usr/bin/cmake --install /home/sonvu/ur_ws/build/ur_letter_writer
