[0.009s] Invoking command in '/home/sonvu/ur_ws/build/ur_simulation_gz': AMENT_PREFIX_PATH=/home/sonvu/ur_ws/install/ur_controllers:/home/sonvu/ur_ws/install/ur_moveit_config:/home/sonvu/ur_ws/install/ur_dashboard_msgs:${AMENT_PREFIX_PATH} CMAKE_PREFIX_PATH=/home/sonvu/ur_ws/install/ur_controllers:/home/sonvu/ur_ws/install/ur_moveit_config:/home/sonvu/ur_ws/install/ur_dashboard_msgs:/home/sonvu/rtablc_base/install/rtablc_experiment:/opt/ros/humble LD_LIBRARY_PATH=/home/sonvu/ur_ws/install/ur_controllers/lib:/home/sonvu/ur_ws/install/ur_dashboard_msgs/lib:${LD_LIBRARY_PATH} PYTHONPATH=/home/sonvu/ur_ws/install/ur_moveit_config/local/lib/python3.10/dist-packages:/home/sonvu/ur_ws/install/ur_dashboard_msgs/local/lib/python3.10/dist-packages:${PYTHONPATH} /usr/bin/cmake /home/sonvu/ur_ws/src/ur_simulation_gz/ur_simulation_gz -DAMENT_CMAKE_SYMLINK_INSTALL=1 -DCMAKE_INSTALL_PREFIX=/home/sonvu/ur_ws/install/ur_simulation_gz
[0.057s] -- The C compiler identification is GNU 11.4.0
[0.100s] -- The CXX compiler identification is GNU 11.4.0
[0.105s] -- Detecting C compiler ABI info
[0.149s] -- Detecting C compiler ABI info - done
[0.154s] -- Check for working C compiler: /usr/bin/cc - skipped
[0.154s] -- Detecting C compile features
[0.154s] -- Detecting C compile features - done
[0.157s] -- Detecting CXX compiler ABI info
[0.217s] -- Detecting CXX compiler ABI info - done
[0.224s] -- Check for working CXX compiler: /usr/bin/c++ - skipped
[0.224s] -- Detecting CXX compile features
[0.224s] -- Detecting CXX compile features - done
[0.227s] -- Found ament_cmake: 1.3.14 (/opt/ros/humble/share/ament_cmake/cmake)
[0.340s] -- Found Python3: /usr/bin/python3 (found version "3.10.12") found components: Interpreter 
[0.384s] -- Override CMake install command with custom implementation using symlinks instead of copying resources
[0.416s] -- Found launch_testing_ament_cmake: 1.0.14 (/opt/ros/humble/share/launch_testing_ament_cmake/cmake)
[0.417s] -- Found python_cmake_module: 0.10.0 (/opt/ros/humble/share/python_cmake_module/cmake)
[0.435s] -- Found PythonInterp: /usr/bin/python3 (found suitable version "3.10.12", minimum required is "3.6") 
[0.444s] -- Found PythonLibs: /usr/lib/x86_64-linux-gnu/libpython3.10.so (found suitable version "3.10.12", minimum required is "3.5") 
[0.444s] -- Using PYTHON_EXECUTABLE: /usr/bin/python3
[0.444s] -- Using PYTHON_INCLUDE_DIRS: /usr/include/python3.10
[0.444s] -- Using PYTHON_LIBRARIES: /usr/lib/x86_64-linux-gnu/libpython3.10.so
[0.459s] -- Found PythonExtra: .so  
[0.461s] -- Found ament_cmake_pytest: 1.3.14 (/opt/ros/humble/share/ament_cmake_pytest/cmake)
[0.506s] -- Configuring done
[0.507s] -- Generating done
[0.508s] -- Build files have been written to: /home/sonvu/ur_ws/build/ur_simulation_gz
[0.512s] Invoked command in '/home/sonvu/ur_ws/build/ur_simulation_gz' returned '0': AMENT_PREFIX_PATH=/home/sonvu/ur_ws/install/ur_controllers:/home/sonvu/ur_ws/install/ur_moveit_config:/home/sonvu/ur_ws/install/ur_dashboard_msgs:${AMENT_PREFIX_PATH} CMAKE_PREFIX_PATH=/home/sonvu/ur_ws/install/ur_controllers:/home/sonvu/ur_ws/install/ur_moveit_config:/home/sonvu/ur_ws/install/ur_dashboard_msgs:/home/sonvu/rtablc_base/install/rtablc_experiment:/opt/ros/humble LD_LIBRARY_PATH=/home/sonvu/ur_ws/install/ur_controllers/lib:/home/sonvu/ur_ws/install/ur_dashboard_msgs/lib:${LD_LIBRARY_PATH} PYTHONPATH=/home/sonvu/ur_ws/install/ur_moveit_config/local/lib/python3.10/dist-packages:/home/sonvu/ur_ws/install/ur_dashboard_msgs/local/lib/python3.10/dist-packages:${PYTHONPATH} /usr/bin/cmake /home/sonvu/ur_ws/src/ur_simulation_gz/ur_simulation_gz -DAMENT_CMAKE_SYMLINK_INSTALL=1 -DCMAKE_INSTALL_PREFIX=/home/sonvu/ur_ws/install/ur_simulation_gz
[0.513s] Invoking command in '/home/sonvu/ur_ws/build/ur_simulation_gz': AMENT_PREFIX_PATH=/home/sonvu/ur_ws/install/ur_controllers:/home/sonvu/ur_ws/install/ur_moveit_config:/home/sonvu/ur_ws/install/ur_dashboard_msgs:${AMENT_PREFIX_PATH} CMAKE_PREFIX_PATH=/home/sonvu/ur_ws/install/ur_controllers:/home/sonvu/ur_ws/install/ur_moveit_config:/home/sonvu/ur_ws/install/ur_dashboard_msgs:/home/sonvu/rtablc_base/install/rtablc_experiment:/opt/ros/humble LD_LIBRARY_PATH=/home/sonvu/ur_ws/install/ur_controllers/lib:/home/sonvu/ur_ws/install/ur_dashboard_msgs/lib:${LD_LIBRARY_PATH} PYTHONPATH=/home/sonvu/ur_ws/install/ur_moveit_config/local/lib/python3.10/dist-packages:/home/sonvu/ur_ws/install/ur_dashboard_msgs/local/lib/python3.10/dist-packages:${PYTHONPATH} /usr/bin/cmake --build /home/sonvu/ur_ws/build/ur_simulation_gz -- -j16 -l16
[0.548s] Invoked command in '/home/sonvu/ur_ws/build/ur_simulation_gz' returned '0': AMENT_PREFIX_PATH=/home/sonvu/ur_ws/install/ur_controllers:/home/sonvu/ur_ws/install/ur_moveit_config:/home/sonvu/ur_ws/install/ur_dashboard_msgs:${AMENT_PREFIX_PATH} CMAKE_PREFIX_PATH=/home/sonvu/ur_ws/install/ur_controllers:/home/sonvu/ur_ws/install/ur_moveit_config:/home/sonvu/ur_ws/install/ur_dashboard_msgs:/home/sonvu/rtablc_base/install/rtablc_experiment:/opt/ros/humble LD_LIBRARY_PATH=/home/sonvu/ur_ws/install/ur_controllers/lib:/home/sonvu/ur_ws/install/ur_dashboard_msgs/lib:${LD_LIBRARY_PATH} PYTHONPATH=/home/sonvu/ur_ws/install/ur_moveit_config/local/lib/python3.10/dist-packages:/home/sonvu/ur_ws/install/ur_dashboard_msgs/local/lib/python3.10/dist-packages:${PYTHONPATH} /usr/bin/cmake --build /home/sonvu/ur_ws/build/ur_simulation_gz -- -j16 -l16
[0.550s] Invoking command in '/home/sonvu/ur_ws/build/ur_simulation_gz': AMENT_PREFIX_PATH=/home/sonvu/ur_ws/install/ur_controllers:/home/sonvu/ur_ws/install/ur_moveit_config:/home/sonvu/ur_ws/install/ur_dashboard_msgs:${AMENT_PREFIX_PATH} CMAKE_PREFIX_PATH=/home/sonvu/ur_ws/install/ur_controllers:/home/sonvu/ur_ws/install/ur_moveit_config:/home/sonvu/ur_ws/install/ur_dashboard_msgs:/home/sonvu/rtablc_base/install/rtablc_experiment:/opt/ros/humble LD_LIBRARY_PATH=/home/sonvu/ur_ws/install/ur_controllers/lib:/home/sonvu/ur_ws/install/ur_dashboard_msgs/lib:${LD_LIBRARY_PATH} PYTHONPATH=/home/sonvu/ur_ws/install/ur_moveit_config/local/lib/python3.10/dist-packages:/home/sonvu/ur_ws/install/ur_dashboard_msgs/local/lib/python3.10/dist-packages:${PYTHONPATH} /usr/bin/cmake --install /home/sonvu/ur_ws/build/ur_simulation_gz
[0.555s] -- Install configuration: ""
[0.555s] -- Execute custom install script
[0.556s] -- Symlinking: /home/sonvu/ur_ws/install/ur_simulation_gz/share/ur_simulation_gz/config/ur_controllers.yaml
[0.564s] -- Symlinking: /home/sonvu/ur_ws/install/ur_simulation_gz/share/ur_simulation_gz/launch/ur_sim_control.launch.py
[0.570s] -- Symlinking: /home/sonvu/ur_ws/install/ur_simulation_gz/share/ur_simulation_gz/launch/ur_sim_moveit.launch.py
[0.577s] -- Symlinking: /home/sonvu/ur_ws/install/ur_simulation_gz/share/ament_index/resource_index/package_run_dependencies/ur_simulation_gz
[0.582s] -- Symlinking: /home/sonvu/ur_ws/install/ur_simulation_gz/share/ament_index/resource_index/parent_prefix_path/ur_simulation_gz
[0.588s] -- Symlinking: /home/sonvu/ur_ws/install/ur_simulation_gz/share/ur_simulation_gz/environment/ament_prefix_path.sh
[0.596s] -- Symlinking: /home/sonvu/ur_ws/install/ur_simulation_gz/share/ur_simulation_gz/environment/ament_prefix_path.dsv
[0.602s] -- Symlinking: /home/sonvu/ur_ws/install/ur_simulation_gz/share/ur_simulation_gz/environment/path.sh
[0.611s] -- Symlinking: /home/sonvu/ur_ws/install/ur_simulation_gz/share/ur_simulation_gz/environment/path.dsv
[0.617s] -- Symlinking: /home/sonvu/ur_ws/install/ur_simulation_gz/share/ur_simulation_gz/local_setup.bash
[0.622s] -- Symlinking: /home/sonvu/ur_ws/install/ur_simulation_gz/share/ur_simulation_gz/local_setup.sh
[0.628s] -- Symlinking: /home/sonvu/ur_ws/install/ur_simulation_gz/share/ur_simulation_gz/local_setup.zsh
[0.635s] -- Symlinking: /home/sonvu/ur_ws/install/ur_simulation_gz/share/ur_simulation_gz/local_setup.dsv
[0.640s] -- Symlinking: /home/sonvu/ur_ws/install/ur_simulation_gz/share/ur_simulation_gz/package.dsv
[0.646s] -- Symlinking: /home/sonvu/ur_ws/install/ur_simulation_gz/share/ament_index/resource_index/packages/ur_simulation_gz
[0.652s] -- Symlinking: /home/sonvu/ur_ws/install/ur_simulation_gz/share/ur_simulation_gz/cmake/ur_simulation_gzConfig.cmake
[0.660s] -- Symlinking: /home/sonvu/ur_ws/install/ur_simulation_gz/share/ur_simulation_gz/cmake/ur_simulation_gzConfig-version.cmake
[0.664s] -- Symlinking: /home/sonvu/ur_ws/install/ur_simulation_gz/share/ur_simulation_gz/package.xml
[0.671s] Invoked command in '/home/sonvu/ur_ws/build/ur_simulation_gz' returned '0': AMENT_PREFIX_PATH=/home/sonvu/ur_ws/install/ur_controllers:/home/sonvu/ur_ws/install/ur_moveit_config:/home/sonvu/ur_ws/install/ur_dashboard_msgs:${AMENT_PREFIX_PATH} CMAKE_PREFIX_PATH=/home/sonvu/ur_ws/install/ur_controllers:/home/sonvu/ur_ws/install/ur_moveit_config:/home/sonvu/ur_ws/install/ur_dashboard_msgs:/home/sonvu/rtablc_base/install/rtablc_experiment:/opt/ros/humble LD_LIBRARY_PATH=/home/sonvu/ur_ws/install/ur_controllers/lib:/home/sonvu/ur_ws/install/ur_dashboard_msgs/lib:${LD_LIBRARY_PATH} PYTHONPATH=/home/sonvu/ur_ws/install/ur_moveit_config/local/lib/python3.10/dist-packages:/home/sonvu/ur_ws/install/ur_dashboard_msgs/local/lib/python3.10/dist-packages:${PYTHONPATH} /usr/bin/cmake --install /home/sonvu/ur_ws/build/ur_simulation_gz
