-- The C compiler identification is GNU 11.4.0
-- The CXX compiler identification is GNU 11.4.0
-- Detecting C compiler ABI info
-- Detecting C compiler ABI info - done
-- Check for working C compiler: /usr/bin/cc - skipped
-- Detecting C compile features
-- Detecting C compile features - done
-- Detecting CXX compiler ABI info
-- Detecting CXX compiler ABI info - done
-- Check for working CXX compiler: /usr/bin/c++ - skipped
-- Detecting CXX compile features
-- Detecting CXX compile features - done
-- Found ament_cmake: 1.3.14 (/opt/ros/humble/share/ament_cmake/cmake)
-- Found Python3: /usr/bin/python3 (found version "3.10.12") found components: Interpreter 
-- Override CMake install command with custom implementation using symlinks instead of copying resources
-- Found angles: 1.15.0 (/opt/ros/humble/share/angles/cmake)
-- Found controller_interface: 2.54.0 (/opt/ros/humble/share/controller_interface/cmake)
-- Found rosidl_generator_c: 3.1.8 (/opt/ros/humble/share/rosidl_generator_c/cmake)
-- Found rosidl_adapter: 3.1.8 (/opt/ros/humble/share/rosidl_adapter/cmake)
-- Found rosidl_generator_cpp: 3.1.8 (/opt/ros/humble/share/rosidl_generator_cpp/cmake)
-- Using all available rosidl_typesupport_c: rosidl_typesupport_fastrtps_c;rosidl_typesupport_introspection_c
-- Using all available rosidl_typesupport_cpp: rosidl_typesupport_fastrtps_cpp;rosidl_typesupport_introspection_cpp
-- Found rmw_implementation_cmake: 6.1.2 (/opt/ros/humble/share/rmw_implementation_cmake/cmake)
-- Found rmw_fastrtps_cpp: 6.2.10 (/opt/ros/humble/share/rmw_fastrtps_cpp/cmake)
-- Found TinyXML2 via Config file: TinyXML2_DIR-NOTFOUND
-- Found OpenSSL: /usr/lib/x86_64-linux-gnu/libcrypto.so (found version "3.0.2")  
-- Found TinyXML2 via Config file: TinyXML2_DIR-NOTFOUND
-- Found FastRTPS: /opt/ros/humble/include  
-- Found TinyXML2 via Config file: TinyXML2_DIR-NOTFOUND
-- Found TinyXML2 via Config file: TinyXML2_DIR-NOTFOUND
-- Using RMW implementation 'rmw_fastrtps_cpp' as default
-- Looking for pthread.h
-- Looking for pthread.h - found
-- Performing Test CMAKE_HAVE_LIBC_PTHREAD
-- Performing Test CMAKE_HAVE_LIBC_PTHREAD - Success
-- Found Threads: TRUE  
-- Found joint_trajectory_controller: 2.53.1 (/opt/ros/humble/share/joint_trajectory_controller/cmake)
-- Found std_srvs: 4.9.1 (/opt/ros/humble/share/std_srvs/cmake)
-- Found tf2_geometry_msgs: 0.25.20 (/opt/ros/humble/share/tf2_geometry_msgs/cmake)
-- Found eigen3_cmake_module: 0.1.1 (/opt/ros/humble/share/eigen3_cmake_module/cmake)
-- Found Eigen3: TRUE (found version "3.4.0") 
-- Ensuring Eigen3 include directory is part of orocos-kdl CMake target
-- Found ur_dashboard_msgs: 2.15.0 (/home/sonvu/ur_ws/install/ur_dashboard_msgs/share/ur_dashboard_msgs/cmake)
-- Found ur_msgs: 2.6.0 (/opt/ros/humble/share/ur_msgs/cmake)
-- Found ament_cmake_gmock: 1.3.14 (/opt/ros/humble/share/ament_cmake_gmock/cmake)
-- Found controller_manager: 2.54.0 (/opt/ros/humble/share/controller_manager/cmake)
-- Found ros2_control_test_assets: 2.54.0 (/opt/ros/humble/share/ros2_control_test_assets/cmake)
-- Found gmock sources under '/opt/ros/humble/src/gmock_vendor': C++ tests using 'Google Mock' will be built
-- Found ament_cmake_gtest: 1.3.14 (/opt/ros/humble/share/ament_cmake_gtest/cmake)
-- Found gtest sources under '/opt/ros/humble/src/gtest_vendor': C++ tests using 'Google Test' will be built
-- Configuring done
-- Generating done
-- Build files have been written to: /home/sonvu/ur_ws/build/ur_controllers
[  2%] [34m[1mRunning `/opt/ros/humble/bin/generate_parameter_library_cpp /home/sonvu/ur_ws/build/ur_controllers/include/ur_controllers/gpio_controller_parameters.hpp /home/sonvu/ur_ws/src/Universal_Robots_ROS2_Driver/ur_controllers/src/gpio_controller_parameters.yaml `[0m
[  4%] [32mBuilding CXX object gmock/CMakeFiles/gmock.dir/opt/ros/humble/src/gtest_vendor/src/gtest-all.cc.o[0m
[  6%] [34m[1mRunning `/opt/ros/humble/bin/generate_parameter_library_cpp /home/sonvu/ur_ws/build/ur_controllers/include/ur_controllers/friction_model_controller_parameters.hpp /home/sonvu/ur_ws/src/Universal_Robots_ROS2_Driver/ur_controllers/src/friction_model_controller_parameters.yaml `[0m
[  8%] [34m[1mRunning `/opt/ros/humble/bin/generate_parameter_library_cpp /home/sonvu/ur_ws/build/ur_controllers/include/ur_controllers/freedrive_mode_controller_parameters.hpp /home/sonvu/ur_ws/src/Universal_Robots_ROS2_Driver/ur_controllers/src/freedrive_mode_controller_parameters.yaml `[0m
[ 11%] [34m[1mRunning `/opt/ros/humble/bin/generate_parameter_library_cpp /home/sonvu/ur_ws/build/ur_controllers/include/ur_controllers/scaled_joint_trajectory_controller_parameters.hpp /home/sonvu/ur_ws/src/Universal_Robots_ROS2_Driver/ur_controllers/src/scaled_joint_trajectory_controller_parameters.yaml `[0m
[ 13%] [32mBuilding CXX object gmock/CMakeFiles/gmock.dir/src/gmock-all.cc.o[0m
[ 15%] [34m[1mRunning `/opt/ros/humble/bin/generate_parameter_library_cpp /home/sonvu/ur_ws/build/ur_controllers/include/ur_controllers/tool_contact_controller_parameters.hpp /home/sonvu/ur_ws/src/Universal_Robots_ROS2_Driver/ur_controllers/src/tool_contact_controller_parameters.yaml `[0m
[ 17%] [34m[1mRunning `/opt/ros/humble/bin/generate_parameter_library_cpp /home/sonvu/ur_ws/build/ur_controllers/include/ur_controllers/speed_scaling_state_broadcaster_parameters.hpp /home/sonvu/ur_ws/src/Universal_Robots_ROS2_Driver/ur_controllers/src/speed_scaling_state_broadcaster_parameters.yaml `[0m
[ 20%] [32mBuilding CXX object gmock/CMakeFiles/gmock_main.dir/src/gmock_main.cc.o[0m
[ 22%] [34m[1mRunning `/opt/ros/humble/bin/generate_parameter_library_cpp /home/sonvu/ur_ws/build/ur_controllers/include/ur_controllers/passthrough_trajectory_controller_parameters.hpp /home/sonvu/ur_ws/src/Universal_Robots_ROS2_Driver/ur_controllers/src/passthrough_trajectory_controller_parameters.yaml `[0m
[ 24%] [34m[1mRunning `/opt/ros/humble/bin/generate_parameter_library_cpp /home/sonvu/ur_ws/build/ur_controllers/include/ur_controllers/force_mode_controller_parameters.hpp /home/sonvu/ur_ws/src/Universal_Robots_ROS2_Driver/ur_controllers/src/force_mode_controller_parameters.yaml `[0m
[ 26%] [34m[1mRunning `/opt/ros/humble/bin/generate_parameter_library_cpp /home/sonvu/ur_ws/build/ur_controllers/include/ur_controllers/ur_configuration_controller_parameters.hpp /home/sonvu/ur_ws/src/Universal_Robots_ROS2_Driver/ur_controllers/src/ur_configuration_controller_parameters.yaml `[0m
[ 28%] [34m[1mCreating deprecated header file /home/sonvu/ur_ws/build/ur_controllers/include/ur_configuration_controller_parameters.hpp[0m
[ 28%] Built target ur_configuration_controller_parameters
[ 31%] [34m[1mCreating deprecated header file /home/sonvu/ur_ws/build/ur_controllers/include/freedrive_mode_controller_parameters.hpp[0m
[ 33%] [34m[1mCreating deprecated header file /home/sonvu/ur_ws/build/ur_controllers/include/gpio_controller_parameters.hpp[0m
[ 35%] [34m[1mCreating deprecated header file /home/sonvu/ur_ws/build/ur_controllers/include/speed_scaling_state_broadcaster_parameters.hpp[0m
[ 35%] Built target freedrive_mode_controller_parameters
[ 35%] Built target gpio_controller_parameters
[ 37%] [34m[1mCreating deprecated header file /home/sonvu/ur_ws/build/ur_controllers/include/force_mode_controller_parameters.hpp[0m
[ 37%] Built target speed_scaling_state_broadcaster_parameters
[ 37%] Built target force_mode_controller_parameters
[ 40%] [34m[1mCreating deprecated header file /home/sonvu/ur_ws/build/ur_controllers/include/scaled_joint_trajectory_controller_parameters.hpp[0m
[ 40%] Built target scaled_joint_trajectory_controller_parameters
[ 42%] [34m[1mCreating deprecated header file /home/sonvu/ur_ws/build/ur_controllers/include/friction_model_controller_parameters.hpp[0m
[ 44%] [34m[1mCreating deprecated header file /home/sonvu/ur_ws/build/ur_controllers/include/passthrough_trajectory_controller_parameters.hpp[0m
[ 46%] [34m[1mCreating deprecated header file /home/sonvu/ur_ws/build/ur_controllers/include/tool_contact_controller_parameters.hpp[0m
[ 46%] Built target friction_model_controller_parameters
[ 46%] Built target tool_contact_controller_parameters
[ 46%] Built target passthrough_trajectory_controller_parameters
[ 48%] [32mBuilding CXX object CMakeFiles/ur_controllers.dir/src/force_mode_controller.cpp.o[0m
[ 51%] [32mBuilding CXX object CMakeFiles/ur_controllers.dir/src/tool_contact_controller.cpp.o[0m
[ 53%] [32mBuilding CXX object CMakeFiles/ur_controllers.dir/src/friction_model_controller.cpp.o[0m
[ 55%] [32mBuilding CXX object CMakeFiles/ur_controllers.dir/src/speed_scaling_state_broadcaster.cpp.o[0m
[ 57%] [32mBuilding CXX object CMakeFiles/ur_controllers.dir/src/freedrive_mode_controller.cpp.o[0m
[ 60%] [32mBuilding CXX object CMakeFiles/ur_controllers.dir/src/gpio_controller.cpp.o[0m
[ 62%] [32mBuilding CXX object CMakeFiles/ur_controllers.dir/src/scaled_joint_trajectory_controller.cpp.o[0m
[ 66%] [32mBuilding CXX object CMakeFiles/ur_controllers.dir/src/passthrough_trajectory_controller.cpp.o[0m
[ 66%] [32mBuilding CXX object CMakeFiles/ur_controllers.dir/src/ur_configuration_controller.cpp.o[0m
[ 68%] [32m[1mLinking CXX static library libgmock_main.a[0m
[ 68%] Built target gmock_main
In file included from [01m[K/opt/ros/humble/include/parameter_traits/parameter_traits/parameter_traits.hpp:37[m[K,
                 from [01m[K/home/sonvu/ur_ws/build/ur_controllers/include/ur_controllers/speed_scaling_state_broadcaster_parameters.hpp:26[m[K,
                 from [01m[K/home/sonvu/ur_ws/src/Universal_Robots_ROS2_Driver/ur_controllers/include/ur_controllers/speed_scaling_state_broadcaster.hpp:50[m[K,
                 from [01m[K/home/sonvu/ur_ws/src/Universal_Robots_ROS2_Driver/ur_controllers/src/speed_scaling_state_broadcaster.cpp:38[m[K:
[01m[K/opt/ros/humble/include/tl_expected/expected.hpp:18:167:[m[K [01;36m[Knote: [m[K‘[01m[K#pragma message: tl_expected/expected.hpp is deprecated. Use <tl/expected.hpp> from libexpected-dev, or <rcpputils/tl_expected/expected.hpp> if the system header is not available.[m[K’
   18 |   "tl_expected/expected.hpp is deprecated. Use <tl/expected.hpp> from libexpected-dev, or <rcpputils/tl_expected/expected.hpp> if the system header is not available."[01;36m[K)[m[K // NOLINT
      |                                                                                                                                                                       [01;36m[K^[m[K
In file included from [01m[K/opt/ros/humble/include/parameter_traits/parameter_traits/parameter_traits.hpp:37[m[K,
                 from [01m[K/home/sonvu/ur_ws/build/ur_controllers/include/ur_controllers/gpio_controller_parameters.hpp:26[m[K,
                 from [01m[K/home/sonvu/ur_ws/src/Universal_Robots_ROS2_Driver/ur_controllers/include/ur_controllers/gpio_controller.hpp:61[m[K,
                 from [01m[K/home/sonvu/ur_ws/src/Universal_Robots_ROS2_Driver/ur_controllers/src/gpio_controller.cpp:42[m[K:
[01m[K/opt/ros/humble/include/tl_expected/expected.hpp:18:167:[m[K [01;36m[Knote: [m[K‘[01m[K#pragma message: tl_expected/expected.hpp is deprecated. Use <tl/expected.hpp> from libexpected-dev, or <rcpputils/tl_expected/expected.hpp> if the system header is not available.[m[K’
   18 |   "tl_expected/expected.hpp is deprecated. Use <tl/expected.hpp> from libexpected-dev, or <rcpputils/tl_expected/expected.hpp> if the system header is not available."[01;36m[K)[m[K // NOLINT
      |                                                                                                                                                                       [01;36m[K^[m[K
In file included from [01m[K/opt/ros/humble/include/parameter_traits/parameter_traits/parameter_traits.hpp:37[m[K,
                 from [01m[K/home/sonvu/ur_ws/build/ur_controllers/include/ur_controllers/friction_model_controller_parameters.hpp:26[m[K,
                 from [01m[K/home/sonvu/ur_ws/src/Universal_Robots_ROS2_Driver/ur_controllers/include/ur_controllers/friction_model_controller.hpp:47[m[K,
                 from [01m[K/home/sonvu/ur_ws/src/Universal_Robots_ROS2_Driver/ur_controllers/src/friction_model_controller.cpp:43[m[K:
[01m[K/opt/ros/humble/include/tl_expected/expected.hpp:18:167:[m[K [01;36m[Knote: [m[K‘[01m[K#pragma message: tl_expected/expected.hpp is deprecated. Use <tl/expected.hpp> from libexpected-dev, or <rcpputils/tl_expected/expected.hpp> if the system header is not available.[m[K’
   18 |   "tl_expected/expected.hpp is deprecated. Use <tl/expected.hpp> from libexpected-dev, or <rcpputils/tl_expected/expected.hpp> if the system header is not available."[01;36m[K)[m[K // NOLINT
      |                                                                                                                                                                       [01;36m[K^[m[K
In file included from [01m[K/opt/ros/humble/include/parameter_traits/parameter_traits/parameter_traits.hpp:37[m[K,
                 from [01m[K/home/sonvu/ur_ws/build/ur_controllers/include/ur_controllers/freedrive_mode_controller_parameters.hpp:26[m[K,
                 from [01m[K/home/sonvu/ur_ws/src/Universal_Robots_ROS2_Driver/ur_controllers/include/ur_controllers/freedrive_mode_controller.hpp:56[m[K,
                 from [01m[K/home/sonvu/ur_ws/src/Universal_Robots_ROS2_Driver/ur_controllers/src/freedrive_mode_controller.cpp:41[m[K:
[01m[K/opt/ros/humble/include/tl_expected/expected.hpp:18:167:[m[K [01;36m[Knote: [m[K‘[01m[K#pragma message: tl_expected/expected.hpp is deprecated. Use <tl/expected.hpp> from libexpected-dev, or <rcpputils/tl_expected/expected.hpp> if the system header is not available.[m[K’
   18 |   "tl_expected/expected.hpp is deprecated. Use <tl/expected.hpp> from libexpected-dev, or <rcpputils/tl_expected/expected.hpp> if the system header is not available."[01;36m[K)[m[K // NOLINT
      |                                                                                                                                                                       [01;36m[K^[m[K
In file included from [01m[K/opt/ros/humble/include/parameter_traits/parameter_traits/parameter_traits.hpp:37[m[K,
                 from [01m[K/home/sonvu/ur_ws/build/ur_controllers/include/ur_controllers/force_mode_controller_parameters.hpp:26[m[K,
                 from [01m[K/home/sonvu/ur_ws/src/Universal_Robots_ROS2_Driver/ur_controllers/include/ur_controllers/force_mode_controller.hpp:50[m[K,
                 from [01m[K/home/sonvu/ur_ws/src/Universal_Robots_ROS2_Driver/ur_controllers/src/force_mode_controller.cpp:42[m[K:
[01m[K/opt/ros/humble/include/tl_expected/expected.hpp:18:167:[m[K [01;36m[Knote: [m[K‘[01m[K#pragma message: tl_expected/expected.hpp is deprecated. Use <tl/expected.hpp> from libexpected-dev, or <rcpputils/tl_expected/expected.hpp> if the system header is not available.[m[K’
   18 |   "tl_expected/expected.hpp is deprecated. Use <tl/expected.hpp> from libexpected-dev, or <rcpputils/tl_expected/expected.hpp> if the system header is not available."[01;36m[K)[m[K // NOLINT
      |                                                                                                                                                                       [01;36m[K^[m[K
In file included from [01m[K/opt/ros/humble/include/parameter_traits/parameter_traits/parameter_traits.hpp:37[m[K,
                 from [01m[K/opt/ros/humble/include/joint_trajectory_controller/joint_trajectory_controller_parameters.hpp:26[m[K,
                 from [01m[K/opt/ros/humble/include/joint_trajectory_controller/joint_trajectory_controller/tolerances.hpp:39[m[K,
                 from [01m[K/opt/ros/humble/include/joint_trajectory_controller/joint_trajectory_controller/joint_trajectory_controller.hpp:32[m[K,
                 from [01m[K/home/sonvu/ur_ws/src/Universal_Robots_ROS2_Driver/ur_controllers/include/ur_controllers/scaled_joint_trajectory_controller.hpp:43[m[K,
                 from [01m[K/home/sonvu/ur_ws/src/Universal_Robots_ROS2_Driver/ur_controllers/src/scaled_joint_trajectory_controller.cpp:41[m[K:
[01m[K/opt/ros/humble/include/tl_expected/expected.hpp:18:167:[m[K [01;36m[Knote: [m[K‘[01m[K#pragma message: tl_expected/expected.hpp is deprecated. Use <tl/expected.hpp> from libexpected-dev, or <rcpputils/tl_expected/expected.hpp> if the system header is not available.[m[K’
   18 |   "tl_expected/expected.hpp is deprecated. Use <tl/expected.hpp> from libexpected-dev, or <rcpputils/tl_expected/expected.hpp> if the system header is not available."[01;36m[K)[m[K // NOLINT
      |                                                                                                                                                                       [01;36m[K^[m[K
In file included from [01m[K/opt/ros/humble/include/parameter_traits/parameter_traits/parameter_traits.hpp:37[m[K,
                 from [01m[K/home/sonvu/ur_ws/build/ur_controllers/include/ur_controllers/passthrough_trajectory_controller_parameters.hpp:26[m[K,
                 from [01m[K/home/sonvu/ur_ws/src/Universal_Robots_ROS2_Driver/ur_controllers/include/ur_controllers/passthrough_trajectory_controller.hpp:67[m[K,
                 from [01m[K/home/sonvu/ur_ws/src/Universal_Robots_ROS2_Driver/ur_controllers/src/passthrough_trajectory_controller.cpp:50[m[K:
[01m[K/opt/ros/humble/include/tl_expected/expected.hpp:18:167:[m[K [01;36m[Knote: [m[K‘[01m[K#pragma message: tl_expected/expected.hpp is deprecated. Use <tl/expected.hpp> from libexpected-dev, or <rcpputils/tl_expected/expected.hpp> if the system header is not available.[m[K’
   18 |   "tl_expected/expected.hpp is deprecated. Use <tl/expected.hpp> from libexpected-dev, or <rcpputils/tl_expected/expected.hpp> if the system header is not available."[01;36m[K)[m[K // NOLINT
      |                                                                                                                                                                       [01;36m[K^[m[K
In file included from [01m[K/opt/ros/humble/include/parameter_traits/parameter_traits/parameter_traits.hpp:37[m[K,
                 from [01m[K/home/sonvu/ur_ws/build/ur_controllers/include/ur_controllers/ur_configuration_controller_parameters.hpp:26[m[K,
                 from [01m[K/home/sonvu/ur_ws/src/Universal_Robots_ROS2_Driver/ur_controllers/include/ur_controllers/ur_configuration_controller.hpp:53[m[K,
                 from [01m[K/home/sonvu/ur_ws/src/Universal_Robots_ROS2_Driver/ur_controllers/src/ur_configuration_controller.cpp:41[m[K:
[01m[K/opt/ros/humble/include/tl_expected/expected.hpp:18:167:[m[K [01;36m[Knote: [m[K‘[01m[K#pragma message: tl_expected/expected.hpp is deprecated. Use <tl/expected.hpp> from libexpected-dev, or <rcpputils/tl_expected/expected.hpp> if the system header is not available.[m[K’
   18 |   "tl_expected/expected.hpp is deprecated. Use <tl/expected.hpp> from libexpected-dev, or <rcpputils/tl_expected/expected.hpp> if the system header is not available."[01;36m[K)[m[K // NOLINT
      |                                                                                                                                                                       [01;36m[K^[m[K
In file included from [01m[K/opt/ros/humble/include/parameter_traits/parameter_traits/parameter_traits.hpp:37[m[K,
                 from [01m[K/home/sonvu/ur_ws/build/ur_controllers/include/ur_controllers/tool_contact_controller_parameters.hpp:26[m[K,
                 from [01m[K/home/sonvu/ur_ws/src/Universal_Robots_ROS2_Driver/ur_controllers/include/ur_controllers/tool_contact_controller.hpp:60[m[K,
                 from [01m[K/home/sonvu/ur_ws/src/Universal_Robots_ROS2_Driver/ur_controllers/src/tool_contact_controller.cpp:42[m[K:
[01m[K/opt/ros/humble/include/tl_expected/expected.hpp:18:167:[m[K [01;36m[Knote: [m[K‘[01m[K#pragma message: tl_expected/expected.hpp is deprecated. Use <tl/expected.hpp> from libexpected-dev, or <rcpputils/tl_expected/expected.hpp> if the system header is not available.[m[K’
   18 | , or <rcpputils/tl_expected/expected.hpp> if the system header is not available."[01;36m[K)[m[K // NOLINT
      |                                                                                  [01;36m[K^[m[K

[ 71%] [32m[1mLinking CXX static library libgmock.a[0m
[ 71%] Built target gmock
[ 73%] [32m[1mLinking CXX shared library libur_controllers.so[0m
[ 73%] Built target ur_controllers
[ 75%] [32mBuilding CXX object CMakeFiles/test_load_scaled_joint_trajectory_controller.dir/test/test_load_scaled_joint_trajectory_controller.cpp.o[0m
[ 77%] [32mBuilding CXX object CMakeFiles/test_load_friction_model_controller.dir/test/test_load_friction_model_controller.cpp.o[0m
[ 80%] [32mBuilding CXX object CMakeFiles/test_tool_contact_controller.dir/test/test_tool_contact_controller.cpp.o[0m
[ 82%] [32mBuilding CXX object CMakeFiles/test_scaled_joint_trajectory_controller_sampling.dir/test/test_scaled_joint_trajectory_controller_sampling.cpp.o[0m
[ 84%] [32mBuilding CXX object CMakeFiles/test_load_freedrive_mode_controller.dir/test/test_load_freedrive_mode_controller.cpp.o[0m
[ 86%] [32mBuilding CXX object CMakeFiles/test_load_force_mode_controller.dir/test/test_load_force_mode_controller.cpp.o[0m
In file included from [01m[K/opt/ros/humble/include/parameter_traits/parameter_traits/parameter_traits.hpp:37[m[K,
                 from [01m[K/home/sonvu/ur_ws/build/ur_controllers/include/ur_controllers/tool_contact_controller_parameters.hpp:26[m[K,
                 from [01m[K/home/sonvu/ur_ws/src/Universal_Robots_ROS2_Driver/ur_controllers/include/ur_controllers/tool_contact_controller.hpp:60[m[K,
                 from [01m[K/home/sonvu/ur_ws/src/Universal_Robots_ROS2_Driver/ur_controllers/test/test_tool_contact_controller.cpp:40[m[K:
[01m[K/opt/ros/humble/include/tl_expected/expected.hpp:18:167:[m[K [01;36m[Knote: [m[K‘[01m[K#pragma message: tl_expected/expected.hpp is deprecated. Use <tl/expected.hpp> from libexpected-dev, or <rcpputils/tl_expected/expected.hpp> if the system header is not available.[m[K’
   18 |   "tl_expected/expected.hpp is deprecated. Use <tl/expected.hpp> from libexpected-dev, or <rcpputils/tl_expected/expected.hpp> if the system header is not available."[01;36m[K)[m[K // NOLINT
      |                                                                                                                                                                       [01;36m[K^[m[K
In file included from [01m[K/opt/ros/humble/include/parameter_traits/parameter_traits/parameter_traits.hpp:37[m[K,
                 from [01m[K/opt/ros/humble/include/joint_trajectory_controller/joint_trajectory_controller_parameters.hpp:26[m[K,
                 from [01m[K/opt/ros/humble/include/joint_trajectory_controller/joint_trajectory_controller/tolerances.hpp:39[m[K,
                 from [01m[K/opt/ros/humble/include/joint_trajectory_controller/joint_trajectory_controller/joint_trajectory_controller.hpp:32[m[K,
                 from [01m[K/home/sonvu/ur_ws/src/Universal_Robots_ROS2_Driver/ur_controllers/include/ur_controllers/scaled_joint_trajectory_controller.hpp:43[m[K,
                 from [01m[K/home/sonvu/ur_ws/src/Universal_Robots_ROS2_Driver/ur_controllers/test/test_scaled_joint_trajectory_controller_sampling.cpp:47[m[K:
[01m[K/opt/ros/humble/include/tl_expected/expected.hpp:18:167:[m[K [01;36m[Knote: [m[K‘[01m[K#pragma message: tl_expected/expected.hpp is deprecated. Use <tl/expected.hpp> from libexpected-dev, or <rcpputils/tl_expected/expected.hpp> if the system header is not available.[m[K’
   18 |   "tl_expected/expected.hpp is deprecated. Use <tl/expected.hpp> from libexpected-dev, or <rcpputils/tl_expected/expected.hpp> if the system header is not available."[01;36m[K)[m[K // NOLINT
      |                                                                                                                                                                       [01;36m[K^[m[K
[ 88%] [32m[1mLinking CXX executable test_tool_contact_controller[0m
[ 91%] [32m[1mLinking CXX executable test_load_friction_model_controller[0m
[ 93%] [32m[1mLinking CXX executable test_load_scaled_joint_trajectory_controller[0m
[ 95%] [32m[1mLinking CXX executable test_load_freedrive_mode_controller[0m
[ 97%] [32m[1mLinking CXX executable test_load_force_mode_controller[0m
[ 97%] Built target test_load_friction_model_controller
[ 97%] Built target test_load_scaled_joint_trajectory_controller
[ 97%] Built target test_tool_contact_controller
[ 97%] Built target test_load_freedrive_mode_controller
[ 97%] Built target test_load_force_mode_controller
[100%] [32m[1mLinking CXX executable test_scaled_joint_trajectory_controller_sampling[0m
[100%] Built target test_scaled_joint_trajectory_controller_sampling
-- Install configuration: ""
-- Execute custom install script
-- Symlinking: /home/sonvu/ur_ws/install/ur_controllers/include/ur_controllers/force_mode_controller_parameters.hpp
-- Symlinking: /home/sonvu/ur_ws/install/ur_controllers/include/ur_controllers/freedrive_mode_controller_parameters.hpp
-- Symlinking: /home/sonvu/ur_ws/install/ur_controllers/include/ur_controllers/friction_model_controller_parameters.hpp
-- Symlinking: /home/sonvu/ur_ws/install/ur_controllers/include/ur_controllers/gpio_controller_parameters.hpp
-- Symlinking: /home/sonvu/ur_ws/install/ur_controllers/include/ur_controllers/passthrough_trajectory_controller_parameters.hpp
-- Symlinking: /home/sonvu/ur_ws/install/ur_controllers/include/ur_controllers/scaled_joint_trajectory_controller_parameters.hpp
-- Symlinking: /home/sonvu/ur_ws/install/ur_controllers/include/ur_controllers/speed_scaling_state_broadcaster_parameters.hpp
-- Symlinking: /home/sonvu/ur_ws/install/ur_controllers/include/ur_controllers/tool_contact_controller_parameters.hpp
-- Symlinking: /home/sonvu/ur_ws/install/ur_controllers/include/ur_controllers/ur_configuration_controller_parameters.hpp
-- Up-to-date symlink: /home/sonvu/ur_ws/install/ur_controllers/include/ur_controllers/force_mode_controller_parameters.hpp
-- Up-to-date symlink: /home/sonvu/ur_ws/install/ur_controllers/include/ur_controllers/freedrive_mode_controller_parameters.hpp
-- Up-to-date symlink: /home/sonvu/ur_ws/install/ur_controllers/include/ur_controllers/friction_model_controller_parameters.hpp
-- Up-to-date symlink: /home/sonvu/ur_ws/install/ur_controllers/include/ur_controllers/gpio_controller_parameters.hpp
-- Up-to-date symlink: /home/sonvu/ur_ws/install/ur_controllers/include/ur_controllers/passthrough_trajectory_controller_parameters.hpp
-- Up-to-date symlink: /home/sonvu/ur_ws/install/ur_controllers/include/ur_controllers/scaled_joint_trajectory_controller_parameters.hpp
-- Up-to-date symlink: /home/sonvu/ur_ws/install/ur_controllers/include/ur_controllers/speed_scaling_state_broadcaster_parameters.hpp
-- Up-to-date symlink: /home/sonvu/ur_ws/install/ur_controllers/include/ur_controllers/tool_contact_controller_parameters.hpp
-- Up-to-date symlink: /home/sonvu/ur_ws/install/ur_controllers/include/ur_controllers/ur_configuration_controller_parameters.hpp
-- Up-to-date symlink: /home/sonvu/ur_ws/install/ur_controllers/include/ur_controllers/force_mode_controller_parameters.hpp
-- Up-to-date symlink: /home/sonvu/ur_ws/install/ur_controllers/include/ur_controllers/freedrive_mode_controller_parameters.hpp
-- Up-to-date symlink: /home/sonvu/ur_ws/install/ur_controllers/include/ur_controllers/friction_model_controller_parameters.hpp
-- Up-to-date symlink: /home/sonvu/ur_ws/install/ur_controllers/include/ur_controllers/gpio_controller_parameters.hpp
-- Up-to-date symlink: /home/sonvu/ur_ws/install/ur_controllers/include/ur_controllers/passthrough_trajectory_controller_parameters.hpp
-- Up-to-date symlink: /home/sonvu/ur_ws/install/ur_controllers/include/ur_controllers/scaled_joint_trajectory_controller_parameters.hpp
-- Up-to-date symlink: /home/sonvu/ur_ws/install/ur_controllers/include/ur_controllers/speed_scaling_state_broadcaster_parameters.hpp
-- Up-to-date symlink: /home/sonvu/ur_ws/install/ur_controllers/include/ur_controllers/tool_contact_controller_parameters.hpp
-- Up-to-date symlink: /home/sonvu/ur_ws/install/ur_controllers/include/ur_controllers/ur_configuration_controller_parameters.hpp
-- Up-to-date symlink: /home/sonvu/ur_ws/install/ur_controllers/include/ur_controllers/force_mode_controller_parameters.hpp
-- Up-to-date symlink: /home/sonvu/ur_ws/install/ur_controllers/include/ur_controllers/freedrive_mode_controller_parameters.hpp
-- Up-to-date symlink: /home/sonvu/ur_ws/install/ur_controllers/include/ur_controllers/friction_model_controller_parameters.hpp
-- Up-to-date symlink: /home/sonvu/ur_ws/install/ur_controllers/include/ur_controllers/gpio_controller_parameters.hpp
-- Up-to-date symlink: /home/sonvu/ur_ws/install/ur_controllers/include/ur_controllers/passthrough_trajectory_controller_parameters.hpp
-- Up-to-date symlink: /home/sonvu/ur_ws/install/ur_controllers/include/ur_controllers/scaled_joint_trajectory_controller_parameters.hpp
-- Up-to-date symlink: /home/sonvu/ur_ws/install/ur_controllers/include/ur_controllers/speed_scaling_state_broadcaster_parameters.hpp
-- Up-to-date symlink: /home/sonvu/ur_ws/install/ur_controllers/include/ur_controllers/tool_contact_controller_parameters.hpp
-- Up-to-date symlink: /home/sonvu/ur_ws/install/ur_controllers/include/ur_controllers/ur_configuration_controller_parameters.hpp
-- Up-to-date symlink: /home/sonvu/ur_ws/install/ur_controllers/include/ur_controllers/force_mode_controller_parameters.hpp
-- Up-to-date symlink: /home/sonvu/ur_ws/install/ur_controllers/include/ur_controllers/freedrive_mode_controller_parameters.hpp
-- Up-to-date symlink: /home/sonvu/ur_ws/install/ur_controllers/include/ur_controllers/friction_model_controller_parameters.hpp
-- Up-to-date symlink: /home/sonvu/ur_ws/install/ur_controllers/include/ur_controllers/gpio_controller_parameters.hpp
-- Up-to-date symlink: /home/sonvu/ur_ws/install/ur_controllers/include/ur_controllers/passthrough_trajectory_controller_parameters.hpp
-- Up-to-date symlink: /home/sonvu/ur_ws/install/ur_controllers/include/ur_controllers/scaled_joint_trajectory_controller_parameters.hpp
-- Up-to-date symlink: /home/sonvu/ur_ws/install/ur_controllers/include/ur_controllers/speed_scaling_state_broadcaster_parameters.hpp
-- Up-to-date symlink: /home/sonvu/ur_ws/install/ur_controllers/include/ur_controllers/tool_contact_controller_parameters.hpp
-- Up-to-date symlink: /home/sonvu/ur_ws/install/ur_controllers/include/ur_controllers/ur_configuration_controller_parameters.hpp
-- Up-to-date symlink: /home/sonvu/ur_ws/install/ur_controllers/include/ur_controllers/force_mode_controller_parameters.hpp
-- Up-to-date symlink: /home/sonvu/ur_ws/install/ur_controllers/include/ur_controllers/freedrive_mode_controller_parameters.hpp
-- Up-to-date symlink: /home/sonvu/ur_ws/install/ur_controllers/include/ur_controllers/friction_model_controller_parameters.hpp
-- Up-to-date symlink: /home/sonvu/ur_ws/install/ur_controllers/include/ur_controllers/gpio_controller_parameters.hpp
-- Up-to-date symlink: /home/sonvu/ur_ws/install/ur_controllers/include/ur_controllers/passthrough_trajectory_controller_parameters.hpp
-- Up-to-date symlink: /home/sonvu/ur_ws/install/ur_controllers/include/ur_controllers/scaled_joint_trajectory_controller_parameters.hpp
-- Up-to-date symlink: /home/sonvu/ur_ws/install/ur_controllers/include/ur_controllers/speed_scaling_state_broadcaster_parameters.hpp
-- Up-to-date symlink: /home/sonvu/ur_ws/install/ur_controllers/include/ur_controllers/tool_contact_controller_parameters.hpp
-- Up-to-date symlink: /home/sonvu/ur_ws/install/ur_controllers/include/ur_controllers/ur_configuration_controller_parameters.hpp
-- Up-to-date symlink: /home/sonvu/ur_ws/install/ur_controllers/include/ur_controllers/force_mode_controller_parameters.hpp
-- Up-to-date symlink: /home/sonvu/ur_ws/install/ur_controllers/include/ur_controllers/freedrive_mode_controller_parameters.hpp
-- Up-to-date symlink: /home/sonvu/ur_ws/install/ur_controllers/include/ur_controllers/friction_model_controller_parameters.hpp
-- Up-to-date symlink: /home/sonvu/ur_ws/install/ur_controllers/include/ur_controllers/gpio_controller_parameters.hpp
-- Up-to-date symlink: /home/sonvu/ur_ws/install/ur_controllers/include/ur_controllers/passthrough_trajectory_controller_parameters.hpp
-- Up-to-date symlink: /home/sonvu/ur_ws/install/ur_controllers/include/ur_controllers/scaled_joint_trajectory_controller_parameters.hpp
-- Up-to-date symlink: /home/sonvu/ur_ws/install/ur_controllers/include/ur_controllers/speed_scaling_state_broadcaster_parameters.hpp
-- Up-to-date symlink: /home/sonvu/ur_ws/install/ur_controllers/include/ur_controllers/tool_contact_controller_parameters.hpp
-- Up-to-date symlink: /home/sonvu/ur_ws/install/ur_controllers/include/ur_controllers/ur_configuration_controller_parameters.hpp
-- Up-to-date symlink: /home/sonvu/ur_ws/install/ur_controllers/include/ur_controllers/force_mode_controller_parameters.hpp
-- Up-to-date symlink: /home/sonvu/ur_ws/install/ur_controllers/include/ur_controllers/freedrive_mode_controller_parameters.hpp
-- Up-to-date symlink: /home/sonvu/ur_ws/install/ur_controllers/include/ur_controllers/friction_model_controller_parameters.hpp
-- Up-to-date symlink: /home/sonvu/ur_ws/install/ur_controllers/include/ur_controllers/gpio_controller_parameters.hpp
-- Up-to-date symlink: /home/sonvu/ur_ws/install/ur_controllers/include/ur_controllers/passthrough_trajectory_controller_parameters.hpp
-- Up-to-date symlink: /home/sonvu/ur_ws/install/ur_controllers/include/ur_controllers/scaled_joint_trajectory_controller_parameters.hpp
-- Up-to-date symlink: /home/sonvu/ur_ws/install/ur_controllers/include/ur_controllers/speed_scaling_state_broadcaster_parameters.hpp
-- Up-to-date symlink: /home/sonvu/ur_ws/install/ur_controllers/include/ur_controllers/tool_contact_controller_parameters.hpp
-- Up-to-date symlink: /home/sonvu/ur_ws/install/ur_controllers/include/ur_controllers/ur_configuration_controller_parameters.hpp
-- Up-to-date symlink: /home/sonvu/ur_ws/install/ur_controllers/include/ur_controllers/force_mode_controller_parameters.hpp
-- Up-to-date symlink: /home/sonvu/ur_ws/install/ur_controllers/include/ur_controllers/freedrive_mode_controller_parameters.hpp
-- Up-to-date symlink: /home/sonvu/ur_ws/install/ur_controllers/include/ur_controllers/friction_model_controller_parameters.hpp
-- Up-to-date symlink: /home/sonvu/ur_ws/install/ur_controllers/include/ur_controllers/gpio_controller_parameters.hpp
-- Up-to-date symlink: /home/sonvu/ur_ws/install/ur_controllers/include/ur_controllers/passthrough_trajectory_controller_parameters.hpp
-- Up-to-date symlink: /home/sonvu/ur_ws/install/ur_controllers/include/ur_controllers/scaled_joint_trajectory_controller_parameters.hpp
-- Up-to-date symlink: /home/sonvu/ur_ws/install/ur_controllers/include/ur_controllers/speed_scaling_state_broadcaster_parameters.hpp
-- Up-to-date symlink: /home/sonvu/ur_ws/install/ur_controllers/include/ur_controllers/tool_contact_controller_parameters.hpp
-- Up-to-date symlink: /home/sonvu/ur_ws/install/ur_controllers/include/ur_controllers/ur_configuration_controller_parameters.hpp
-- Symlinking: /home/sonvu/ur_ws/install/ur_controllers/share/ur_controllers//controller_plugins.xml
-- Symlinking: /home/sonvu/ur_ws/install/ur_controllers/lib/libur_controllers.so
-- Symlinking: /home/sonvu/ur_ws/install/ur_controllers/include/ur_controllers/force_mode_controller.hpp
-- Symlinking: /home/sonvu/ur_ws/install/ur_controllers/include/ur_controllers/freedrive_mode_controller.hpp
-- Symlinking: /home/sonvu/ur_ws/install/ur_controllers/include/ur_controllers/friction_model_controller.hpp
-- Symlinking: /home/sonvu/ur_ws/install/ur_controllers/include/ur_controllers/gpio_controller.hpp
-- Symlinking: /home/sonvu/ur_ws/install/ur_controllers/include/ur_controllers/passthrough_trajectory_controller.hpp
-- Symlinking: /home/sonvu/ur_ws/install/ur_controllers/include/ur_controllers/scaled_joint_trajectory_controller.hpp
-- Symlinking: /home/sonvu/ur_ws/install/ur_controllers/include/ur_controllers/speed_scaling_state_broadcaster.hpp
-- Symlinking: /home/sonvu/ur_ws/install/ur_controllers/include/ur_controllers/tool_contact_controller.hpp
-- Symlinking: /home/sonvu/ur_ws/install/ur_controllers/include/ur_controllers/ur_configuration_controller.hpp
-- Up-to-date symlink: /home/sonvu/ur_ws/install/ur_controllers/share/ur_controllers/controller_plugins.xml
-- Symlinking: /home/sonvu/ur_ws/install/ur_controllers/share/ur_controllers/environment/library_path.sh
-- Symlinking: /home/sonvu/ur_ws/install/ur_controllers/share/ur_controllers/environment/library_path.dsv
-- Symlinking: /home/sonvu/ur_ws/install/ur_controllers/share/ament_index/resource_index/package_run_dependencies/ur_controllers
-- Symlinking: /home/sonvu/ur_ws/install/ur_controllers/share/ament_index/resource_index/parent_prefix_path/ur_controllers
-- Symlinking: /home/sonvu/ur_ws/install/ur_controllers/share/ur_controllers/environment/ament_prefix_path.sh
-- Symlinking: /home/sonvu/ur_ws/install/ur_controllers/share/ur_controllers/environment/ament_prefix_path.dsv
-- Symlinking: /home/sonvu/ur_ws/install/ur_controllers/share/ur_controllers/environment/path.sh
-- Symlinking: /home/sonvu/ur_ws/install/ur_controllers/share/ur_controllers/environment/path.dsv
-- Symlinking: /home/sonvu/ur_ws/install/ur_controllers/share/ur_controllers/local_setup.bash
-- Symlinking: /home/sonvu/ur_ws/install/ur_controllers/share/ur_controllers/local_setup.sh
-- Symlinking: /home/sonvu/ur_ws/install/ur_controllers/share/ur_controllers/local_setup.zsh
-- Symlinking: /home/sonvu/ur_ws/install/ur_controllers/share/ur_controllers/local_setup.dsv
-- Symlinking: /home/sonvu/ur_ws/install/ur_controllers/share/ur_controllers/package.dsv
-- Symlinking: /home/sonvu/ur_ws/install/ur_controllers/share/ament_index/resource_index/packages/ur_controllers
-- Symlinking: /home/sonvu/ur_ws/install/ur_controllers/share/ament_index/resource_index/controller_interface__pluginlib__plugin/ur_controllers
-- Symlinking: /home/sonvu/ur_ws/install/ur_controllers/share/ur_controllers/cmake/ament_cmake_export_dependencies-extras.cmake
-- Symlinking: /home/sonvu/ur_ws/install/ur_controllers/share/ur_controllers/cmake/ament_cmake_export_include_directories-extras.cmake
-- Symlinking: /home/sonvu/ur_ws/install/ur_controllers/share/ur_controllers/cmake/ament_cmake_export_libraries-extras.cmake
-- Symlinking: /home/sonvu/ur_ws/install/ur_controllers/share/ur_controllers/cmake/ur_controllersConfig.cmake
-- Symlinking: /home/sonvu/ur_ws/install/ur_controllers/share/ur_controllers/cmake/ur_controllersConfig-version.cmake
-- Symlinking: /home/sonvu/ur_ws/install/ur_controllers/share/ur_controllers/package.xml
