[0.010s] Invoking command in '/home/sonvu/ur_ws/build/ur_bringup': AMENT_PREFIX_PATH=/home/sonvu/ur_ws/install/ur_controllers:/home/sonvu/ur_ws/install/ur_dashboard_msgs:${AMENT_PREFIX_PATH} CMAKE_PREFIX_PATH=/home/sonvu/ur_ws/install/ur_controllers:/home/sonvu/ur_ws/install/ur_dashboard_msgs:/home/sonvu/rtablc_base/install/rtablc_experiment:/opt/ros/humble LD_LIBRARY_PATH=/home/sonvu/ur_ws/install/ur_controllers/lib:/home/sonvu/ur_ws/install/ur_dashboard_msgs/lib:${LD_LIBRARY_PATH} PYTHONPATH=/home/sonvu/ur_ws/install/ur_dashboard_msgs/local/lib/python3.10/dist-packages:${PYTHONPATH} /usr/bin/cmake /home/sonvu/ur_ws/src/Universal_Robots_ROS2_Driver/ur_bringup -DAMENT_CMAKE_SYMLINK_INSTALL=1 -DCMAKE_INSTALL_PREFIX=/home/sonvu/ur_ws/install/ur_bringup
[0.055s] -- The C compiler identification is GNU 11.4.0
[0.097s] -- The CXX compiler identification is GNU 11.4.0
[0.104s] -- Detecting C compiler ABI info
[0.160s] -- Detecting C compiler ABI info - done
[0.166s] -- Check for working C compiler: /usr/bin/cc - skipped
[0.166s] -- Detecting C compile features
[0.166s] -- Detecting C compile features - done
[0.169s] -- Detecting CXX compiler ABI info
[0.224s] -- Detecting CXX compiler ABI info - done
[0.230s] -- Check for working CXX compiler: /usr/bin/c++ - skipped
[0.230s] -- Detecting CXX compile features
[0.230s] -- Detecting CXX compile features - done
[0.232s] -- Found ament_cmake: 1.3.14 (/opt/ros/humble/share/ament_cmake/cmake)
[0.339s] -- Found Python3: /usr/bin/python3 (found version "3.10.12") found components: Interpreter 
[0.383s] -- Override CMake install command with custom implementation using symlinks instead of copying resources
[0.455s] -- Configuring done
[0.456s] -- Generating done
[0.457s] -- Build files have been written to: /home/sonvu/ur_ws/build/ur_bringup
[0.460s] Invoked command in '/home/sonvu/ur_ws/build/ur_bringup' returned '0': AMENT_PREFIX_PATH=/home/sonvu/ur_ws/install/ur_controllers:/home/sonvu/ur_ws/install/ur_dashboard_msgs:${AMENT_PREFIX_PATH} CMAKE_PREFIX_PATH=/home/sonvu/ur_ws/install/ur_controllers:/home/sonvu/ur_ws/install/ur_dashboard_msgs:/home/sonvu/rtablc_base/install/rtablc_experiment:/opt/ros/humble LD_LIBRARY_PATH=/home/sonvu/ur_ws/install/ur_controllers/lib:/home/sonvu/ur_ws/install/ur_dashboard_msgs/lib:${LD_LIBRARY_PATH} PYTHONPATH=/home/sonvu/ur_ws/install/ur_dashboard_msgs/local/lib/python3.10/dist-packages:${PYTHONPATH} /usr/bin/cmake /home/sonvu/ur_ws/src/Universal_Robots_ROS2_Driver/ur_bringup -DAMENT_CMAKE_SYMLINK_INSTALL=1 -DCMAKE_INSTALL_PREFIX=/home/sonvu/ur_ws/install/ur_bringup
[0.461s] Invoking command in '/home/sonvu/ur_ws/build/ur_bringup': AMENT_PREFIX_PATH=/home/sonvu/ur_ws/install/ur_controllers:/home/sonvu/ur_ws/install/ur_dashboard_msgs:${AMENT_PREFIX_PATH} CMAKE_PREFIX_PATH=/home/sonvu/ur_ws/install/ur_controllers:/home/sonvu/ur_ws/install/ur_dashboard_msgs:/home/sonvu/rtablc_base/install/rtablc_experiment:/opt/ros/humble LD_LIBRARY_PATH=/home/sonvu/ur_ws/install/ur_controllers/lib:/home/sonvu/ur_ws/install/ur_dashboard_msgs/lib:${LD_LIBRARY_PATH} PYTHONPATH=/home/sonvu/ur_ws/install/ur_dashboard_msgs/local/lib/python3.10/dist-packages:${PYTHONPATH} /usr/bin/cmake --build /home/sonvu/ur_ws/build/ur_bringup -- -j16 -l16
[0.492s] Invoked command in '/home/sonvu/ur_ws/build/ur_bringup' returned '0': AMENT_PREFIX_PATH=/home/sonvu/ur_ws/install/ur_controllers:/home/sonvu/ur_ws/install/ur_dashboard_msgs:${AMENT_PREFIX_PATH} CMAKE_PREFIX_PATH=/home/sonvu/ur_ws/install/ur_controllers:/home/sonvu/ur_ws/install/ur_dashboard_msgs:/home/sonvu/rtablc_base/install/rtablc_experiment:/opt/ros/humble LD_LIBRARY_PATH=/home/sonvu/ur_ws/install/ur_controllers/lib:/home/sonvu/ur_ws/install/ur_dashboard_msgs/lib:${LD_LIBRARY_PATH} PYTHONPATH=/home/sonvu/ur_ws/install/ur_dashboard_msgs/local/lib/python3.10/dist-packages:${PYTHONPATH} /usr/bin/cmake --build /home/sonvu/ur_ws/build/ur_bringup -- -j16 -l16
[0.494s] Invoking command in '/home/sonvu/ur_ws/build/ur_bringup': AMENT_PREFIX_PATH=/home/sonvu/ur_ws/install/ur_controllers:/home/sonvu/ur_ws/install/ur_dashboard_msgs:${AMENT_PREFIX_PATH} CMAKE_PREFIX_PATH=/home/sonvu/ur_ws/install/ur_controllers:/home/sonvu/ur_ws/install/ur_dashboard_msgs:/home/sonvu/rtablc_base/install/rtablc_experiment:/opt/ros/humble LD_LIBRARY_PATH=/home/sonvu/ur_ws/install/ur_controllers/lib:/home/sonvu/ur_ws/install/ur_dashboard_msgs/lib:${LD_LIBRARY_PATH} PYTHONPATH=/home/sonvu/ur_ws/install/ur_dashboard_msgs/local/lib/python3.10/dist-packages:${PYTHONPATH} /usr/bin/cmake --install /home/sonvu/ur_ws/build/ur_bringup
[0.499s] -- Install configuration: ""
[0.500s] -- Execute custom install script
[0.500s] -- Symlinking: /home/sonvu/ur_ws/install/ur_bringup/share/ur_bringup/config/test_goal_publishers_config.yaml
[0.506s] -- Symlinking: /home/sonvu/ur_ws/install/ur_bringup/share/ur_bringup/config/test_velocity_goal_publishers_config.yaml
[0.517s] -- Symlinking: /home/sonvu/ur_ws/install/ur_bringup/share/ur_bringup/config/ur10_update_rate.yaml
[0.521s] -- Symlinking: /home/sonvu/ur_ws/install/ur_bringup/share/ur_bringup/config/ur10e_update_rate.yaml
[0.530s] -- Symlinking: /home/sonvu/ur_ws/install/ur_bringup/share/ur_bringup/config/ur16e_update_rate.yaml
[0.538s] -- Symlinking: /home/sonvu/ur_ws/install/ur_bringup/share/ur_bringup/config/ur18_update_rate.yaml
[0.543s] -- Symlinking: /home/sonvu/ur_ws/install/ur_bringup/share/ur_bringup/config/ur3_update_rate.yaml
[0.551s] -- Symlinking: /home/sonvu/ur_ws/install/ur_bringup/share/ur_bringup/config/ur3e_update_rate.yaml
[0.557s] -- Symlinking: /home/sonvu/ur_ws/install/ur_bringup/share/ur_bringup/config/ur5_update_rate.yaml
[0.565s] -- Symlinking: /home/sonvu/ur_ws/install/ur_bringup/share/ur_bringup/config/ur5e_update_rate.yaml
[0.572s] -- Symlinking: /home/sonvu/ur_ws/install/ur_bringup/share/ur_bringup/config/ur8long_update_rate.yaml
[0.580s] -- Symlinking: /home/sonvu/ur_ws/install/ur_bringup/share/ur_bringup/config/ur_controllers.yaml
[0.586s] -- Symlinking: /home/sonvu/ur_ws/install/ur_bringup/share/ur_bringup/launch/test_forward_velocity_controller.launch.py
[0.592s] -- Symlinking: /home/sonvu/ur_ws/install/ur_bringup/share/ur_bringup/launch/test_joint_trajectory_controller.launch.py
[0.598s] -- Symlinking: /home/sonvu/ur_ws/install/ur_bringup/share/ur_bringup/launch/test_scaled_joint_trajectory_controller.launch.py
[0.605s] -- Symlinking: /home/sonvu/ur_ws/install/ur_bringup/share/ur_bringup/launch/ur10.launch.py
[0.614s] -- Symlinking: /home/sonvu/ur_ws/install/ur_bringup/share/ur_bringup/launch/ur10e.launch.py
[0.621s] -- Symlinking: /home/sonvu/ur_ws/install/ur_bringup/share/ur_bringup/launch/ur12e.launch.py
[0.629s] -- Symlinking: /home/sonvu/ur_ws/install/ur_bringup/share/ur_bringup/launch/ur15.launch.py
[0.637s] -- Symlinking: /home/sonvu/ur_ws/install/ur_bringup/share/ur_bringup/launch/ur16e.launch.py
[0.645s] -- Symlinking: /home/sonvu/ur_ws/install/ur_bringup/share/ur_bringup/launch/ur18.launch.py
[0.653s] -- Symlinking: /home/sonvu/ur_ws/install/ur_bringup/share/ur_bringup/launch/ur20.launch.py
[0.660s] -- Symlinking: /home/sonvu/ur_ws/install/ur_bringup/share/ur_bringup/launch/ur3.launch.py
[0.669s] -- Symlinking: /home/sonvu/ur_ws/install/ur_bringup/share/ur_bringup/launch/ur30.launch.py
[0.675s] -- Symlinking: /home/sonvu/ur_ws/install/ur_bringup/share/ur_bringup/launch/ur3e.launch.py
[0.680s] -- Symlinking: /home/sonvu/ur_ws/install/ur_bringup/share/ur_bringup/launch/ur5.launch.py
[0.688s] -- Symlinking: /home/sonvu/ur_ws/install/ur_bringup/share/ur_bringup/launch/ur5e.launch.py
[0.694s] -- Symlinking: /home/sonvu/ur_ws/install/ur_bringup/share/ur_bringup/launch/ur7e.launch.py
[0.702s] -- Symlinking: /home/sonvu/ur_ws/install/ur_bringup/share/ur_bringup/launch/ur8long.launch.py
[0.709s] -- Symlinking: /home/sonvu/ur_ws/install/ur_bringup/share/ur_bringup/launch/ur_control.launch.py
[0.717s] -- Symlinking: /home/sonvu/ur_ws/install/ur_bringup/share/ur_bringup/launch/ur_dashboard_client.launch.py
[0.723s] -- Symlinking: /home/sonvu/ur_ws/install/ur_bringup/lib/ur_bringup/start_ursim.sh
[0.730s] -- Symlinking: /home/sonvu/ur_ws/install/ur_bringup/share/ament_index/resource_index/package_run_dependencies/ur_bringup
[0.737s] -- Symlinking: /home/sonvu/ur_ws/install/ur_bringup/share/ament_index/resource_index/parent_prefix_path/ur_bringup
[0.746s] -- Symlinking: /home/sonvu/ur_ws/install/ur_bringup/share/ur_bringup/environment/ament_prefix_path.sh
[0.753s] -- Symlinking: /home/sonvu/ur_ws/install/ur_bringup/share/ur_bringup/environment/ament_prefix_path.dsv
[0.759s] -- Symlinking: /home/sonvu/ur_ws/install/ur_bringup/share/ur_bringup/environment/path.sh
[0.769s] -- Symlinking: /home/sonvu/ur_ws/install/ur_bringup/share/ur_bringup/environment/path.dsv
[0.777s] -- Symlinking: /home/sonvu/ur_ws/install/ur_bringup/share/ur_bringup/local_setup.bash
[0.789s] -- Symlinking: /home/sonvu/ur_ws/install/ur_bringup/share/ur_bringup/local_setup.sh
[0.800s] -- Symlinking: /home/sonvu/ur_ws/install/ur_bringup/share/ur_bringup/local_setup.zsh
[0.806s] -- Symlinking: /home/sonvu/ur_ws/install/ur_bringup/share/ur_bringup/local_setup.dsv
[0.818s] -- Symlinking: /home/sonvu/ur_ws/install/ur_bringup/share/ur_bringup/package.dsv
[0.830s] -- Symlinking: /home/sonvu/ur_ws/install/ur_bringup/share/ament_index/resource_index/packages/ur_bringup
[0.836s] -- Symlinking: /home/sonvu/ur_ws/install/ur_bringup/share/ur_bringup/cmake/ur_bringupConfig.cmake
[0.844s] -- Symlinking: /home/sonvu/ur_ws/install/ur_bringup/share/ur_bringup/cmake/ur_bringupConfig-version.cmake
[0.851s] -- Symlinking: /home/sonvu/ur_ws/install/ur_bringup/share/ur_bringup/package.xml
[0.861s] Invoked command in '/home/sonvu/ur_ws/build/ur_bringup' returned '0': AMENT_PREFIX_PATH=/home/sonvu/ur_ws/install/ur_controllers:/home/sonvu/ur_ws/install/ur_dashboard_msgs:${AMENT_PREFIX_PATH} CMAKE_PREFIX_PATH=/home/sonvu/ur_ws/install/ur_controllers:/home/sonvu/ur_ws/install/ur_dashboard_msgs:/home/sonvu/rtablc_base/install/rtablc_experiment:/opt/ros/humble LD_LIBRARY_PATH=/home/sonvu/ur_ws/install/ur_controllers/lib:/home/sonvu/ur_ws/install/ur_dashboard_msgs/lib:${LD_LIBRARY_PATH} PYTHONPATH=/home/sonvu/ur_ws/install/ur_dashboard_msgs/local/lib/python3.10/dist-packages:${PYTHONPATH} /usr/bin/cmake --install /home/sonvu/ur_ws/build/ur_bringup
