[0.014s] Invoking command in '/home/sonvu/ur_ws/build/ur_letter_writer': CMAKE_PREFIX_PATH=/home/sonvu/ur_ws/install/ur_simulation_gz:/home/sonvu/ur_ws/install/ur_controllers:/home/sonvu/ur_ws/install/ur_moveit_config:/home/sonvu/ur_ws/install/ur_dashboard_msgs:/home/sonvu/ur_ws/install/ur_llm_planner:/home/sonvu/ur_ws/install/ur_letter_writer:/home/sonvu/ur_ws/install/ur:/home/sonvu/ur_ws/install/ur_calibration:/home/sonvu/ur_ws/install/ur_robot_driver:/home/sonvu/ur_ws/install/ur_bringup:/home/sonvu/rtablc_base/install/rtablc_experiment:/opt/ros/humble LD_LIBRARY_PATH=/home/sonvu/ur_ws/install/ur_controllers/lib:/home/sonvu/ur_ws/install/ur_dashboard_msgs/lib:/home/sonvu/ur_ws/install/ur_llm_planner/lib:/home/sonvu/ur_ws/install/ur_robot_driver/lib:/usr/lib/x86_64-linux-gnu/gazebo-11/plugins:/opt/ros/humble/opt/rviz_ogre_vendor/lib:/opt/ros/humble/lib/x86_64-linux-gnu:/opt/ros/humble/lib /usr/bin/cmake --build /home/sonvu/ur_ws/build/ur_letter_writer -- -j16 -l16
[0.113s] [100%] Built target letter_writer_node
[0.121s] Invoked command in '/home/sonvu/ur_ws/build/ur_letter_writer' returned '0': CMAKE_PREFIX_PATH=/home/sonvu/ur_ws/install/ur_simulation_gz:/home/sonvu/ur_ws/install/ur_controllers:/home/sonvu/ur_ws/install/ur_moveit_config:/home/sonvu/ur_ws/install/ur_dashboard_msgs:/home/sonvu/ur_ws/install/ur_llm_planner:/home/sonvu/ur_ws/install/ur_letter_writer:/home/sonvu/ur_ws/install/ur:/home/sonvu/ur_ws/install/ur_calibration:/home/sonvu/ur_ws/install/ur_robot_driver:/home/sonvu/ur_ws/install/ur_bringup:/home/sonvu/rtablc_base/install/rtablc_experiment:/opt/ros/humble LD_LIBRARY_PATH=/home/sonvu/ur_ws/install/ur_controllers/lib:/home/sonvu/ur_ws/install/ur_dashboard_msgs/lib:/home/sonvu/ur_ws/install/ur_llm_planner/lib:/home/sonvu/ur_ws/install/ur_robot_driver/lib:/usr/lib/x86_64-linux-gnu/gazebo-11/plugins:/opt/ros/humble/opt/rviz_ogre_vendor/lib:/opt/ros/humble/lib/x86_64-linux-gnu:/opt/ros/humble/lib /usr/bin/cmake --build /home/sonvu/ur_ws/build/ur_letter_writer -- -j16 -l16
[0.131s] Invoking command in '/home/sonvu/ur_ws/build/ur_letter_writer': CMAKE_PREFIX_PATH=/home/sonvu/ur_ws/install/ur_simulation_gz:/home/sonvu/ur_ws/install/ur_controllers:/home/sonvu/ur_ws/install/ur_moveit_config:/home/sonvu/ur_ws/install/ur_dashboard_msgs:/home/sonvu/ur_ws/install/ur_llm_planner:/home/sonvu/ur_ws/install/ur_letter_writer:/home/sonvu/ur_ws/install/ur:/home/sonvu/ur_ws/install/ur_calibration:/home/sonvu/ur_ws/install/ur_robot_driver:/home/sonvu/ur_ws/install/ur_bringup:/home/sonvu/rtablc_base/install/rtablc_experiment:/opt/ros/humble LD_LIBRARY_PATH=/home/sonvu/ur_ws/install/ur_controllers/lib:/home/sonvu/ur_ws/install/ur_dashboard_msgs/lib:/home/sonvu/ur_ws/install/ur_llm_planner/lib:/home/sonvu/ur_ws/install/ur_robot_driver/lib:/usr/lib/x86_64-linux-gnu/gazebo-11/plugins:/opt/ros/humble/opt/rviz_ogre_vendor/lib:/opt/ros/humble/lib/x86_64-linux-gnu:/opt/ros/humble/lib /usr/bin/cmake --install /home/sonvu/ur_ws/build/ur_letter_writer
[0.139s] -- Install configuration: ""
[0.139s] -- Execute custom install script
[0.140s] -- Up-to-date symlink: /home/sonvu/ur_ws/install/ur_letter_writer/lib/ur_letter_writer/letter_writer_node
[0.140s] -- Up-to-date symlink: /home/sonvu/ur_ws/install/ur_letter_writer/share/ur_letter_writer/launch/ur3_letter_writer.launch.py
[0.140s] -- Up-to-date symlink: /home/sonvu/ur_ws/install/ur_letter_writer/share/ament_index/resource_index/package_run_dependencies/ur_letter_writer
[0.141s] -- Up-to-date symlink: /home/sonvu/ur_ws/install/ur_letter_writer/share/ament_index/resource_index/parent_prefix_path/ur_letter_writer
[0.141s] -- Up-to-date symlink: /home/sonvu/ur_ws/install/ur_letter_writer/share/ur_letter_writer/environment/ament_prefix_path.sh
[0.141s] -- Up-to-date symlink: /home/sonvu/ur_ws/install/ur_letter_writer/share/ur_letter_writer/environment/ament_prefix_path.dsv
[0.141s] -- Up-to-date symlink: /home/sonvu/ur_ws/install/ur_letter_writer/share/ur_letter_writer/environment/path.sh
[0.141s] -- Up-to-date symlink: /home/sonvu/ur_ws/install/ur_letter_writer/share/ur_letter_writer/environment/path.dsv
[0.141s] -- Up-to-date symlink: /home/sonvu/ur_ws/install/ur_letter_writer/share/ur_letter_writer/local_setup.bash
[0.142s] -- Up-to-date symlink: /home/sonvu/ur_ws/install/ur_letter_writer/share/ur_letter_writer/local_setup.sh
[0.142s] -- Up-to-date symlink: /home/sonvu/ur_ws/install/ur_letter_writer/share/ur_letter_writer/local_setup.zsh
[0.142s] -- Up-to-date symlink: /home/sonvu/ur_ws/install/ur_letter_writer/share/ur_letter_writer/local_setup.dsv
[0.142s] -- Symlinking: /home/sonvu/ur_ws/install/ur_letter_writer/share/ur_letter_writer/package.dsv
[0.152s] -- Up-to-date symlink: /home/sonvu/ur_ws/install/ur_letter_writer/share/ament_index/resource_index/packages/ur_letter_writer
[0.152s] -- Up-to-date symlink: /home/sonvu/ur_ws/install/ur_letter_writer/share/ur_letter_writer/cmake/ur_letter_writerConfig.cmake
[0.152s] -- Up-to-date symlink: /home/sonvu/ur_ws/install/ur_letter_writer/share/ur_letter_writer/cmake/ur_letter_writerConfig-version.cmake
[0.152s] -- Up-to-date symlink: /home/sonvu/ur_ws/install/ur_letter_writer/share/ur_letter_writer/package.xml
[0.155s] Invoked command in '/home/sonvu/ur_ws/build/ur_letter_writer' returned '0': CMAKE_PREFIX_PATH=/home/sonvu/ur_ws/install/ur_simulation_gz:/home/sonvu/ur_ws/install/ur_controllers:/home/sonvu/ur_ws/install/ur_moveit_config:/home/sonvu/ur_ws/install/ur_dashboard_msgs:/home/sonvu/ur_ws/install/ur_llm_planner:/home/sonvu/ur_ws/install/ur_letter_writer:/home/sonvu/ur_ws/install/ur:/home/sonvu/ur_ws/install/ur_calibration:/home/sonvu/ur_ws/install/ur_robot_driver:/home/sonvu/ur_ws/install/ur_bringup:/home/sonvu/rtablc_base/install/rtablc_experiment:/opt/ros/humble LD_LIBRARY_PATH=/home/sonvu/ur_ws/install/ur_controllers/lib:/home/sonvu/ur_ws/install/ur_dashboard_msgs/lib:/home/sonvu/ur_ws/install/ur_llm_planner/lib:/home/sonvu/ur_ws/install/ur_robot_driver/lib:/usr/lib/x86_64-linux-gnu/gazebo-11/plugins:/opt/ros/humble/opt/rviz_ogre_vendor/lib:/opt/ros/humble/lib/x86_64-linux-gnu:/opt/ros/humble/lib /usr/bin/cmake --install /home/sonvu/ur_ws/build/ur_letter_writer
