[0.007s] Invoking command in '/home/sonvu/ur_ws/build/ur_moveit_config': CMAKE_PREFIX_PATH=/home/sonvu/rtablc_base/install/rtablc_experiment:/opt/ros/humble /usr/bin/cmake /home/sonvu/ur_ws/src/Universal_Robots_ROS2_Driver/ur_moveit_config -DAMENT_CMAKE_SYMLINK_INSTALL=1 -DCMAKE_INSTALL_PREFIX=/home/sonvu/ur_ws/install/ur_moveit_config
[0.205s] -- The C compiler identification is GNU 11.4.0
[0.318s] -- The CXX compiler identification is GNU 11.4.0
[0.326s] -- Detecting C compiler ABI info
[0.404s] -- Detecting C compiler ABI info - done
[0.412s] -- Check for working C compiler: /usr/bin/cc - skipped
[0.412s] -- Detecting C compile features
[0.413s] -- Detecting C compile features - done
[0.416s] -- Detecting CXX compiler ABI info
[0.491s] -- Detecting CXX compiler ABI info - done
[0.498s] -- Check for working CXX compiler: /usr/bin/c++ - skipped
[0.498s] -- Detecting CXX compile features
[0.498s] -- Detecting CXX compile features - done
[0.500s] -- Found ament_cmake: 1.3.14 (/opt/ros/humble/share/ament_cmake/cmake)
[0.617s] -- Found Python3: /usr/bin/python3 (found version "3.10.12") found components: Interpreter 
[0.670s] -- Override CMake install command with custom implementation using symlinks instead of copying resources
[0.817s] -- Configuring done
[0.819s] -- Generating done
[0.820s] -- Build files have been written to: /home/sonvu/ur_ws/build/ur_moveit_config
[0.823s] Invoked command in '/home/sonvu/ur_ws/build/ur_moveit_config' returned '0': CMAKE_PREFIX_PATH=/home/sonvu/rtablc_base/install/rtablc_experiment:/opt/ros/humble /usr/bin/cmake /home/sonvu/ur_ws/src/Universal_Robots_ROS2_Driver/ur_moveit_config -DAMENT_CMAKE_SYMLINK_INSTALL=1 -DCMAKE_INSTALL_PREFIX=/home/sonvu/ur_ws/install/ur_moveit_config
[0.825s] Invoking command in '/home/sonvu/ur_ws/build/ur_moveit_config': CMAKE_PREFIX_PATH=/home/sonvu/rtablc_base/install/rtablc_experiment:/opt/ros/humble /usr/bin/cmake --build /home/sonvu/ur_ws/build/ur_moveit_config -- -j16 -l16
[0.871s] Built target ament_cmake_python_symlink_ur_moveit_config
[1.032s] running egg_info
[1.032s] creating ur_moveit_config.egg-info
[1.033s] writing ur_moveit_config.egg-info/PKG-INFO
[1.033s] writing dependency_links to ur_moveit_config.egg-info/dependency_links.txt
[1.033s] writing top-level names to ur_moveit_config.egg-info/top_level.txt
[1.033s] writing manifest file 'ur_moveit_config.egg-info/SOURCES.txt'
[1.036s] reading manifest file 'ur_moveit_config.egg-info/SOURCES.txt'
[1.036s] writing manifest file 'ur_moveit_config.egg-info/SOURCES.txt'
[1.056s] Built target ament_cmake_python_build_ur_moveit_config_egg
[1.066s] Invoked command in '/home/sonvu/ur_ws/build/ur_moveit_config' returned '0': CMAKE_PREFIX_PATH=/home/sonvu/rtablc_base/install/rtablc_experiment:/opt/ros/humble /usr/bin/cmake --build /home/sonvu/ur_ws/build/ur_moveit_config -- -j16 -l16
[1.073s] Invoking command in '/home/sonvu/ur_ws/build/ur_moveit_config': CMAKE_PREFIX_PATH=/home/sonvu/rtablc_base/install/rtablc_experiment:/opt/ros/humble /usr/bin/cmake --install /home/sonvu/ur_ws/build/ur_moveit_config
[1.078s] -- Install configuration: ""
[1.078s] -- Execute custom install script
[1.079s] -- Symlinking: /home/sonvu/ur_ws/install/ur_moveit_config/share/ur_moveit_config/config/controllers.yaml
[1.087s] -- Symlinking: /home/sonvu/ur_ws/install/ur_moveit_config/share/ur_moveit_config/config/joint_limits.yaml
[1.094s] -- Symlinking: /home/sonvu/ur_ws/install/ur_moveit_config/share/ur_moveit_config/config/kinematics.yaml
[1.102s] -- Symlinking: /home/sonvu/ur_ws/install/ur_moveit_config/share/ur_moveit_config/config/ompl_planning.yaml
[1.109s] -- Symlinking: /home/sonvu/ur_ws/install/ur_moveit_config/share/ur_moveit_config/config/ur_servo.yaml
[1.118s] -- Symlinking: /home/sonvu/ur_ws/install/ur_moveit_config/share/ur_moveit_config/launch/ur_moveit.launch.py
[1.126s] -- Symlinking: /home/sonvu/ur_ws/install/ur_moveit_config/share/ur_moveit_config/rviz/view_robot.rviz
[1.135s] -- Symlinking: /home/sonvu/ur_ws/install/ur_moveit_config/share/ur_moveit_config/srdf/ur.srdf.xacro
[1.140s] -- Symlinking: /home/sonvu/ur_ws/install/ur_moveit_config/share/ur_moveit_config/srdf/ur_macro.srdf.xacro
[1.147s] -- Symlinking: /home/sonvu/ur_ws/install/ur_moveit_config/share/ur_moveit_config/environment/pythonpath.sh
[1.155s] -- Symlinking: /home/sonvu/ur_ws/install/ur_moveit_config/share/ur_moveit_config/environment/pythonpath.dsv
[1.166s] -- Symlinking: /home/sonvu/ur_ws/install/ur_moveit_config/local/lib/python3.10/dist-packages/ur_moveit_config-2.15.0-py3.10.egg-info/PKG-INFO
[1.173s] -- Symlinking: /home/sonvu/ur_ws/install/ur_moveit_config/local/lib/python3.10/dist-packages/ur_moveit_config-2.15.0-py3.10.egg-info/SOURCES.txt
[1.178s] -- Symlinking: /home/sonvu/ur_ws/install/ur_moveit_config/local/lib/python3.10/dist-packages/ur_moveit_config-2.15.0-py3.10.egg-info/dependency_links.txt
[1.186s] -- Symlinking: /home/sonvu/ur_ws/install/ur_moveit_config/local/lib/python3.10/dist-packages/ur_moveit_config-2.15.0-py3.10.egg-info/top_level.txt
[1.192s] -- Symlinking: /home/sonvu/ur_ws/install/ur_moveit_config/local/lib/python3.10/dist-packages/ur_moveit_config/__init__.py
[1.198s] -- Symlinking: /home/sonvu/ur_ws/install/ur_moveit_config/local/lib/python3.10/dist-packages/ur_moveit_config/launch_common.py
[1.207s] -- Symlinking: /home/sonvu/ur_ws/install/ur_moveit_config/local/lib/python3.10/dist-packages/launch_common.py
[1.215s] -- Symlinking: /home/sonvu/ur_ws/install/ur_moveit_config/share/ament_index/resource_index/package_run_dependencies/ur_moveit_config
[1.223s] -- Symlinking: /home/sonvu/ur_ws/install/ur_moveit_config/share/ament_index/resource_index/parent_prefix_path/ur_moveit_config
[1.231s] -- Symlinking: /home/sonvu/ur_ws/install/ur_moveit_config/share/ur_moveit_config/environment/ament_prefix_path.sh
[1.236s] -- Symlinking: /home/sonvu/ur_ws/install/ur_moveit_config/share/ur_moveit_config/environment/ament_prefix_path.dsv
[1.241s] -- Symlinking: /home/sonvu/ur_ws/install/ur_moveit_config/share/ur_moveit_config/environment/path.sh
[1.248s] -- Symlinking: /home/sonvu/ur_ws/install/ur_moveit_config/share/ur_moveit_config/environment/path.dsv
[1.257s] -- Symlinking: /home/sonvu/ur_ws/install/ur_moveit_config/share/ur_moveit_config/local_setup.bash
[1.264s] -- Symlinking: /home/sonvu/ur_ws/install/ur_moveit_config/share/ur_moveit_config/local_setup.sh
[1.269s] -- Symlinking: /home/sonvu/ur_ws/install/ur_moveit_config/share/ur_moveit_config/local_setup.zsh
[1.274s] -- Symlinking: /home/sonvu/ur_ws/install/ur_moveit_config/share/ur_moveit_config/local_setup.dsv
[1.281s] -- Symlinking: /home/sonvu/ur_ws/install/ur_moveit_config/share/ur_moveit_config/package.dsv
[1.288s] -- Symlinking: /home/sonvu/ur_ws/install/ur_moveit_config/share/ament_index/resource_index/packages/ur_moveit_config
[1.295s] -- Symlinking: /home/sonvu/ur_ws/install/ur_moveit_config/share/ur_moveit_config/cmake/ur_moveit_configConfig.cmake
[1.300s] -- Symlinking: /home/sonvu/ur_ws/install/ur_moveit_config/share/ur_moveit_config/cmake/ur_moveit_configConfig-version.cmake
[1.306s] -- Symlinking: /home/sonvu/ur_ws/install/ur_moveit_config/share/ur_moveit_config/package.xml
[1.340s] Listing '/home/sonvu/ur_ws/install/ur_moveit_config/local/lib/python3.10/dist-packages/ur_moveit_config'...
[1.340s] Compiling '/home/sonvu/ur_ws/install/ur_moveit_config/local/lib/python3.10/dist-packages/ur_moveit_config/__init__.py'...
[1.340s] Compiling '/home/sonvu/ur_ws/install/ur_moveit_config/local/lib/python3.10/dist-packages/ur_moveit_config/launch_common.py'...
[1.365s] Compiling '/home/sonvu/ur_ws/install/ur_moveit_config/local/lib/python3.10/dist-packages/launch_common.py'...
[1.370s] Invoked command in '/home/sonvu/ur_ws/build/ur_moveit_config' returned '0': CMAKE_PREFIX_PATH=/home/sonvu/rtablc_base/install/rtablc_experiment:/opt/ros/humble /usr/bin/cmake --install /home/sonvu/ur_ws/build/ur_moveit_config
