[0.162s] DEBUG:colcon:Command line arguments: ['/usr/bin/colcon', 'build', '--packages-select', 'ur_llm_planner', '--cmake-args', '-DCMAKE_EXPORT_COMPILE_COMMANDS=ON']
[0.162s] DEBUG:colcon:Parsed command line arguments: Namespace(log_base=None, log_level=None, verb_name='build', build_base='build', install_base='install', merge_install=False, symlink_install=False, test_result_base=None, continue_on_error=False, executor='parallel', parallel_workers=16, event_handlers=None, ignore_user_meta=False, metas=['./colcon.meta'], base_paths=['.'], packages_ignore=None, packages_ignore_regex=None, paths=None, packages_up_to=None, packages_up_to_regex=None, packages_above=None, packages_above_and_dependencies=None, packages_above_depth=None, packages_select_by_dep=None, packages_skip_by_dep=None, packages_skip_up_to=None, packages_select_build_failed=False, packages_skip_build_finished=False, packages_select_test_failures=False, packages_skip_test_passed=False, packages_select=['ur_llm_planner'], packages_skip=None, packages_select_regex=None, packages_skip_regex=None, packages_start=None, packages_end=None, allow_overriding=[], cmake_args=['-DCMAKE_EXPORT_COMPILE_COMMANDS=ON'], cmake_target=None, cmake_target_skip_unavailable=False, cmake_clean_cache=False, cmake_clean_first=False, cmake_force_configure=False, ament_cmake_args=None, catkin_cmake_args=None, catkin_skip_building_tests=False, verb_parser=<colcon_defaults.argument_parser.defaults.DefaultArgumentsDecorator object at 0x722e97f65ff0>, verb_extension=<colcon_core.verb.build.BuildVerb object at 0x722e98073400>, main=<bound method BuildVerb.main of <colcon_core.verb.build.BuildVerb object at 0x722e98073400>>)
[0.497s] Level 1:colcon.colcon_core.package_discovery:discover_packages(colcon_meta) check parameters
[0.498s] Level 1:colcon.colcon_core.package_discovery:discover_packages(recursive) check parameters
[0.498s] Level 1:colcon.colcon_core.package_discovery:discover_packages(ignore) check parameters
[0.498s] Level 1:colcon.colcon_core.package_discovery:discover_packages(path) check parameters
[0.498s] Level 1:colcon.colcon_core.package_discovery:discover_packages(colcon_meta) discover
[0.498s] Level 1:colcon.colcon_core.package_discovery:discover_packages(recursive) discover
[0.498s] INFO:colcon.colcon_core.package_discovery:Crawling recursively for packages in '/home/sonvu/ur_ws'
[0.498s] Level 1:colcon.colcon_core.package_identification:_identify(.) by extensions ['ignore', 'ignore_ament_install']
[0.498s] Level 1:colcon.colcon_core.package_identification:_identify(.) by extension 'ignore'
[0.498s] Level 1:colcon.colcon_core.package_identification:_identify(.) by extension 'ignore_ament_install'
[0.498s] Level 1:colcon.colcon_core.package_identification:_identify(.) by extensions ['colcon_pkg']
[0.498s] Level 1:colcon.colcon_core.package_identification:_identify(.) by extension 'colcon_pkg'
[0.498s] Level 1:colcon.colcon_core.package_identification:_identify(.) by extensions ['colcon_meta']
[0.498s] Level 1:colcon.colcon_core.package_identification:_identify(.) by extension 'colcon_meta'
[0.499s] Level 1:colcon.colcon_core.package_identification:_identify(.) by extensions ['ros']
[0.499s] Level 1:colcon.colcon_core.package_identification:_identify(.) by extension 'ros'
[0.514s] Level 1:colcon.colcon_core.package_identification:_identify(.) by extensions ['cmake', 'python']
[0.514s] Level 1:colcon.colcon_core.package_identification:_identify(.) by extension 'cmake'
[0.514s] Level 1:colcon.colcon_core.package_identification:_identify(.) by extension 'python'
[0.514s] Level 1:colcon.colcon_core.package_identification:_identify(.) by extensions ['python_setup_py']
[0.514s] Level 1:colcon.colcon_core.package_identification:_identify(.) by extension 'python_setup_py'
[0.515s] Level 1:colcon.colcon_core.package_identification:_identify(build) by extensions ['ignore', 'ignore_ament_install']
[0.515s] Level 1:colcon.colcon_core.package_identification:_identify(build) by extension 'ignore'
[0.515s] Level 1:colcon.colcon_core.package_identification:_identify(build) ignored
[0.515s] Level 1:colcon.colcon_core.package_identification:_identify(install) by extensions ['ignore', 'ignore_ament_install']
[0.515s] Level 1:colcon.colcon_core.package_identification:_identify(install) by extension 'ignore'
[0.515s] Level 1:colcon.colcon_core.package_identification:_identify(install) ignored
[0.515s] Level 1:colcon.colcon_core.package_identification:_identify(log) by extensions ['ignore', 'ignore_ament_install']
[0.515s] Level 1:colcon.colcon_core.package_identification:_identify(log) by extension 'ignore'
[0.515s] Level 1:colcon.colcon_core.package_identification:_identify(log) ignored
[0.515s] Level 1:colcon.colcon_core.package_identification:_identify(src) by extensions ['ignore', 'ignore_ament_install']
[0.515s] Level 1:colcon.colcon_core.package_identification:_identify(src) by extension 'ignore'
[0.515s] Level 1:colcon.colcon_core.package_identification:_identify(src) by extension 'ignore_ament_install'
[0.515s] Level 1:colcon.colcon_core.package_identification:_identify(src) by extensions ['colcon_pkg']
[0.515s] Level 1:colcon.colcon_core.package_identification:_identify(src) by extension 'colcon_pkg'
[0.515s] Level 1:colcon.colcon_core.package_identification:_identify(src) by extensions ['colcon_meta']
[0.515s] Level 1:colcon.colcon_core.package_identification:_identify(src) by extension 'colcon_meta'
[0.516s] Level 1:colcon.colcon_core.package_identification:_identify(src) by extensions ['ros']
[0.516s] Level 1:colcon.colcon_core.package_identification:_identify(src) by extension 'ros'
[0.516s] Level 1:colcon.colcon_core.package_identification:_identify(src) by extensions ['cmake', 'python']
[0.516s] Level 1:colcon.colcon_core.package_identification:_identify(src) by extension 'cmake'
[0.516s] Level 1:colcon.colcon_core.package_identification:_identify(src) by extension 'python'
[0.516s] Level 1:colcon.colcon_core.package_identification:_identify(src) by extensions ['python_setup_py']
[0.516s] Level 1:colcon.colcon_core.package_identification:_identify(src) by extension 'python_setup_py'
[0.516s] Level 1:colcon.colcon_core.package_identification:_identify(src/Universal_Robots_ROS2_Driver) by extensions ['ignore', 'ignore_ament_install']
[0.516s] Level 1:colcon.colcon_core.package_identification:_identify(src/Universal_Robots_ROS2_Driver) by extension 'ignore'
[0.516s] Level 1:colcon.colcon_core.package_identification:_identify(src/Universal_Robots_ROS2_Driver) by extension 'ignore_ament_install'
[0.516s] Level 1:colcon.colcon_core.package_identification:_identify(src/Universal_Robots_ROS2_Driver) by extensions ['colcon_pkg']
[0.516s] Level 1:colcon.colcon_core.package_identification:_identify(src/Universal_Robots_ROS2_Driver) by extension 'colcon_pkg'
[0.516s] Level 1:colcon.colcon_core.package_identification:_identify(src/Universal_Robots_ROS2_Driver) by extensions ['colcon_meta']
[0.516s] Level 1:colcon.colcon_core.package_identification:_identify(src/Universal_Robots_ROS2_Driver) by extension 'colcon_meta'
[0.516s] Level 1:colcon.colcon_core.package_identification:_identify(src/Universal_Robots_ROS2_Driver) by extensions ['ros']
[0.516s] Level 1:colcon.colcon_core.package_identification:_identify(src/Universal_Robots_ROS2_Driver) by extension 'ros'
[0.516s] Level 1:colcon.colcon_core.package_identification:_identify(src/Universal_Robots_ROS2_Driver) by extensions ['cmake', 'python']
[0.516s] Level 1:colcon.colcon_core.package_identification:_identify(src/Universal_Robots_ROS2_Driver) by extension 'cmake'
[0.516s] Level 1:colcon.colcon_core.package_identification:_identify(src/Universal_Robots_ROS2_Driver) by extension 'python'
[0.516s] Level 1:colcon.colcon_core.package_identification:_identify(src/Universal_Robots_ROS2_Driver) by extensions ['python_setup_py']
[0.516s] Level 1:colcon.colcon_core.package_identification:_identify(src/Universal_Robots_ROS2_Driver) by extension 'python_setup_py'
[0.517s] Level 1:colcon.colcon_core.package_identification:_identify(src/Universal_Robots_ROS2_Driver/ur) by extensions ['ignore', 'ignore_ament_install']
[0.517s] Level 1:colcon.colcon_core.package_identification:_identify(src/Universal_Robots_ROS2_Driver/ur) by extension 'ignore'
[0.517s] Level 1:colcon.colcon_core.package_identification:_identify(src/Universal_Robots_ROS2_Driver/ur) by extension 'ignore_ament_install'
[0.517s] Level 1:colcon.colcon_core.package_identification:_identify(src/Universal_Robots_ROS2_Driver/ur) by extensions ['colcon_pkg']
[0.517s] Level 1:colcon.colcon_core.package_identification:_identify(src/Universal_Robots_ROS2_Driver/ur) by extension 'colcon_pkg'
[0.517s] Level 1:colcon.colcon_core.package_identification:_identify(src/Universal_Robots_ROS2_Driver/ur) by extensions ['colcon_meta']
[0.517s] Level 1:colcon.colcon_core.package_identification:_identify(src/Universal_Robots_ROS2_Driver/ur) by extension 'colcon_meta'
[0.517s] Level 1:colcon.colcon_core.package_identification:_identify(src/Universal_Robots_ROS2_Driver/ur) by extensions ['ros']
[0.517s] Level 1:colcon.colcon_core.package_identification:_identify(src/Universal_Robots_ROS2_Driver/ur) by extension 'ros'
[0.521s] DEBUG:colcon.colcon_core.package_identification:Package 'src/Universal_Robots_ROS2_Driver/ur' with type 'ros.ament_cmake' and name 'ur'
[0.522s] Level 1:colcon.colcon_core.package_identification:_identify(src/Universal_Robots_ROS2_Driver/ur_bringup) by extensions ['ignore', 'ignore_ament_install']
[0.522s] Level 1:colcon.colcon_core.package_identification:_identify(src/Universal_Robots_ROS2_Driver/ur_bringup) by extension 'ignore'
[0.522s] Level 1:colcon.colcon_core.package_identification:_identify(src/Universal_Robots_ROS2_Driver/ur_bringup) by extension 'ignore_ament_install'
[0.522s] Level 1:colcon.colcon_core.package_identification:_identify(src/Universal_Robots_ROS2_Driver/ur_bringup) by extensions ['colcon_pkg']
[0.522s] Level 1:colcon.colcon_core.package_identification:_identify(src/Universal_Robots_ROS2_Driver/ur_bringup) by extension 'colcon_pkg'
[0.522s] Level 1:colcon.colcon_core.package_identification:_identify(src/Universal_Robots_ROS2_Driver/ur_bringup) by extensions ['colcon_meta']
[0.522s] Level 1:colcon.colcon_core.package_identification:_identify(src/Universal_Robots_ROS2_Driver/ur_bringup) by extension 'colcon_meta'
[0.522s] Level 1:colcon.colcon_core.package_identification:_identify(src/Universal_Robots_ROS2_Driver/ur_bringup) by extensions ['ros']
[0.522s] Level 1:colcon.colcon_core.package_identification:_identify(src/Universal_Robots_ROS2_Driver/ur_bringup) by extension 'ros'
[0.523s] DEBUG:colcon.colcon_core.package_identification:Package 'src/Universal_Robots_ROS2_Driver/ur_bringup' with type 'ros.ament_cmake' and name 'ur_bringup'
[0.523s] Level 1:colcon.colcon_core.package_identification:_identify(src/Universal_Robots_ROS2_Driver/ur_calibration) by extensions ['ignore', 'ignore_ament_install']
[0.524s] Level 1:colcon.colcon_core.package_identification:_identify(src/Universal_Robots_ROS2_Driver/ur_calibration) by extension 'ignore'
[0.524s] Level 1:colcon.colcon_core.package_identification:_identify(src/Universal_Robots_ROS2_Driver/ur_calibration) by extension 'ignore_ament_install'
[0.524s] Level 1:colcon.colcon_core.package_identification:_identify(src/Universal_Robots_ROS2_Driver/ur_calibration) by extensions ['colcon_pkg']
[0.524s] Level 1:colcon.colcon_core.package_identification:_identify(src/Universal_Robots_ROS2_Driver/ur_calibration) by extension 'colcon_pkg'
[0.524s] Level 1:colcon.colcon_core.package_identification:_identify(src/Universal_Robots_ROS2_Driver/ur_calibration) by extensions ['colcon_meta']
[0.524s] Level 1:colcon.colcon_core.package_identification:_identify(src/Universal_Robots_ROS2_Driver/ur_calibration) by extension 'colcon_meta'
[0.524s] Level 1:colcon.colcon_core.package_identification:_identify(src/Universal_Robots_ROS2_Driver/ur_calibration) by extensions ['ros']
[0.524s] Level 1:colcon.colcon_core.package_identification:_identify(src/Universal_Robots_ROS2_Driver/ur_calibration) by extension 'ros'
[0.525s] DEBUG:colcon.colcon_core.package_identification:Package 'src/Universal_Robots_ROS2_Driver/ur_calibration' with type 'ros.ament_cmake' and name 'ur_calibration'
[0.525s] Level 1:colcon.colcon_core.package_identification:_identify(src/Universal_Robots_ROS2_Driver/ur_controllers) by extensions ['ignore', 'ignore_ament_install']
[0.525s] Level 1:colcon.colcon_core.package_identification:_identify(src/Universal_Robots_ROS2_Driver/ur_controllers) by extension 'ignore'
[0.525s] Level 1:colcon.colcon_core.package_identification:_identify(src/Universal_Robots_ROS2_Driver/ur_controllers) by extension 'ignore_ament_install'
[0.525s] Level 1:colcon.colcon_core.package_identification:_identify(src/Universal_Robots_ROS2_Driver/ur_controllers) by extensions ['colcon_pkg']
[0.525s] Level 1:colcon.colcon_core.package_identification:_identify(src/Universal_Robots_ROS2_Driver/ur_controllers) by extension 'colcon_pkg'
[0.525s] Level 1:colcon.colcon_core.package_identification:_identify(src/Universal_Robots_ROS2_Driver/ur_controllers) by extensions ['colcon_meta']
[0.525s] Level 1:colcon.colcon_core.package_identification:_identify(src/Universal_Robots_ROS2_Driver/ur_controllers) by extension 'colcon_meta'
[0.526s] Level 1:colcon.colcon_core.package_identification:_identify(src/Universal_Robots_ROS2_Driver/ur_controllers) by extensions ['ros']
[0.526s] Level 1:colcon.colcon_core.package_identification:_identify(src/Universal_Robots_ROS2_Driver/ur_controllers) by extension 'ros'
[0.530s] DEBUG:colcon.colcon_core.package_identification:Package 'src/Universal_Robots_ROS2_Driver/ur_controllers' with type 'ros.ament_cmake' and name 'ur_controllers'
[0.530s] Level 1:colcon.colcon_core.package_identification:_identify(src/Universal_Robots_ROS2_Driver/ur_dashboard_msgs) by extensions ['ignore', 'ignore_ament_install']
[0.530s] Level 1:colcon.colcon_core.package_identification:_identify(src/Universal_Robots_ROS2_Driver/ur_dashboard_msgs) by extension 'ignore'
[0.530s] Level 1:colcon.colcon_core.package_identification:_identify(src/Universal_Robots_ROS2_Driver/ur_dashboard_msgs) by extension 'ignore_ament_install'
[0.530s] Level 1:colcon.colcon_core.package_identification:_identify(src/Universal_Robots_ROS2_Driver/ur_dashboard_msgs) by extensions ['colcon_pkg']
[0.530s] Level 1:colcon.colcon_core.package_identification:_identify(src/Universal_Robots_ROS2_Driver/ur_dashboard_msgs) by extension 'colcon_pkg'
[0.530s] Level 1:colcon.colcon_core.package_identification:_identify(src/Universal_Robots_ROS2_Driver/ur_dashboard_msgs) by extensions ['colcon_meta']
[0.530s] Level 1:colcon.colcon_core.package_identification:_identify(src/Universal_Robots_ROS2_Driver/ur_dashboard_msgs) by extension 'colcon_meta'
[0.530s] Level 1:colcon.colcon_core.package_identification:_identify(src/Universal_Robots_ROS2_Driver/ur_dashboard_msgs) by extensions ['ros']
[0.530s] Level 1:colcon.colcon_core.package_identification:_identify(src/Universal_Robots_ROS2_Driver/ur_dashboard_msgs) by extension 'ros'
[0.531s] DEBUG:colcon.colcon_core.package_identification:Package 'src/Universal_Robots_ROS2_Driver/ur_dashboard_msgs' with type 'ros.ament_cmake' and name 'ur_dashboard_msgs'
[0.531s] Level 1:colcon.colcon_core.package_identification:_identify(src/Universal_Robots_ROS2_Driver/ur_moveit_config) by extensions ['ignore', 'ignore_ament_install']
[0.531s] Level 1:colcon.colcon_core.package_identification:_identify(src/Universal_Robots_ROS2_Driver/ur_moveit_config) by extension 'ignore'
[0.531s] Level 1:colcon.colcon_core.package_identification:_identify(src/Universal_Robots_ROS2_Driver/ur_moveit_config) by extension 'ignore_ament_install'
[0.532s] Level 1:colcon.colcon_core.package_identification:_identify(src/Universal_Robots_ROS2_Driver/ur_moveit_config) by extensions ['colcon_pkg']
[0.532s] Level 1:colcon.colcon_core.package_identification:_identify(src/Universal_Robots_ROS2_Driver/ur_moveit_config) by extension 'colcon_pkg'
[0.532s] Level 1:colcon.colcon_core.package_identification:_identify(src/Universal_Robots_ROS2_Driver/ur_moveit_config) by extensions ['colcon_meta']
[0.532s] Level 1:colcon.colcon_core.package_identification:_identify(src/Universal_Robots_ROS2_Driver/ur_moveit_config) by extension 'colcon_meta'
[0.532s] Level 1:colcon.colcon_core.package_identification:_identify(src/Universal_Robots_ROS2_Driver/ur_moveit_config) by extensions ['ros']
[0.532s] Level 1:colcon.colcon_core.package_identification:_identify(src/Universal_Robots_ROS2_Driver/ur_moveit_config) by extension 'ros'
[0.533s] DEBUG:colcon.colcon_core.package_identification:Package 'src/Universal_Robots_ROS2_Driver/ur_moveit_config' with type 'ros.ament_cmake' and name 'ur_moveit_config'
[0.533s] Level 1:colcon.colcon_core.package_identification:_identify(src/Universal_Robots_ROS2_Driver/ur_robot_driver) by extensions ['ignore', 'ignore_ament_install']
[0.533s] Level 1:colcon.colcon_core.package_identification:_identify(src/Universal_Robots_ROS2_Driver/ur_robot_driver) by extension 'ignore'
[0.533s] Level 1:colcon.colcon_core.package_identification:_identify(src/Universal_Robots_ROS2_Driver/ur_robot_driver) by extension 'ignore_ament_install'
[0.533s] Level 1:colcon.colcon_core.package_identification:_identify(src/Universal_Robots_ROS2_Driver/ur_robot_driver) by extensions ['colcon_pkg']
[0.533s] Level 1:colcon.colcon_core.package_identification:_identify(src/Universal_Robots_ROS2_Driver/ur_robot_driver) by extension 'colcon_pkg'
[0.533s] Level 1:colcon.colcon_core.package_identification:_identify(src/Universal_Robots_ROS2_Driver/ur_robot_driver) by extensions ['colcon_meta']
[0.533s] Level 1:colcon.colcon_core.package_identification:_identify(src/Universal_Robots_ROS2_Driver/ur_robot_driver) by extension 'colcon_meta'
[0.533s] Level 1:colcon.colcon_core.package_identification:_identify(src/Universal_Robots_ROS2_Driver/ur_robot_driver) by extensions ['ros']
[0.533s] Level 1:colcon.colcon_core.package_identification:_identify(src/Universal_Robots_ROS2_Driver/ur_robot_driver) by extension 'ros'
[0.547s] DEBUG:colcon.colcon_core.package_identification:Package 'src/Universal_Robots_ROS2_Driver/ur_robot_driver' with type 'ros.ament_cmake' and name 'ur_robot_driver'
[0.547s] Level 1:colcon.colcon_core.package_identification:_identify(src/ur_letter_writer) by extensions ['ignore', 'ignore_ament_install']
[0.547s] Level 1:colcon.colcon_core.package_identification:_identify(src/ur_letter_writer) by extension 'ignore'
[0.547s] Level 1:colcon.colcon_core.package_identification:_identify(src/ur_letter_writer) by extension 'ignore_ament_install'
[0.547s] Level 1:colcon.colcon_core.package_identification:_identify(src/ur_letter_writer) by extensions ['colcon_pkg']
[0.547s] Level 1:colcon.colcon_core.package_identification:_identify(src/ur_letter_writer) by extension 'colcon_pkg'
[0.547s] Level 1:colcon.colcon_core.package_identification:_identify(src/ur_letter_writer) by extensions ['colcon_meta']
[0.548s] Level 1:colcon.colcon_core.package_identification:_identify(src/ur_letter_writer) by extension 'colcon_meta'
[0.548s] Level 1:colcon.colcon_core.package_identification:_identify(src/ur_letter_writer) by extensions ['ros']
[0.548s] Level 1:colcon.colcon_core.package_identification:_identify(src/ur_letter_writer) by extension 'ros'
[0.549s] DEBUG:colcon.colcon_core.package_identification:Package 'src/ur_letter_writer' with type 'ros.ament_cmake' and name 'ur_letter_writer'
[0.549s] Level 1:colcon.colcon_core.package_identification:_identify(src/ur_llm_planner) by extensions ['ignore', 'ignore_ament_install']
[0.549s] Level 1:colcon.colcon_core.package_identification:_identify(src/ur_llm_planner) by extension 'ignore'
[0.549s] Level 1:colcon.colcon_core.package_identification:_identify(src/ur_llm_planner) by extension 'ignore_ament_install'
[0.550s] Level 1:colcon.colcon_core.package_identification:_identify(src/ur_llm_planner) by extensions ['colcon_pkg']
[0.550s] Level 1:colcon.colcon_core.package_identification:_identify(src/ur_llm_planner) by extension 'colcon_pkg'
[0.550s] Level 1:colcon.colcon_core.package_identification:_identify(src/ur_llm_planner) by extensions ['colcon_meta']
[0.550s] Level 1:colcon.colcon_core.package_identification:_identify(src/ur_llm_planner) by extension 'colcon_meta'
[0.550s] Level 1:colcon.colcon_core.package_identification:_identify(src/ur_llm_planner) by extensions ['ros']
[0.550s] Level 1:colcon.colcon_core.package_identification:_identify(src/ur_llm_planner) by extension 'ros'
[0.552s] DEBUG:colcon.colcon_core.package_identification:Package 'src/ur_llm_planner' with type 'ros.ament_cmake' and name 'ur_llm_planner'
[0.552s] Level 1:colcon.colcon_core.package_identification:_identify(src/ur_simulation_gz) by extensions ['ignore', 'ignore_ament_install']
[0.552s] Level 1:colcon.colcon_core.package_identification:_identify(src/ur_simulation_gz) by extension 'ignore'
[0.552s] Level 1:colcon.colcon_core.package_identification:_identify(src/ur_simulation_gz) by extension 'ignore_ament_install'
[0.552s] Level 1:colcon.colcon_core.package_identification:_identify(src/ur_simulation_gz) by extensions ['colcon_pkg']
[0.552s] Level 1:colcon.colcon_core.package_identification:_identify(src/ur_simulation_gz) by extension 'colcon_pkg'
[0.552s] Level 1:colcon.colcon_core.package_identification:_identify(src/ur_simulation_gz) by extensions ['colcon_meta']
[0.552s] Level 1:colcon.colcon_core.package_identification:_identify(src/ur_simulation_gz) by extension 'colcon_meta'
[0.552s] Level 1:colcon.colcon_core.package_identification:_identify(src/ur_simulation_gz) by extensions ['ros']
[0.552s] Level 1:colcon.colcon_core.package_identification:_identify(src/ur_simulation_gz) by extension 'ros'
[0.552s] Level 1:colcon.colcon_core.package_identification:_identify(src/ur_simulation_gz) by extensions ['cmake', 'python']
[0.552s] Level 1:colcon.colcon_core.package_identification:_identify(src/ur_simulation_gz) by extension 'cmake'
[0.552s] Level 1:colcon.colcon_core.package_identification:_identify(src/ur_simulation_gz) by extension 'python'
[0.553s] Level 1:colcon.colcon_core.package_identification:_identify(src/ur_simulation_gz) by extensions ['python_setup_py']
[0.553s] Level 1:colcon.colcon_core.package_identification:_identify(src/ur_simulation_gz) by extension 'python_setup_py'
[0.553s] Level 1:colcon.colcon_core.package_identification:_identify(src/ur_simulation_gz/ur_simulation_gz) by extensions ['ignore', 'ignore_ament_install']
[0.553s] Level 1:colcon.colcon_core.package_identification:_identify(src/ur_simulation_gz/ur_simulation_gz) by extension 'ignore'
[0.553s] Level 1:colcon.colcon_core.package_identification:_identify(src/ur_simulation_gz/ur_simulation_gz) by extension 'ignore_ament_install'
[0.553s] Level 1:colcon.colcon_core.package_identification:_identify(src/ur_simulation_gz/ur_simulation_gz) by extensions ['colcon_pkg']
[0.553s] Level 1:colcon.colcon_core.package_identification:_identify(src/ur_simulation_gz/ur_simulation_gz) by extension 'colcon_pkg'
[0.553s] Level 1:colcon.colcon_core.package_identification:_identify(src/ur_simulation_gz/ur_simulation_gz) by extensions ['colcon_meta']
[0.553s] Level 1:colcon.colcon_core.package_identification:_identify(src/ur_simulation_gz/ur_simulation_gz) by extension 'colcon_meta'
[0.553s] Level 1:colcon.colcon_core.package_identification:_identify(src/ur_simulation_gz/ur_simulation_gz) by extensions ['ros']
[0.553s] Level 1:colcon.colcon_core.package_identification:_identify(src/ur_simulation_gz/ur_simulation_gz) by extension 'ros'
[0.554s] DEBUG:colcon.colcon_core.package_identification:Package 'src/ur_simulation_gz/ur_simulation_gz' with type 'ros.ament_cmake' and name 'ur_simulation_gz'
[0.554s] Level 1:colcon.colcon_core.package_discovery:discover_packages(recursive) using defaults
[0.554s] Level 1:colcon.colcon_core.package_discovery:discover_packages(ignore) discover
[0.554s] Level 1:colcon.colcon_core.package_discovery:discover_packages(ignore) using defaults
[0.554s] Level 1:colcon.colcon_core.package_discovery:discover_packages(path) discover
[0.554s] Level 1:colcon.colcon_core.package_discovery:discover_packages(path) using defaults
[0.594s] INFO:colcon.colcon_core.package_selection:Skipping not selected package 'ur_dashboard_msgs' in 'src/Universal_Robots_ROS2_Driver/ur_dashboard_msgs'
[0.594s] INFO:colcon.colcon_core.package_selection:Skipping not selected package 'ur_moveit_config' in 'src/Universal_Robots_ROS2_Driver/ur_moveit_config'
[0.594s] INFO:colcon.colcon_core.package_selection:Skipping not selected package 'ur_controllers' in 'src/Universal_Robots_ROS2_Driver/ur_controllers'
[0.594s] INFO:colcon.colcon_core.package_selection:Skipping not selected package 'ur_bringup' in 'src/Universal_Robots_ROS2_Driver/ur_bringup'
[0.594s] INFO:colcon.colcon_core.package_selection:Skipping not selected package 'ur_robot_driver' in 'src/Universal_Robots_ROS2_Driver/ur_robot_driver'
[0.594s] INFO:colcon.colcon_core.package_selection:Skipping not selected package 'ur_simulation_gz' in 'src/ur_simulation_gz/ur_simulation_gz'
[0.594s] INFO:colcon.colcon_core.package_selection:Skipping not selected package 'ur_calibration' in 'src/Universal_Robots_ROS2_Driver/ur_calibration'
[0.594s] INFO:colcon.colcon_core.package_selection:Skipping not selected package 'ur_letter_writer' in 'src/ur_letter_writer'
[0.594s] INFO:colcon.colcon_core.package_selection:Skipping not selected package 'ur' in 'src/Universal_Robots_ROS2_Driver/ur'
[0.595s] Level 1:colcon.colcon_core.package_discovery:discover_packages(prefix_path) check parameters
[0.595s] Level 1:colcon.colcon_core.package_discovery:discover_packages(prefix_path) discover
[0.599s] DEBUG:colcon.colcon_installed_package_information.package_discovery:Found 9 installed packages in /home/sonvu/ur_ws/install
[0.600s] DEBUG:colcon.colcon_installed_package_information.package_discovery:Found 1 installed packages in /home/sonvu/rtablc_base/install
[0.602s] DEBUG:colcon.colcon_installed_package_information.package_discovery:Found 493 installed packages in /opt/ros/humble
[0.606s] Level 1:colcon.colcon_core.package_discovery:discover_packages(prefix_path) using defaults
[0.667s] Level 5:colcon.colcon_core.verb:set package 'ur_llm_planner' build argument 'cmake_args' from command line to '['-DCMAKE_EXPORT_COMPILE_COMMANDS=ON']'
[0.667s] Level 5:colcon.colcon_core.verb:set package 'ur_llm_planner' build argument 'cmake_target' from command line to 'None'
[0.667s] Level 5:colcon.colcon_core.verb:set package 'ur_llm_planner' build argument 'cmake_target_skip_unavailable' from command line to 'False'
[0.667s] Level 5:colcon.colcon_core.verb:set package 'ur_llm_planner' build argument 'cmake_clean_cache' from command line to 'False'
[0.667s] Level 5:colcon.colcon_core.verb:set package 'ur_llm_planner' build argument 'cmake_clean_first' from command line to 'False'
[0.667s] Level 5:colcon.colcon_core.verb:set package 'ur_llm_planner' build argument 'cmake_force_configure' from command line to 'False'
[0.667s] Level 5:colcon.colcon_core.verb:set package 'ur_llm_planner' build argument 'ament_cmake_args' from command line to 'None'
[0.667s] Level 5:colcon.colcon_core.verb:set package 'ur_llm_planner' build argument 'catkin_cmake_args' from command line to 'None'
[0.667s] Level 5:colcon.colcon_core.verb:set package 'ur_llm_planner' build argument 'catkin_skip_building_tests' from command line to 'False'
[0.668s] DEBUG:colcon.colcon_core.verb:Building package 'ur_llm_planner' with the following arguments: {'ament_cmake_args': None, 'build_base': '/home/sonvu/ur_ws/build/ur_llm_planner', 'catkin_cmake_args': None, 'catkin_skip_building_tests': False, 'cmake_args': ['-DCMAKE_EXPORT_COMPILE_COMMANDS=ON'], 'cmake_clean_cache': False, 'cmake_clean_first': False, 'cmake_force_configure': False, 'cmake_target': None, 'cmake_target_skip_unavailable': False, 'install_base': '/home/sonvu/ur_ws/install/ur_llm_planner', 'merge_install': False, 'path': '/home/sonvu/ur_ws/src/ur_llm_planner', 'symlink_install': False, 'test_result_base': None}
[0.668s] INFO:colcon.colcon_core.executor:Executing jobs using 'parallel' executor
[0.669s] DEBUG:colcon.colcon_parallel_executor.executor.parallel:run_until_complete
[0.669s] INFO:colcon.colcon_ros.task.ament_cmake.build:Building ROS package in '/home/sonvu/ur_ws/src/ur_llm_planner' with build type 'ament_cmake'
[0.669s] INFO:colcon.colcon_cmake.task.cmake.build:Building CMake package in '/home/sonvu/ur_ws/src/ur_llm_planner'
[0.674s] INFO:colcon.colcon_core.plugin_system:Skipping extension 'colcon_core.shell.bat': Not used on non-Windows systems
[0.674s] INFO:colcon.colcon_core.shell:Skip shell extension 'powershell' for command environment: Not usable outside of PowerShell
[0.674s] DEBUG:colcon.colcon_core.shell:Skip shell extension 'dsv' for command environment
[0.693s] DEBUG:colcon.colcon_core.event_handler.log_command:Invoking command in '/home/sonvu/ur_ws/build/ur_llm_planner': CMAKE_PREFIX_PATH=/home/sonvu/ur_ws/install/ur_simulation_gz:/home/sonvu/ur_ws/install/ur_controllers:/home/sonvu/ur_ws/install/ur_moveit_config:/home/sonvu/ur_ws/install/ur_dashboard_msgs:/home/sonvu/ur_ws/install/ur_letter_writer:/home/sonvu/ur_ws/install/ur:/home/sonvu/ur_ws/install/ur_calibration:/home/sonvu/ur_ws/install/ur_robot_driver:/home/sonvu/ur_ws/install/ur_bringup:/home/sonvu/rtablc_base/install/rtablc_experiment:/opt/ros/humble LD_LIBRARY_PATH=/home/sonvu/ur_ws/install/ur_controllers/lib:/home/sonvu/ur_ws/install/ur_dashboard_msgs/lib:/home/sonvu/ur_ws/install/ur_robot_driver/lib:/usr/lib/x86_64-linux-gnu/gazebo-11/plugins:/opt/ros/humble/opt/rviz_ogre_vendor/lib:/opt/ros/humble/lib/x86_64-linux-gnu:/opt/ros/humble/lib /usr/bin/cmake /home/sonvu/ur_ws/src/ur_llm_planner -DCMAKE_EXPORT_COMPILE_COMMANDS=ON -DCMAKE_INSTALL_PREFIX=/home/sonvu/ur_ws/install/ur_llm_planner
[3.784s] DEBUG:colcon.colcon_core.event_handler.log_command:Invoked command in '/home/sonvu/ur_ws/build/ur_llm_planner' returned '0': CMAKE_PREFIX_PATH=/home/sonvu/ur_ws/install/ur_simulation_gz:/home/sonvu/ur_ws/install/ur_controllers:/home/sonvu/ur_ws/install/ur_moveit_config:/home/sonvu/ur_ws/install/ur_dashboard_msgs:/home/sonvu/ur_ws/install/ur_letter_writer:/home/sonvu/ur_ws/install/ur:/home/sonvu/ur_ws/install/ur_calibration:/home/sonvu/ur_ws/install/ur_robot_driver:/home/sonvu/ur_ws/install/ur_bringup:/home/sonvu/rtablc_base/install/rtablc_experiment:/opt/ros/humble LD_LIBRARY_PATH=/home/sonvu/ur_ws/install/ur_controllers/lib:/home/sonvu/ur_ws/install/ur_dashboard_msgs/lib:/home/sonvu/ur_ws/install/ur_robot_driver/lib:/usr/lib/x86_64-linux-gnu/gazebo-11/plugins:/opt/ros/humble/opt/rviz_ogre_vendor/lib:/opt/ros/humble/lib/x86_64-linux-gnu:/opt/ros/humble/lib /usr/bin/cmake /home/sonvu/ur_ws/src/ur_llm_planner -DCMAKE_EXPORT_COMPILE_COMMANDS=ON -DCMAKE_INSTALL_PREFIX=/home/sonvu/ur_ws/install/ur_llm_planner
[3.787s] DEBUG:colcon.colcon_core.event_handler.log_command:Invoking command in '/home/sonvu/ur_ws/build/ur_llm_planner': CMAKE_PREFIX_PATH=/home/sonvu/ur_ws/install/ur_simulation_gz:/home/sonvu/ur_ws/install/ur_controllers:/home/sonvu/ur_ws/install/ur_moveit_config:/home/sonvu/ur_ws/install/ur_dashboard_msgs:/home/sonvu/ur_ws/install/ur_letter_writer:/home/sonvu/ur_ws/install/ur:/home/sonvu/ur_ws/install/ur_calibration:/home/sonvu/ur_ws/install/ur_robot_driver:/home/sonvu/ur_ws/install/ur_bringup:/home/sonvu/rtablc_base/install/rtablc_experiment:/opt/ros/humble LD_LIBRARY_PATH=/home/sonvu/ur_ws/install/ur_controllers/lib:/home/sonvu/ur_ws/install/ur_dashboard_msgs/lib:/home/sonvu/ur_ws/install/ur_robot_driver/lib:/usr/lib/x86_64-linux-gnu/gazebo-11/plugins:/opt/ros/humble/opt/rviz_ogre_vendor/lib:/opt/ros/humble/lib/x86_64-linux-gnu:/opt/ros/humble/lib /usr/bin/cmake --build /home/sonvu/ur_ws/build/ur_llm_planner -- -j16 -l16
[13.397s] DEBUG:colcon.colcon_core.event_handler.log_command:Invoked command in '/home/sonvu/ur_ws/build/ur_llm_planner' returned '0': CMAKE_PREFIX_PATH=/home/sonvu/ur_ws/install/ur_simulation_gz:/home/sonvu/ur_ws/install/ur_controllers:/home/sonvu/ur_ws/install/ur_moveit_config:/home/sonvu/ur_ws/install/ur_dashboard_msgs:/home/sonvu/ur_ws/install/ur_letter_writer:/home/sonvu/ur_ws/install/ur:/home/sonvu/ur_ws/install/ur_calibration:/home/sonvu/ur_ws/install/ur_robot_driver:/home/sonvu/ur_ws/install/ur_bringup:/home/sonvu/rtablc_base/install/rtablc_experiment:/opt/ros/humble LD_LIBRARY_PATH=/home/sonvu/ur_ws/install/ur_controllers/lib:/home/sonvu/ur_ws/install/ur_dashboard_msgs/lib:/home/sonvu/ur_ws/install/ur_robot_driver/lib:/usr/lib/x86_64-linux-gnu/gazebo-11/plugins:/opt/ros/humble/opt/rviz_ogre_vendor/lib:/opt/ros/humble/lib/x86_64-linux-gnu:/opt/ros/humble/lib /usr/bin/cmake --build /home/sonvu/ur_ws/build/ur_llm_planner -- -j16 -l16
[13.407s] DEBUG:colcon.colcon_core.event_handler.log_command:Invoking command in '/home/sonvu/ur_ws/build/ur_llm_planner': CMAKE_PREFIX_PATH=/home/sonvu/ur_ws/install/ur_simulation_gz:/home/sonvu/ur_ws/install/ur_controllers:/home/sonvu/ur_ws/install/ur_moveit_config:/home/sonvu/ur_ws/install/ur_dashboard_msgs:/home/sonvu/ur_ws/install/ur_letter_writer:/home/sonvu/ur_ws/install/ur:/home/sonvu/ur_ws/install/ur_calibration:/home/sonvu/ur_ws/install/ur_robot_driver:/home/sonvu/ur_ws/install/ur_bringup:/home/sonvu/rtablc_base/install/rtablc_experiment:/opt/ros/humble LD_LIBRARY_PATH=/home/sonvu/ur_ws/install/ur_controllers/lib:/home/sonvu/ur_ws/install/ur_dashboard_msgs/lib:/home/sonvu/ur_ws/install/ur_robot_driver/lib:/usr/lib/x86_64-linux-gnu/gazebo-11/plugins:/opt/ros/humble/opt/rviz_ogre_vendor/lib:/opt/ros/humble/lib/x86_64-linux-gnu:/opt/ros/humble/lib /usr/bin/cmake --install /home/sonvu/ur_ws/build/ur_llm_planner
[13.507s] Level 1:colcon.colcon_core.environment:create_environment_scripts_only(ur_llm_planner)
[13.509s] DEBUG:colcon.colcon_core.event_handler.log_command:Invoked command in '/home/sonvu/ur_ws/build/ur_llm_planner' returned '0': CMAKE_PREFIX_PATH=/home/sonvu/ur_ws/install/ur_simulation_gz:/home/sonvu/ur_ws/install/ur_controllers:/home/sonvu/ur_ws/install/ur_moveit_config:/home/sonvu/ur_ws/install/ur_dashboard_msgs:/home/sonvu/ur_ws/install/ur_letter_writer:/home/sonvu/ur_ws/install/ur:/home/sonvu/ur_ws/install/ur_calibration:/home/sonvu/ur_ws/install/ur_robot_driver:/home/sonvu/ur_ws/install/ur_bringup:/home/sonvu/rtablc_base/install/rtablc_experiment:/opt/ros/humble LD_LIBRARY_PATH=/home/sonvu/ur_ws/install/ur_controllers/lib:/home/sonvu/ur_ws/install/ur_dashboard_msgs/lib:/home/sonvu/ur_ws/install/ur_robot_driver/lib:/usr/lib/x86_64-linux-gnu/gazebo-11/plugins:/opt/ros/humble/opt/rviz_ogre_vendor/lib:/opt/ros/humble/lib/x86_64-linux-gnu:/opt/ros/humble/lib /usr/bin/cmake --install /home/sonvu/ur_ws/build/ur_llm_planner
[13.513s] Level 1:colcon.colcon_core.environment:checking '/home/sonvu/ur_ws/install/ur_llm_planner' for CMake module files
[13.513s] Level 1:colcon.colcon_core.environment:checking '/home/sonvu/ur_ws/install/ur_llm_planner' for CMake config files
[13.514s] Level 1:colcon.colcon_core.shell:create_environment_hook('ur_llm_planner', 'cmake_prefix_path')
[13.514s] INFO:colcon.colcon_core.shell:Creating environment hook '/home/sonvu/ur_ws/install/ur_llm_planner/share/ur_llm_planner/hook/cmake_prefix_path.ps1'
[13.515s] INFO:colcon.colcon_core.shell:Creating environment descriptor '/home/sonvu/ur_ws/install/ur_llm_planner/share/ur_llm_planner/hook/cmake_prefix_path.dsv'
[13.515s] INFO:colcon.colcon_core.shell:Creating environment hook '/home/sonvu/ur_ws/install/ur_llm_planner/share/ur_llm_planner/hook/cmake_prefix_path.sh'
[13.516s] Level 1:colcon.colcon_core.environment:checking '/home/sonvu/ur_ws/install/ur_llm_planner/lib'
[13.516s] Level 1:colcon.colcon_core.shell:create_environment_hook('ur_llm_planner', 'ld_library_path_lib')
[13.517s] INFO:colcon.colcon_core.shell:Creating environment hook '/home/sonvu/ur_ws/install/ur_llm_planner/share/ur_llm_planner/hook/ld_library_path_lib.ps1'
[13.517s] INFO:colcon.colcon_core.shell:Creating environment descriptor '/home/sonvu/ur_ws/install/ur_llm_planner/share/ur_llm_planner/hook/ld_library_path_lib.dsv'
[13.517s] INFO:colcon.colcon_core.shell:Creating environment hook '/home/sonvu/ur_ws/install/ur_llm_planner/share/ur_llm_planner/hook/ld_library_path_lib.sh'
[13.517s] Level 1:colcon.colcon_core.environment:checking '/home/sonvu/ur_ws/install/ur_llm_planner/bin'
[13.517s] Level 1:colcon.colcon_core.environment:checking '/home/sonvu/ur_ws/install/ur_llm_planner/lib/pkgconfig/ur_llm_planner.pc'
[13.518s] Level 1:colcon.colcon_core.environment:checking '/home/sonvu/ur_ws/install/ur_llm_planner/lib/python3.10/site-packages'
[13.518s] Level 1:colcon.colcon_core.environment:checking '/home/sonvu/ur_ws/install/ur_llm_planner/bin'
[13.518s] INFO:colcon.colcon_core.shell:Creating package script '/home/sonvu/ur_ws/install/ur_llm_planner/share/ur_llm_planner/package.ps1'
[13.519s] INFO:colcon.colcon_core.shell:Creating package descriptor '/home/sonvu/ur_ws/install/ur_llm_planner/share/ur_llm_planner/package.dsv'
[13.520s] INFO:colcon.colcon_core.shell:Creating package script '/home/sonvu/ur_ws/install/ur_llm_planner/share/ur_llm_planner/package.sh'
[13.521s] INFO:colcon.colcon_core.shell:Creating package script '/home/sonvu/ur_ws/install/ur_llm_planner/share/ur_llm_planner/package.bash'
[13.521s] INFO:colcon.colcon_core.shell:Creating package script '/home/sonvu/ur_ws/install/ur_llm_planner/share/ur_llm_planner/package.zsh'
[13.522s] Level 1:colcon.colcon_core.environment:create_file_with_runtime_dependencies(/home/sonvu/ur_ws/install/ur_llm_planner/share/colcon-core/packages/ur_llm_planner)
[13.523s] Level 1:colcon.colcon_core.environment:create_environment_scripts_only(ur_llm_planner)
[13.523s] Level 1:colcon.colcon_core.environment:checking '/home/sonvu/ur_ws/install/ur_llm_planner' for CMake module files
[13.523s] Level 1:colcon.colcon_core.environment:checking '/home/sonvu/ur_ws/install/ur_llm_planner' for CMake config files
[13.524s] Level 1:colcon.colcon_core.shell:create_environment_hook('ur_llm_planner', 'cmake_prefix_path')
[13.524s] INFO:colcon.colcon_core.shell:Creating environment hook '/home/sonvu/ur_ws/install/ur_llm_planner/share/ur_llm_planner/hook/cmake_prefix_path.ps1'
[13.524s] INFO:colcon.colcon_core.shell:Creating environment descriptor '/home/sonvu/ur_ws/install/ur_llm_planner/share/ur_llm_planner/hook/cmake_prefix_path.dsv'
[13.524s] INFO:colcon.colcon_core.shell:Creating environment hook '/home/sonvu/ur_ws/install/ur_llm_planner/share/ur_llm_planner/hook/cmake_prefix_path.sh'
[13.525s] Level 1:colcon.colcon_core.environment:checking '/home/sonvu/ur_ws/install/ur_llm_planner/lib'
[13.525s] Level 1:colcon.colcon_core.shell:create_environment_hook('ur_llm_planner', 'ld_library_path_lib')
[13.525s] INFO:colcon.colcon_core.shell:Creating environment hook '/home/sonvu/ur_ws/install/ur_llm_planner/share/ur_llm_planner/hook/ld_library_path_lib.ps1'
[13.525s] INFO:colcon.colcon_core.shell:Creating environment descriptor '/home/sonvu/ur_ws/install/ur_llm_planner/share/ur_llm_planner/hook/ld_library_path_lib.dsv'
[13.526s] INFO:colcon.colcon_core.shell:Creating environment hook '/home/sonvu/ur_ws/install/ur_llm_planner/share/ur_llm_planner/hook/ld_library_path_lib.sh'
[13.526s] Level 1:colcon.colcon_core.environment:checking '/home/sonvu/ur_ws/install/ur_llm_planner/bin'
[13.526s] Level 1:colcon.colcon_core.environment:checking '/home/sonvu/ur_ws/install/ur_llm_planner/lib/pkgconfig/ur_llm_planner.pc'
[13.527s] Level 1:colcon.colcon_core.environment:checking '/home/sonvu/ur_ws/install/ur_llm_planner/lib/python3.10/site-packages'
[13.527s] Level 1:colcon.colcon_core.environment:checking '/home/sonvu/ur_ws/install/ur_llm_planner/bin'
[13.527s] INFO:colcon.colcon_core.shell:Creating package script '/home/sonvu/ur_ws/install/ur_llm_planner/share/ur_llm_planner/package.ps1'
[13.528s] INFO:colcon.colcon_core.shell:Creating package descriptor '/home/sonvu/ur_ws/install/ur_llm_planner/share/ur_llm_planner/package.dsv'
[13.528s] INFO:colcon.colcon_core.shell:Creating package script '/home/sonvu/ur_ws/install/ur_llm_planner/share/ur_llm_planner/package.sh'
[13.529s] INFO:colcon.colcon_core.shell:Creating package script '/home/sonvu/ur_ws/install/ur_llm_planner/share/ur_llm_planner/package.bash'
[13.529s] INFO:colcon.colcon_core.shell:Creating package script '/home/sonvu/ur_ws/install/ur_llm_planner/share/ur_llm_planner/package.zsh'
[13.529s] Level 1:colcon.colcon_core.environment:create_file_with_runtime_dependencies(/home/sonvu/ur_ws/install/ur_llm_planner/share/colcon-core/packages/ur_llm_planner)
[13.529s] DEBUG:colcon.colcon_parallel_executor.executor.parallel:closing loop
[13.530s] DEBUG:colcon.colcon_parallel_executor.executor.parallel:loop closed
[13.530s] DEBUG:colcon.colcon_parallel_executor.executor.parallel:run_until_complete finished with '0'
[13.530s] DEBUG:colcon.colcon_core.event_reactor:joining thread
[13.535s] INFO:colcon.colcon_core.plugin_system:Skipping extension 'colcon_notification.desktop_notification.terminal_notifier': Not used on non-Darwin systems
[13.535s] INFO:colcon.colcon_core.plugin_system:Skipping extension 'colcon_notification.desktop_notification.win32': Not used on non-Windows systems
[13.535s] INFO:colcon.colcon_notification.desktop_notification:Sending desktop notification using 'notify2'
[13.550s] DEBUG:colcon.colcon_core.event_reactor:joined thread
[13.550s] INFO:colcon.colcon_core.shell:Creating prefix script '/home/sonvu/ur_ws/install/local_setup.ps1'
[13.551s] INFO:colcon.colcon_core.shell:Creating prefix util module '/home/sonvu/ur_ws/install/_local_setup_util_ps1.py'
[13.553s] INFO:colcon.colcon_core.shell:Creating prefix chain script '/home/sonvu/ur_ws/install/setup.ps1'
[13.555s] INFO:colcon.colcon_core.shell:Creating prefix script '/home/sonvu/ur_ws/install/local_setup.sh'
[13.556s] INFO:colcon.colcon_core.shell:Creating prefix util module '/home/sonvu/ur_ws/install/_local_setup_util_sh.py'
[13.557s] INFO:colcon.colcon_core.shell:Creating prefix chain script '/home/sonvu/ur_ws/install/setup.sh'
[13.559s] INFO:colcon.colcon_core.shell:Creating prefix script '/home/sonvu/ur_ws/install/local_setup.bash'
[13.559s] INFO:colcon.colcon_core.shell:Creating prefix chain script '/home/sonvu/ur_ws/install/setup.bash'
[13.562s] INFO:colcon.colcon_core.shell:Creating prefix script '/home/sonvu/ur_ws/install/local_setup.zsh'
[13.563s] INFO:colcon.colcon_core.shell:Creating prefix chain script '/home/sonvu/ur_ws/install/setup.zsh'
